<?xml version="1.0" encoding="UTF-8"?>
<testsuites name="jest tests" tests="558" failures="34" errors="0" time="4.931">
  <testsuite name="DispatchSelectionModal" errors="0" failures="0" skipped="0" timestamp="2025-07-16T04:47:01" time="2.098" tests="7">
    <testcase classname="DispatchSelectionModal should render when visible" name="DispatchSelectionModal should render when visible" time="0.279">
    </testcase>
    <testcase classname="DispatchSelectionModal should not render when not visible" name="DispatchSelectionModal should not render when not visible" time="0.002">
    </testcase>
    <testcase classname="DispatchSelectionModal should call toggleEveryone when everyone option is pressed" name="DispatchSelectionModal should call toggleEveryone when everyone option is pressed" time="0.01">
    </testcase>
    <testcase classname="DispatchSelectionModal should call toggleUser when user is pressed" name="DispatchSelectionModal should call toggleUser when user is pressed" time="0.009">
    </testcase>
    <testcase classname="DispatchSelectionModal should call setSearchQuery when search input changes" name="DispatchSelectionModal should call setSearchQuery when search input changes" time="0.011">
    </testcase>
    <testcase classname="DispatchSelectionModal should call clearSelection and onClose when cancel button is pressed" name="DispatchSelectionModal should call clearSelection and onClose when cancel button is pressed" time="0.037">
    </testcase>
    <testcase classname="DispatchSelectionModal should show selection count" name="DispatchSelectionModal should show selection count" time="0.012">
    </testcase>
  </testsuite>
  <testsuite name="SidebarCallCard" errors="0" failures="0" skipped="0" timestamp="2025-07-16T04:47:01" time="2.32" tests="17">
    <testcase classname="SidebarCallCard Basic Rendering should render with no active call" name="SidebarCallCard Basic Rendering should render with no active call" time="0.127">
    </testcase>
    <testcase classname="SidebarCallCard Basic Rendering should render with active call" name="SidebarCallCard Basic Rendering should render with active call" time="0.01">
    </testcase>
    <testcase classname="SidebarCallCard Basic Rendering should show action buttons when active call exists with coordinates" name="SidebarCallCard Basic Rendering should show action buttons when active call exists with coordinates" time="0.007">
    </testcase>
    <testcase classname="SidebarCallCard Basic Rendering should show map button when active call has address only" name="SidebarCallCard Basic Rendering should show map button when active call has address only" time="0.003">
    </testcase>
    <testcase classname="SidebarCallCard Basic Rendering should not show map button when active call has no location data" name="SidebarCallCard Basic Rendering should not show map button when active call has no location data" time="0.005">
    </testcase>
    <testcase classname="SidebarCallCard Basic Rendering should not show map button when active call has empty address" name="SidebarCallCard Basic Rendering should not show map button when active call has empty address" time="0.007">
    </testcase>
    <testcase classname="SidebarCallCard Bottom Sheet Behavior should open bottom sheet when trigger is pressed" name="SidebarCallCard Bottom Sheet Behavior should open bottom sheet when trigger is pressed" time="0.01">
    </testcase>
    <testcase classname="SidebarCallCard Bottom Sheet Behavior should show loading state in bottom sheet" name="SidebarCallCard Bottom Sheet Behavior should show loading state in bottom sheet" time="0.005">
    </testcase>
    <testcase classname="SidebarCallCard Bottom Sheet Behavior should display calls list in bottom sheet" name="SidebarCallCard Bottom Sheet Behavior should display calls list in bottom sheet" time="0.003">
    </testcase>
    <testcase classname="SidebarCallCard Bottom Sheet Behavior should show no calls message when list is empty" name="SidebarCallCard Bottom Sheet Behavior should show no calls message when list is empty" time="0.003">
    </testcase>
    <testcase classname="SidebarCallCard Action Buttons should navigate to call detail when eye button is pressed" name="SidebarCallCard Action Buttons should navigate to call detail when eye button is pressed" time="0.006">
    </testcase>
    <testcase classname="SidebarCallCard Action Buttons should show deselect confirmation when deselect button is pressed" name="SidebarCallCard Action Buttons should show deselect confirmation when deselect button is pressed" time="0.005">
    </testcase>
    <testcase classname="SidebarCallCard Action Buttons should open maps with coordinates when map pin button is pressed with valid coordinates" name="SidebarCallCard Action Buttons should open maps with coordinates when map pin button is pressed with valid coordinates" time="0.002">
    </testcase>
    <testcase classname="SidebarCallCard Action Buttons should open maps with address when map pin button is pressed with address only" name="SidebarCallCard Action Buttons should open maps with address when map pin button is pressed with address only" time="0.005">
    </testcase>
    <testcase classname="SidebarCallCard Action Buttons should show error alert when openMapsWithDirections fails" name="SidebarCallCard Action Buttons should show error alert when openMapsWithDirections fails" time="0.004">
    </testcase>
    <testcase classname="SidebarCallCard Action Buttons should show error alert when openMapsWithAddress fails" name="SidebarCallCard Action Buttons should show error alert when openMapsWithAddress fails" time="0.005">
    </testcase>
    <testcase classname="SidebarCallCard Accessibility should have proper testIDs for automation" name="SidebarCallCard Accessibility should have proper testIDs for automation" time="0.001">
    </testcase>
  </testsuite>
  <testsuite name="ProtocolDetailsSheet" errors="0" failures="0" skipped="0" timestamp="2025-07-16T04:47:01" time="2.339" tests="20">
    <testcase classname="ProtocolDetailsSheet Sheet Visibility should render when isDetailsOpen is true and selectedProtocol exists" name="ProtocolDetailsSheet Sheet Visibility should render when isDetailsOpen is true and selectedProtocol exists" time="0.415">
    </testcase>
    <testcase classname="ProtocolDetailsSheet Protocol Information Display should display protocol name in header" name="ProtocolDetailsSheet Protocol Information Display should display protocol name in header" time="0.008">
    </testcase>
    <testcase classname="ProtocolDetailsSheet Protocol Information Display should display protocol code when available" name="ProtocolDetailsSheet Protocol Information Display should display protocol code when available" time="0.01">
    </testcase>
    <testcase classname="ProtocolDetailsSheet Protocol Information Display should display protocol description when available" name="ProtocolDetailsSheet Protocol Information Display should display protocol description when available" time="0.007">
    </testcase>
    <testcase classname="ProtocolDetailsSheet Protocol Information Display should display formatted date" name="ProtocolDetailsSheet Protocol Information Display should display formatted date" time="0.007">
    </testcase>
    <testcase classname="ProtocolDetailsSheet Protocol Information Display should display protocol content in WebView" name="ProtocolDetailsSheet Protocol Information Display should display protocol content in WebView" time="0.012">
    </testcase>
    <testcase classname="ProtocolDetailsSheet Protocol without Optional Fields should not display code section when code is empty" name="ProtocolDetailsSheet Protocol without Optional Fields should not display code section when code is empty" time="0.006">
    </testcase>
    <testcase classname="ProtocolDetailsSheet Protocol without Optional Fields should not display description section when description is empty" name="ProtocolDetailsSheet Protocol without Optional Fields should not display description section when description is empty" time="0.008">
    </testcase>
    <testcase classname="ProtocolDetailsSheet Protocol without Optional Fields should still display WebView with protocol content" name="ProtocolDetailsSheet Protocol without Optional Fields should still display WebView with protocol content" time="0.002">
    </testcase>
    <testcase classname="ProtocolDetailsSheet Close Functionality should have close button in header" name="ProtocolDetailsSheet Close Functionality should have close button in header" time="0.006">
    </testcase>
    <testcase classname="ProtocolDetailsSheet Close Functionality should call closeDetails when close button is pressed" name="ProtocolDetailsSheet Close Functionality should call closeDetails when close button is pressed" time="0.006">
    </testcase>
    <testcase classname="ProtocolDetailsSheet WebView Content should render WebView with proper HTML structure" name="ProtocolDetailsSheet WebView Content should render WebView with proper HTML structure" time="0.01">
    </testcase>
    <testcase classname="ProtocolDetailsSheet WebView Content should include proper CSS styles for light theme" name="ProtocolDetailsSheet WebView Content should include proper CSS styles for light theme" time="0.005">
    </testcase>
    <testcase classname="ProtocolDetailsSheet WebView Content should include responsive CSS" name="ProtocolDetailsSheet WebView Content should include responsive CSS" time="0.006">
    </testcase>
    <testcase classname="ProtocolDetailsSheet Dark Theme Support should handle dark theme rendering" name="ProtocolDetailsSheet Dark Theme Support should handle dark theme rendering" time="0.006">
    </testcase>
    <testcase classname="ProtocolDetailsSheet Date Display Logic should prefer UpdatedOn over CreatedOn when both are available" name="ProtocolDetailsSheet Date Display Logic should prefer UpdatedOn over CreatedOn when both are available" time="0.004">
    </testcase>
    <testcase classname="ProtocolDetailsSheet Date Display Logic should fall back to CreatedOn when UpdatedOn is empty" name="ProtocolDetailsSheet Date Display Logic should fall back to CreatedOn when UpdatedOn is empty" time="0.007">
    </testcase>
    <testcase classname="ProtocolDetailsSheet HTML Content Handling should strip HTML tags from description but keep them in WebView" name="ProtocolDetailsSheet HTML Content Handling should strip HTML tags from description but keep them in WebView" time="0.004">
    </testcase>
    <testcase classname="ProtocolDetailsSheet Accessibility should be accessible for screen readers" name="ProtocolDetailsSheet Accessibility should be accessible for screen readers" time="0.007">
    </testcase>
    <testcase classname="ProtocolDetailsSheet Accessibility should support keyboard navigation" name="ProtocolDetailsSheet Accessibility should support keyboard navigation" time="0.008">
    </testcase>
  </testsuite>
  <testsuite name="Protocols Page" errors="0" failures="16" skipped="0" timestamp="2025-07-16T04:47:01" time="2.427" tests="16">
    <testcase classname="Protocols Page should render loading state during initial fetch" name="Protocols Page should render loading state during initial fetch" time="0.335">
      <failure>Error: Couldn&apos;t find a navigation object. Is your component inside NavigationContainer?
    at useNavigation (/Users/shawn/dev/Resgrid/Unit/node_modules/@react-navigation/core/src/useNavigation.tsx:22:11)
    at useIsFocused (/Users/shawn/dev/Resgrid/Unit/node_modules/@react-navigation/core/src/useIsFocused.tsx:10:35)
    at FocusAwareStatusBar (/Users/shawn/dev/Resgrid/Unit/src/components/ui/focus-aware-status-bar.tsx:9:33)
    at renderWithHooks (/Users/shawn/dev/Resgrid/Unit/node_modules/react-test-renderer/cjs/react-test-renderer.development.js:5608:18)
    at mountIndeterminateComponent (/Users/shawn/dev/Resgrid/Unit/node_modules/react-test-renderer/cjs/react-test-renderer.development.js:9884:13)
    at beginWork (/Users/shawn/dev/Resgrid/Unit/node_modules/react-test-renderer/cjs/react-test-renderer.development.js:11351:16)
    at performUnitOfWork (/Users/shawn/dev/Resgrid/Unit/node_modules/react-test-renderer/cjs/react-test-renderer.development.js:15847:12)
    at workLoopSync (/Users/shawn/dev/Resgrid/Unit/node_modules/react-test-renderer/cjs/react-test-renderer.development.js:15784:5)
    at renderRootSync (/Users/shawn/dev/Resgrid/Unit/node_modules/react-test-renderer/cjs/react-test-renderer.development.js:15756:7)
    at performSyncWorkOnRoot (/Users/shawn/dev/Resgrid/Unit/node_modules/react-test-renderer/cjs/react-test-renderer.development.js:15461:20)
    at flushSyncCallbacks (/Users/shawn/dev/Resgrid/Unit/node_modules/react-test-renderer/cjs/react-test-renderer.development.js:2597:22)
    at flushActQueue (/Users/shawn/dev/Resgrid/Unit/node_modules/react/cjs/react.development.js:2667:24)
    at act (/Users/shawn/dev/Resgrid/Unit/node_modules/react/cjs/react.development.js:2521:11)
    at actImplementation (/Users/shawn/dev/Resgrid/Unit/node_modules/@testing-library/react-native/src/act.ts:30:25)
    at renderWithAct (/Users/shawn/dev/Resgrid/Unit/node_modules/@testing-library/react-native/src/render-act.ts:12:11)
    at renderInternal (/Users/shawn/dev/Resgrid/Unit/node_modules/@testing-library/react-native/src/render.tsx:81:33)
    at renderInternal (/Users/shawn/dev/Resgrid/Unit/node_modules/@testing-library/react-native/src/render.tsx:44:10)
    at Object.&lt;anonymous&gt; (/Users/shawn/dev/Resgrid/Unit/src/app/(app)/__tests__/protocols.test.tsx:159:11)
    at Promise.then.completed (/Users/shawn/dev/Resgrid/Unit/node_modules/jest-circus/build/utils.js:298:28)
    at new Promise (&lt;anonymous&gt;)
    at callAsyncCircusFn (/Users/shawn/dev/Resgrid/Unit/node_modules/jest-circus/build/utils.js:231:10)
    at _callCircusTest (/Users/shawn/dev/Resgrid/Unit/node_modules/jest-circus/build/run.js:316:40)
    at processTicksAndRejections (node:internal/process/task_queues:105:5)
    at _runTest (/Users/shawn/dev/Resgrid/Unit/node_modules/jest-circus/build/run.js:252:3)
    at _runTestsForDescribeBlock (/Users/shawn/dev/Resgrid/Unit/node_modules/jest-circus/build/run.js:126:9)
    at _runTestsForDescribeBlock (/Users/shawn/dev/Resgrid/Unit/node_modules/jest-circus/build/run.js:121:9)
    at run (/Users/shawn/dev/Resgrid/Unit/node_modules/jest-circus/build/run.js:71:3)
    at runAndTransformResultsToJestFormat (/Users/shawn/dev/Resgrid/Unit/node_modules/jest-circus/build/legacy-code-todo-rewrite/jestAdapterInit.js:122:21)
    at jestAdapter (/Users/shawn/dev/Resgrid/Unit/node_modules/jest-circus/build/legacy-code-todo-rewrite/jestAdapter.js:79:19)
    at runTestInternal (/Users/shawn/dev/Resgrid/Unit/node_modules/jest-runner/build/runTest.js:367:16)
    at runTest (/Users/shawn/dev/Resgrid/Unit/node_modules/jest-runner/build/runTest.js:444:34)
    at Object.worker (/Users/shawn/dev/Resgrid/Unit/node_modules/jest-runner/build/testWorker.js:106:12)</failure>
    </testcase>
    <testcase classname="Protocols Page should render protocols list when data is loaded" name="Protocols Page should render protocols list when data is loaded" time="0.029">
      <failure>Error: Couldn&apos;t find a navigation object. Is your component inside NavigationContainer?
    at useNavigation (/Users/shawn/dev/Resgrid/Unit/node_modules/@react-navigation/core/src/useNavigation.tsx:22:11)
    at useIsFocused (/Users/shawn/dev/Resgrid/Unit/node_modules/@react-navigation/core/src/useIsFocused.tsx:10:35)
    at FocusAwareStatusBar (/Users/shawn/dev/Resgrid/Unit/src/components/ui/focus-aware-status-bar.tsx:9:33)
    at renderWithHooks (/Users/shawn/dev/Resgrid/Unit/node_modules/react-test-renderer/cjs/react-test-renderer.development.js:5608:18)
    at mountIndeterminateComponent (/Users/shawn/dev/Resgrid/Unit/node_modules/react-test-renderer/cjs/react-test-renderer.development.js:9884:13)
    at beginWork (/Users/shawn/dev/Resgrid/Unit/node_modules/react-test-renderer/cjs/react-test-renderer.development.js:11351:16)
    at performUnitOfWork (/Users/shawn/dev/Resgrid/Unit/node_modules/react-test-renderer/cjs/react-test-renderer.development.js:15847:12)
    at workLoopSync (/Users/shawn/dev/Resgrid/Unit/node_modules/react-test-renderer/cjs/react-test-renderer.development.js:15784:5)
    at renderRootSync (/Users/shawn/dev/Resgrid/Unit/node_modules/react-test-renderer/cjs/react-test-renderer.development.js:15756:7)
    at performSyncWorkOnRoot (/Users/shawn/dev/Resgrid/Unit/node_modules/react-test-renderer/cjs/react-test-renderer.development.js:15461:20)
    at flushSyncCallbacks (/Users/shawn/dev/Resgrid/Unit/node_modules/react-test-renderer/cjs/react-test-renderer.development.js:2597:22)
    at flushActQueue (/Users/shawn/dev/Resgrid/Unit/node_modules/react/cjs/react.development.js:2667:24)
    at act (/Users/shawn/dev/Resgrid/Unit/node_modules/react/cjs/react.development.js:2521:11)
    at actImplementation (/Users/shawn/dev/Resgrid/Unit/node_modules/@testing-library/react-native/src/act.ts:30:25)
    at renderWithAct (/Users/shawn/dev/Resgrid/Unit/node_modules/@testing-library/react-native/src/render-act.ts:12:11)
    at renderInternal (/Users/shawn/dev/Resgrid/Unit/node_modules/@testing-library/react-native/src/render.tsx:81:33)
    at renderInternal (/Users/shawn/dev/Resgrid/Unit/node_modules/@testing-library/react-native/src/render.tsx:44:10)
    at Object.&lt;anonymous&gt; (/Users/shawn/dev/Resgrid/Unit/src/app/(app)/__tests__/protocols.test.tsx:170:11)
    at Generator.next (&lt;anonymous&gt;)
    at asyncGeneratorStep (/Users/shawn/dev/Resgrid/Unit/node_modules/@babel/runtime/helpers/asyncToGenerator.js:3:17)
    at _next (/Users/shawn/dev/Resgrid/Unit/node_modules/@babel/runtime/helpers/asyncToGenerator.js:17:9)
    at /Users/shawn/dev/Resgrid/Unit/node_modules/@babel/runtime/helpers/asyncToGenerator.js:22:7
    at new Promise (&lt;anonymous&gt;)
    at Object.&lt;anonymous&gt; (/Users/shawn/dev/Resgrid/Unit/node_modules/@babel/runtime/helpers/asyncToGenerator.js:14:12)
    at Promise.then.completed (/Users/shawn/dev/Resgrid/Unit/node_modules/jest-circus/build/utils.js:298:28)
    at new Promise (&lt;anonymous&gt;)
    at callAsyncCircusFn (/Users/shawn/dev/Resgrid/Unit/node_modules/jest-circus/build/utils.js:231:10)
    at _callCircusTest (/Users/shawn/dev/Resgrid/Unit/node_modules/jest-circus/build/run.js:316:40)
    at _runTest (/Users/shawn/dev/Resgrid/Unit/node_modules/jest-circus/build/run.js:252:3)
    at _runTestsForDescribeBlock (/Users/shawn/dev/Resgrid/Unit/node_modules/jest-circus/build/run.js:126:9)
    at _runTestsForDescribeBlock (/Users/shawn/dev/Resgrid/Unit/node_modules/jest-circus/build/run.js:121:9)
    at run (/Users/shawn/dev/Resgrid/Unit/node_modules/jest-circus/build/run.js:71:3)
    at runAndTransformResultsToJestFormat (/Users/shawn/dev/Resgrid/Unit/node_modules/jest-circus/build/legacy-code-todo-rewrite/jestAdapterInit.js:122:21)
    at jestAdapter (/Users/shawn/dev/Resgrid/Unit/node_modules/jest-circus/build/legacy-code-todo-rewrite/jestAdapter.js:79:19)
    at runTestInternal (/Users/shawn/dev/Resgrid/Unit/node_modules/jest-runner/build/runTest.js:367:16)
    at runTest (/Users/shawn/dev/Resgrid/Unit/node_modules/jest-runner/build/runTest.js:444:34)
    at Object.worker (/Users/shawn/dev/Resgrid/Unit/node_modules/jest-runner/build/testWorker.js:106:12)</failure>
    </testcase>
    <testcase classname="Protocols Page should handle protocols with empty IDs using keyExtractor fallback" name="Protocols Page should handle protocols with empty IDs using keyExtractor fallback" time="0.002">
      <failure>Error: Couldn&apos;t find a navigation object. Is your component inside NavigationContainer?
    at useNavigation (/Users/shawn/dev/Resgrid/Unit/node_modules/@react-navigation/core/src/useNavigation.tsx:22:11)
    at useIsFocused (/Users/shawn/dev/Resgrid/Unit/node_modules/@react-navigation/core/src/useIsFocused.tsx:10:35)
    at FocusAwareStatusBar (/Users/shawn/dev/Resgrid/Unit/src/components/ui/focus-aware-status-bar.tsx:9:33)
    at renderWithHooks (/Users/shawn/dev/Resgrid/Unit/node_modules/react-test-renderer/cjs/react-test-renderer.development.js:5608:18)
    at mountIndeterminateComponent (/Users/shawn/dev/Resgrid/Unit/node_modules/react-test-renderer/cjs/react-test-renderer.development.js:9884:13)
    at beginWork (/Users/shawn/dev/Resgrid/Unit/node_modules/react-test-renderer/cjs/react-test-renderer.development.js:11351:16)
    at performUnitOfWork (/Users/shawn/dev/Resgrid/Unit/node_modules/react-test-renderer/cjs/react-test-renderer.development.js:15847:12)
    at workLoopSync (/Users/shawn/dev/Resgrid/Unit/node_modules/react-test-renderer/cjs/react-test-renderer.development.js:15784:5)
    at renderRootSync (/Users/shawn/dev/Resgrid/Unit/node_modules/react-test-renderer/cjs/react-test-renderer.development.js:15756:7)
    at performSyncWorkOnRoot (/Users/shawn/dev/Resgrid/Unit/node_modules/react-test-renderer/cjs/react-test-renderer.development.js:15461:20)
    at flushSyncCallbacks (/Users/shawn/dev/Resgrid/Unit/node_modules/react-test-renderer/cjs/react-test-renderer.development.js:2597:22)
    at flushActQueue (/Users/shawn/dev/Resgrid/Unit/node_modules/react/cjs/react.development.js:2667:24)
    at act (/Users/shawn/dev/Resgrid/Unit/node_modules/react/cjs/react.development.js:2521:11)
    at actImplementation (/Users/shawn/dev/Resgrid/Unit/node_modules/@testing-library/react-native/src/act.ts:30:25)
    at renderWithAct (/Users/shawn/dev/Resgrid/Unit/node_modules/@testing-library/react-native/src/render-act.ts:12:11)
    at renderInternal (/Users/shawn/dev/Resgrid/Unit/node_modules/@testing-library/react-native/src/render.tsx:81:33)
    at renderInternal (/Users/shawn/dev/Resgrid/Unit/node_modules/@testing-library/react-native/src/render.tsx:44:10)
    at Object.&lt;anonymous&gt; (/Users/shawn/dev/Resgrid/Unit/src/app/(app)/__tests__/protocols.test.tsx:187:11)
    at Generator.next (&lt;anonymous&gt;)
    at asyncGeneratorStep (/Users/shawn/dev/Resgrid/Unit/node_modules/@babel/runtime/helpers/asyncToGenerator.js:3:17)
    at _next (/Users/shawn/dev/Resgrid/Unit/node_modules/@babel/runtime/helpers/asyncToGenerator.js:17:9)
    at /Users/shawn/dev/Resgrid/Unit/node_modules/@babel/runtime/helpers/asyncToGenerator.js:22:7
    at new Promise (&lt;anonymous&gt;)
    at Object.&lt;anonymous&gt; (/Users/shawn/dev/Resgrid/Unit/node_modules/@babel/runtime/helpers/asyncToGenerator.js:14:12)
    at Promise.then.completed (/Users/shawn/dev/Resgrid/Unit/node_modules/jest-circus/build/utils.js:298:28)
    at new Promise (&lt;anonymous&gt;)
    at callAsyncCircusFn (/Users/shawn/dev/Resgrid/Unit/node_modules/jest-circus/build/utils.js:231:10)
    at _callCircusTest (/Users/shawn/dev/Resgrid/Unit/node_modules/jest-circus/build/run.js:316:40)
    at _runTest (/Users/shawn/dev/Resgrid/Unit/node_modules/jest-circus/build/run.js:252:3)
    at _runTestsForDescribeBlock (/Users/shawn/dev/Resgrid/Unit/node_modules/jest-circus/build/run.js:126:9)
    at _runTestsForDescribeBlock (/Users/shawn/dev/Resgrid/Unit/node_modules/jest-circus/build/run.js:121:9)
    at run (/Users/shawn/dev/Resgrid/Unit/node_modules/jest-circus/build/run.js:71:3)
    at runAndTransformResultsToJestFormat (/Users/shawn/dev/Resgrid/Unit/node_modules/jest-circus/build/legacy-code-todo-rewrite/jestAdapterInit.js:122:21)
    at jestAdapter (/Users/shawn/dev/Resgrid/Unit/node_modules/jest-circus/build/legacy-code-todo-rewrite/jestAdapter.js:79:19)
    at runTestInternal (/Users/shawn/dev/Resgrid/Unit/node_modules/jest-runner/build/runTest.js:367:16)
    at runTest (/Users/shawn/dev/Resgrid/Unit/node_modules/jest-runner/build/runTest.js:444:34)
    at Object.worker (/Users/shawn/dev/Resgrid/Unit/node_modules/jest-runner/build/testWorker.js:106:12)</failure>
    </testcase>
    <testcase classname="Protocols Page should render zero state when no protocols are available" name="Protocols Page should render zero state when no protocols are available" time="0.002">
      <failure>Error: Couldn&apos;t find a navigation object. Is your component inside NavigationContainer?
    at useNavigation (/Users/shawn/dev/Resgrid/Unit/node_modules/@react-navigation/core/src/useNavigation.tsx:22:11)
    at useIsFocused (/Users/shawn/dev/Resgrid/Unit/node_modules/@react-navigation/core/src/useIsFocused.tsx:10:35)
    at FocusAwareStatusBar (/Users/shawn/dev/Resgrid/Unit/src/components/ui/focus-aware-status-bar.tsx:9:33)
    at renderWithHooks (/Users/shawn/dev/Resgrid/Unit/node_modules/react-test-renderer/cjs/react-test-renderer.development.js:5608:18)
    at mountIndeterminateComponent (/Users/shawn/dev/Resgrid/Unit/node_modules/react-test-renderer/cjs/react-test-renderer.development.js:9884:13)
    at beginWork (/Users/shawn/dev/Resgrid/Unit/node_modules/react-test-renderer/cjs/react-test-renderer.development.js:11351:16)
    at performUnitOfWork (/Users/shawn/dev/Resgrid/Unit/node_modules/react-test-renderer/cjs/react-test-renderer.development.js:15847:12)
    at workLoopSync (/Users/shawn/dev/Resgrid/Unit/node_modules/react-test-renderer/cjs/react-test-renderer.development.js:15784:5)
    at renderRootSync (/Users/shawn/dev/Resgrid/Unit/node_modules/react-test-renderer/cjs/react-test-renderer.development.js:15756:7)
    at performSyncWorkOnRoot (/Users/shawn/dev/Resgrid/Unit/node_modules/react-test-renderer/cjs/react-test-renderer.development.js:15461:20)
    at flushSyncCallbacks (/Users/shawn/dev/Resgrid/Unit/node_modules/react-test-renderer/cjs/react-test-renderer.development.js:2597:22)
    at flushActQueue (/Users/shawn/dev/Resgrid/Unit/node_modules/react/cjs/react.development.js:2667:24)
    at act (/Users/shawn/dev/Resgrid/Unit/node_modules/react/cjs/react.development.js:2521:11)
    at actImplementation (/Users/shawn/dev/Resgrid/Unit/node_modules/@testing-library/react-native/src/act.ts:30:25)
    at renderWithAct (/Users/shawn/dev/Resgrid/Unit/node_modules/@testing-library/react-native/src/render-act.ts:12:11)
    at renderInternal (/Users/shawn/dev/Resgrid/Unit/node_modules/@testing-library/react-native/src/render.tsx:81:33)
    at renderInternal (/Users/shawn/dev/Resgrid/Unit/node_modules/@testing-library/react-native/src/render.tsx:44:10)
    at Object.&lt;anonymous&gt; (/Users/shawn/dev/Resgrid/Unit/src/app/(app)/__tests__/protocols.test.tsx:201:11)
    at Promise.then.completed (/Users/shawn/dev/Resgrid/Unit/node_modules/jest-circus/build/utils.js:298:28)
    at new Promise (&lt;anonymous&gt;)
    at callAsyncCircusFn (/Users/shawn/dev/Resgrid/Unit/node_modules/jest-circus/build/utils.js:231:10)
    at _callCircusTest (/Users/shawn/dev/Resgrid/Unit/node_modules/jest-circus/build/run.js:316:40)
    at _runTest (/Users/shawn/dev/Resgrid/Unit/node_modules/jest-circus/build/run.js:252:3)
    at _runTestsForDescribeBlock (/Users/shawn/dev/Resgrid/Unit/node_modules/jest-circus/build/run.js:126:9)
    at _runTestsForDescribeBlock (/Users/shawn/dev/Resgrid/Unit/node_modules/jest-circus/build/run.js:121:9)
    at run (/Users/shawn/dev/Resgrid/Unit/node_modules/jest-circus/build/run.js:71:3)
    at runAndTransformResultsToJestFormat (/Users/shawn/dev/Resgrid/Unit/node_modules/jest-circus/build/legacy-code-todo-rewrite/jestAdapterInit.js:122:21)
    at jestAdapter (/Users/shawn/dev/Resgrid/Unit/node_modules/jest-circus/build/legacy-code-todo-rewrite/jestAdapter.js:79:19)
    at runTestInternal (/Users/shawn/dev/Resgrid/Unit/node_modules/jest-runner/build/runTest.js:367:16)
    at runTest (/Users/shawn/dev/Resgrid/Unit/node_modules/jest-runner/build/runTest.js:444:34)
    at Object.worker (/Users/shawn/dev/Resgrid/Unit/node_modules/jest-runner/build/testWorker.js:106:12)</failure>
    </testcase>
    <testcase classname="Protocols Page should filter protocols based on search query by name" name="Protocols Page should filter protocols based on search query by name" time="0.004">
      <failure>Error: Couldn&apos;t find a navigation object. Is your component inside NavigationContainer?
    at useNavigation (/Users/shawn/dev/Resgrid/Unit/node_modules/@react-navigation/core/src/useNavigation.tsx:22:11)
    at useIsFocused (/Users/shawn/dev/Resgrid/Unit/node_modules/@react-navigation/core/src/useIsFocused.tsx:10:35)
    at FocusAwareStatusBar (/Users/shawn/dev/Resgrid/Unit/src/components/ui/focus-aware-status-bar.tsx:9:33)
    at renderWithHooks (/Users/shawn/dev/Resgrid/Unit/node_modules/react-test-renderer/cjs/react-test-renderer.development.js:5608:18)
    at mountIndeterminateComponent (/Users/shawn/dev/Resgrid/Unit/node_modules/react-test-renderer/cjs/react-test-renderer.development.js:9884:13)
    at beginWork (/Users/shawn/dev/Resgrid/Unit/node_modules/react-test-renderer/cjs/react-test-renderer.development.js:11351:16)
    at performUnitOfWork (/Users/shawn/dev/Resgrid/Unit/node_modules/react-test-renderer/cjs/react-test-renderer.development.js:15847:12)
    at workLoopSync (/Users/shawn/dev/Resgrid/Unit/node_modules/react-test-renderer/cjs/react-test-renderer.development.js:15784:5)
    at renderRootSync (/Users/shawn/dev/Resgrid/Unit/node_modules/react-test-renderer/cjs/react-test-renderer.development.js:15756:7)
    at performSyncWorkOnRoot (/Users/shawn/dev/Resgrid/Unit/node_modules/react-test-renderer/cjs/react-test-renderer.development.js:15461:20)
    at flushSyncCallbacks (/Users/shawn/dev/Resgrid/Unit/node_modules/react-test-renderer/cjs/react-test-renderer.development.js:2597:22)
    at flushActQueue (/Users/shawn/dev/Resgrid/Unit/node_modules/react/cjs/react.development.js:2667:24)
    at act (/Users/shawn/dev/Resgrid/Unit/node_modules/react/cjs/react.development.js:2521:11)
    at actImplementation (/Users/shawn/dev/Resgrid/Unit/node_modules/@testing-library/react-native/src/act.ts:30:25)
    at renderWithAct (/Users/shawn/dev/Resgrid/Unit/node_modules/@testing-library/react-native/src/render-act.ts:12:11)
    at renderInternal (/Users/shawn/dev/Resgrid/Unit/node_modules/@testing-library/react-native/src/render.tsx:81:33)
    at renderInternal (/Users/shawn/dev/Resgrid/Unit/node_modules/@testing-library/react-native/src/render.tsx:44:10)
    at Object.&lt;anonymous&gt; (/Users/shawn/dev/Resgrid/Unit/src/app/(app)/__tests__/protocols.test.tsx:213:11)
    at Generator.next (&lt;anonymous&gt;)
    at asyncGeneratorStep (/Users/shawn/dev/Resgrid/Unit/node_modules/@babel/runtime/helpers/asyncToGenerator.js:3:17)
    at _next (/Users/shawn/dev/Resgrid/Unit/node_modules/@babel/runtime/helpers/asyncToGenerator.js:17:9)
    at /Users/shawn/dev/Resgrid/Unit/node_modules/@babel/runtime/helpers/asyncToGenerator.js:22:7
    at new Promise (&lt;anonymous&gt;)
    at Object.&lt;anonymous&gt; (/Users/shawn/dev/Resgrid/Unit/node_modules/@babel/runtime/helpers/asyncToGenerator.js:14:12)
    at Promise.then.completed (/Users/shawn/dev/Resgrid/Unit/node_modules/jest-circus/build/utils.js:298:28)
    at new Promise (&lt;anonymous&gt;)
    at callAsyncCircusFn (/Users/shawn/dev/Resgrid/Unit/node_modules/jest-circus/build/utils.js:231:10)
    at _callCircusTest (/Users/shawn/dev/Resgrid/Unit/node_modules/jest-circus/build/run.js:316:40)
    at _runTest (/Users/shawn/dev/Resgrid/Unit/node_modules/jest-circus/build/run.js:252:3)
    at _runTestsForDescribeBlock (/Users/shawn/dev/Resgrid/Unit/node_modules/jest-circus/build/run.js:126:9)
    at _runTestsForDescribeBlock (/Users/shawn/dev/Resgrid/Unit/node_modules/jest-circus/build/run.js:121:9)
    at run (/Users/shawn/dev/Resgrid/Unit/node_modules/jest-circus/build/run.js:71:3)
    at runAndTransformResultsToJestFormat (/Users/shawn/dev/Resgrid/Unit/node_modules/jest-circus/build/legacy-code-todo-rewrite/jestAdapterInit.js:122:21)
    at jestAdapter (/Users/shawn/dev/Resgrid/Unit/node_modules/jest-circus/build/legacy-code-todo-rewrite/jestAdapter.js:79:19)
    at runTestInternal (/Users/shawn/dev/Resgrid/Unit/node_modules/jest-runner/build/runTest.js:367:16)
    at runTest (/Users/shawn/dev/Resgrid/Unit/node_modules/jest-runner/build/runTest.js:444:34)
    at Object.worker (/Users/shawn/dev/Resgrid/Unit/node_modules/jest-runner/build/testWorker.js:106:12)</failure>
    </testcase>
    <testcase classname="Protocols Page should filter protocols based on search query by code" name="Protocols Page should filter protocols based on search query by code" time="0.007">
      <failure>Error: Couldn&apos;t find a navigation object. Is your component inside NavigationContainer?
    at useNavigation (/Users/shawn/dev/Resgrid/Unit/node_modules/@react-navigation/core/src/useNavigation.tsx:22:11)
    at useIsFocused (/Users/shawn/dev/Resgrid/Unit/node_modules/@react-navigation/core/src/useIsFocused.tsx:10:35)
    at FocusAwareStatusBar (/Users/shawn/dev/Resgrid/Unit/src/components/ui/focus-aware-status-bar.tsx:9:33)
    at renderWithHooks (/Users/shawn/dev/Resgrid/Unit/node_modules/react-test-renderer/cjs/react-test-renderer.development.js:5608:18)
    at mountIndeterminateComponent (/Users/shawn/dev/Resgrid/Unit/node_modules/react-test-renderer/cjs/react-test-renderer.development.js:9884:13)
    at beginWork (/Users/shawn/dev/Resgrid/Unit/node_modules/react-test-renderer/cjs/react-test-renderer.development.js:11351:16)
    at performUnitOfWork (/Users/shawn/dev/Resgrid/Unit/node_modules/react-test-renderer/cjs/react-test-renderer.development.js:15847:12)
    at workLoopSync (/Users/shawn/dev/Resgrid/Unit/node_modules/react-test-renderer/cjs/react-test-renderer.development.js:15784:5)
    at renderRootSync (/Users/shawn/dev/Resgrid/Unit/node_modules/react-test-renderer/cjs/react-test-renderer.development.js:15756:7)
    at performSyncWorkOnRoot (/Users/shawn/dev/Resgrid/Unit/node_modules/react-test-renderer/cjs/react-test-renderer.development.js:15461:20)
    at flushSyncCallbacks (/Users/shawn/dev/Resgrid/Unit/node_modules/react-test-renderer/cjs/react-test-renderer.development.js:2597:22)
    at flushActQueue (/Users/shawn/dev/Resgrid/Unit/node_modules/react/cjs/react.development.js:2667:24)
    at act (/Users/shawn/dev/Resgrid/Unit/node_modules/react/cjs/react.development.js:2521:11)
    at actImplementation (/Users/shawn/dev/Resgrid/Unit/node_modules/@testing-library/react-native/src/act.ts:30:25)
    at renderWithAct (/Users/shawn/dev/Resgrid/Unit/node_modules/@testing-library/react-native/src/render-act.ts:12:11)
    at renderInternal (/Users/shawn/dev/Resgrid/Unit/node_modules/@testing-library/react-native/src/render.tsx:81:33)
    at renderInternal (/Users/shawn/dev/Resgrid/Unit/node_modules/@testing-library/react-native/src/render.tsx:44:10)
    at Object.&lt;anonymous&gt; (/Users/shawn/dev/Resgrid/Unit/src/app/(app)/__tests__/protocols.test.tsx:230:11)
    at Generator.next (&lt;anonymous&gt;)
    at asyncGeneratorStep (/Users/shawn/dev/Resgrid/Unit/node_modules/@babel/runtime/helpers/asyncToGenerator.js:3:17)
    at _next (/Users/shawn/dev/Resgrid/Unit/node_modules/@babel/runtime/helpers/asyncToGenerator.js:17:9)
    at /Users/shawn/dev/Resgrid/Unit/node_modules/@babel/runtime/helpers/asyncToGenerator.js:22:7
    at new Promise (&lt;anonymous&gt;)
    at Object.&lt;anonymous&gt; (/Users/shawn/dev/Resgrid/Unit/node_modules/@babel/runtime/helpers/asyncToGenerator.js:14:12)
    at Promise.then.completed (/Users/shawn/dev/Resgrid/Unit/node_modules/jest-circus/build/utils.js:298:28)
    at new Promise (&lt;anonymous&gt;)
    at callAsyncCircusFn (/Users/shawn/dev/Resgrid/Unit/node_modules/jest-circus/build/utils.js:231:10)
    at _callCircusTest (/Users/shawn/dev/Resgrid/Unit/node_modules/jest-circus/build/run.js:316:40)
    at _runTest (/Users/shawn/dev/Resgrid/Unit/node_modules/jest-circus/build/run.js:252:3)
    at _runTestsForDescribeBlock (/Users/shawn/dev/Resgrid/Unit/node_modules/jest-circus/build/run.js:126:9)
    at _runTestsForDescribeBlock (/Users/shawn/dev/Resgrid/Unit/node_modules/jest-circus/build/run.js:121:9)
    at run (/Users/shawn/dev/Resgrid/Unit/node_modules/jest-circus/build/run.js:71:3)
    at runAndTransformResultsToJestFormat (/Users/shawn/dev/Resgrid/Unit/node_modules/jest-circus/build/legacy-code-todo-rewrite/jestAdapterInit.js:122:21)
    at jestAdapter (/Users/shawn/dev/Resgrid/Unit/node_modules/jest-circus/build/legacy-code-todo-rewrite/jestAdapter.js:79:19)
    at runTestInternal (/Users/shawn/dev/Resgrid/Unit/node_modules/jest-runner/build/runTest.js:367:16)
    at runTest (/Users/shawn/dev/Resgrid/Unit/node_modules/jest-runner/build/runTest.js:444:34)
    at Object.worker (/Users/shawn/dev/Resgrid/Unit/node_modules/jest-runner/build/testWorker.js:106:12)</failure>
    </testcase>
    <testcase classname="Protocols Page should filter protocols based on search query by description" name="Protocols Page should filter protocols based on search query by description" time="0.006">
      <failure>Error: Couldn&apos;t find a navigation object. Is your component inside NavigationContainer?
    at useNavigation (/Users/shawn/dev/Resgrid/Unit/node_modules/@react-navigation/core/src/useNavigation.tsx:22:11)
    at useIsFocused (/Users/shawn/dev/Resgrid/Unit/node_modules/@react-navigation/core/src/useIsFocused.tsx:10:35)
    at FocusAwareStatusBar (/Users/shawn/dev/Resgrid/Unit/src/components/ui/focus-aware-status-bar.tsx:9:33)
    at renderWithHooks (/Users/shawn/dev/Resgrid/Unit/node_modules/react-test-renderer/cjs/react-test-renderer.development.js:5608:18)
    at mountIndeterminateComponent (/Users/shawn/dev/Resgrid/Unit/node_modules/react-test-renderer/cjs/react-test-renderer.development.js:9884:13)
    at beginWork (/Users/shawn/dev/Resgrid/Unit/node_modules/react-test-renderer/cjs/react-test-renderer.development.js:11351:16)
    at performUnitOfWork (/Users/shawn/dev/Resgrid/Unit/node_modules/react-test-renderer/cjs/react-test-renderer.development.js:15847:12)
    at workLoopSync (/Users/shawn/dev/Resgrid/Unit/node_modules/react-test-renderer/cjs/react-test-renderer.development.js:15784:5)
    at renderRootSync (/Users/shawn/dev/Resgrid/Unit/node_modules/react-test-renderer/cjs/react-test-renderer.development.js:15756:7)
    at performSyncWorkOnRoot (/Users/shawn/dev/Resgrid/Unit/node_modules/react-test-renderer/cjs/react-test-renderer.development.js:15461:20)
    at flushSyncCallbacks (/Users/shawn/dev/Resgrid/Unit/node_modules/react-test-renderer/cjs/react-test-renderer.development.js:2597:22)
    at flushActQueue (/Users/shawn/dev/Resgrid/Unit/node_modules/react/cjs/react.development.js:2667:24)
    at act (/Users/shawn/dev/Resgrid/Unit/node_modules/react/cjs/react.development.js:2521:11)
    at actImplementation (/Users/shawn/dev/Resgrid/Unit/node_modules/@testing-library/react-native/src/act.ts:30:25)
    at renderWithAct (/Users/shawn/dev/Resgrid/Unit/node_modules/@testing-library/react-native/src/render-act.ts:12:11)
    at renderInternal (/Users/shawn/dev/Resgrid/Unit/node_modules/@testing-library/react-native/src/render.tsx:81:33)
    at renderInternal (/Users/shawn/dev/Resgrid/Unit/node_modules/@testing-library/react-native/src/render.tsx:44:10)
    at Object.&lt;anonymous&gt; (/Users/shawn/dev/Resgrid/Unit/src/app/(app)/__tests__/protocols.test.tsx:247:11)
    at Generator.next (&lt;anonymous&gt;)
    at asyncGeneratorStep (/Users/shawn/dev/Resgrid/Unit/node_modules/@babel/runtime/helpers/asyncToGenerator.js:3:17)
    at _next (/Users/shawn/dev/Resgrid/Unit/node_modules/@babel/runtime/helpers/asyncToGenerator.js:17:9)
    at /Users/shawn/dev/Resgrid/Unit/node_modules/@babel/runtime/helpers/asyncToGenerator.js:22:7
    at new Promise (&lt;anonymous&gt;)
    at Object.&lt;anonymous&gt; (/Users/shawn/dev/Resgrid/Unit/node_modules/@babel/runtime/helpers/asyncToGenerator.js:14:12)
    at Promise.then.completed (/Users/shawn/dev/Resgrid/Unit/node_modules/jest-circus/build/utils.js:298:28)
    at new Promise (&lt;anonymous&gt;)
    at callAsyncCircusFn (/Users/shawn/dev/Resgrid/Unit/node_modules/jest-circus/build/utils.js:231:10)
    at _callCircusTest (/Users/shawn/dev/Resgrid/Unit/node_modules/jest-circus/build/run.js:316:40)
    at _runTest (/Users/shawn/dev/Resgrid/Unit/node_modules/jest-circus/build/run.js:252:3)
    at _runTestsForDescribeBlock (/Users/shawn/dev/Resgrid/Unit/node_modules/jest-circus/build/run.js:126:9)
    at _runTestsForDescribeBlock (/Users/shawn/dev/Resgrid/Unit/node_modules/jest-circus/build/run.js:121:9)
    at run (/Users/shawn/dev/Resgrid/Unit/node_modules/jest-circus/build/run.js:71:3)
    at runAndTransformResultsToJestFormat (/Users/shawn/dev/Resgrid/Unit/node_modules/jest-circus/build/legacy-code-todo-rewrite/jestAdapterInit.js:122:21)
    at jestAdapter (/Users/shawn/dev/Resgrid/Unit/node_modules/jest-circus/build/legacy-code-todo-rewrite/jestAdapter.js:79:19)
    at runTestInternal (/Users/shawn/dev/Resgrid/Unit/node_modules/jest-runner/build/runTest.js:367:16)
    at runTest (/Users/shawn/dev/Resgrid/Unit/node_modules/jest-runner/build/runTest.js:444:34)
    at Object.worker (/Users/shawn/dev/Resgrid/Unit/node_modules/jest-runner/build/testWorker.js:106:12)</failure>
    </testcase>
    <testcase classname="Protocols Page should show zero state when search returns no results" name="Protocols Page should show zero state when search returns no results" time="0.002">
      <failure>Error: Couldn&apos;t find a navigation object. Is your component inside NavigationContainer?
    at useNavigation (/Users/shawn/dev/Resgrid/Unit/node_modules/@react-navigation/core/src/useNavigation.tsx:22:11)
    at useIsFocused (/Users/shawn/dev/Resgrid/Unit/node_modules/@react-navigation/core/src/useIsFocused.tsx:10:35)
    at FocusAwareStatusBar (/Users/shawn/dev/Resgrid/Unit/src/components/ui/focus-aware-status-bar.tsx:9:33)
    at renderWithHooks (/Users/shawn/dev/Resgrid/Unit/node_modules/react-test-renderer/cjs/react-test-renderer.development.js:5608:18)
    at mountIndeterminateComponent (/Users/shawn/dev/Resgrid/Unit/node_modules/react-test-renderer/cjs/react-test-renderer.development.js:9884:13)
    at beginWork (/Users/shawn/dev/Resgrid/Unit/node_modules/react-test-renderer/cjs/react-test-renderer.development.js:11351:16)
    at performUnitOfWork (/Users/shawn/dev/Resgrid/Unit/node_modules/react-test-renderer/cjs/react-test-renderer.development.js:15847:12)
    at workLoopSync (/Users/shawn/dev/Resgrid/Unit/node_modules/react-test-renderer/cjs/react-test-renderer.development.js:15784:5)
    at renderRootSync (/Users/shawn/dev/Resgrid/Unit/node_modules/react-test-renderer/cjs/react-test-renderer.development.js:15756:7)
    at performSyncWorkOnRoot (/Users/shawn/dev/Resgrid/Unit/node_modules/react-test-renderer/cjs/react-test-renderer.development.js:15461:20)
    at flushSyncCallbacks (/Users/shawn/dev/Resgrid/Unit/node_modules/react-test-renderer/cjs/react-test-renderer.development.js:2597:22)
    at flushActQueue (/Users/shawn/dev/Resgrid/Unit/node_modules/react/cjs/react.development.js:2667:24)
    at act (/Users/shawn/dev/Resgrid/Unit/node_modules/react/cjs/react.development.js:2521:11)
    at actImplementation (/Users/shawn/dev/Resgrid/Unit/node_modules/@testing-library/react-native/src/act.ts:30:25)
    at renderWithAct (/Users/shawn/dev/Resgrid/Unit/node_modules/@testing-library/react-native/src/render-act.ts:12:11)
    at renderInternal (/Users/shawn/dev/Resgrid/Unit/node_modules/@testing-library/react-native/src/render.tsx:81:33)
    at renderInternal (/Users/shawn/dev/Resgrid/Unit/node_modules/@testing-library/react-native/src/render.tsx:44:10)
    at Object.&lt;anonymous&gt; (/Users/shawn/dev/Resgrid/Unit/src/app/(app)/__tests__/protocols.test.tsx:264:11)
    at Promise.then.completed (/Users/shawn/dev/Resgrid/Unit/node_modules/jest-circus/build/utils.js:298:28)
    at new Promise (&lt;anonymous&gt;)
    at callAsyncCircusFn (/Users/shawn/dev/Resgrid/Unit/node_modules/jest-circus/build/utils.js:231:10)
    at _callCircusTest (/Users/shawn/dev/Resgrid/Unit/node_modules/jest-circus/build/run.js:316:40)
    at _runTest (/Users/shawn/dev/Resgrid/Unit/node_modules/jest-circus/build/run.js:252:3)
    at _runTestsForDescribeBlock (/Users/shawn/dev/Resgrid/Unit/node_modules/jest-circus/build/run.js:126:9)
    at _runTestsForDescribeBlock (/Users/shawn/dev/Resgrid/Unit/node_modules/jest-circus/build/run.js:121:9)
    at run (/Users/shawn/dev/Resgrid/Unit/node_modules/jest-circus/build/run.js:71:3)
    at runAndTransformResultsToJestFormat (/Users/shawn/dev/Resgrid/Unit/node_modules/jest-circus/build/legacy-code-todo-rewrite/jestAdapterInit.js:122:21)
    at jestAdapter (/Users/shawn/dev/Resgrid/Unit/node_modules/jest-circus/build/legacy-code-todo-rewrite/jestAdapter.js:79:19)
    at runTestInternal (/Users/shawn/dev/Resgrid/Unit/node_modules/jest-runner/build/runTest.js:367:16)
    at runTest (/Users/shawn/dev/Resgrid/Unit/node_modules/jest-runner/build/runTest.js:444:34)
    at Object.worker (/Users/shawn/dev/Resgrid/Unit/node_modules/jest-runner/build/testWorker.js:106:12)</failure>
    </testcase>
    <testcase classname="Protocols Page should handle search input changes" name="Protocols Page should handle search input changes" time="0.004">
      <failure>Error: Couldn&apos;t find a navigation object. Is your component inside NavigationContainer?
    at useNavigation (/Users/shawn/dev/Resgrid/Unit/node_modules/@react-navigation/core/src/useNavigation.tsx:22:11)
    at useIsFocused (/Users/shawn/dev/Resgrid/Unit/node_modules/@react-navigation/core/src/useIsFocused.tsx:10:35)
    at FocusAwareStatusBar (/Users/shawn/dev/Resgrid/Unit/src/components/ui/focus-aware-status-bar.tsx:9:33)
    at renderWithHooks (/Users/shawn/dev/Resgrid/Unit/node_modules/react-test-renderer/cjs/react-test-renderer.development.js:5608:18)
    at mountIndeterminateComponent (/Users/shawn/dev/Resgrid/Unit/node_modules/react-test-renderer/cjs/react-test-renderer.development.js:9884:13)
    at beginWork (/Users/shawn/dev/Resgrid/Unit/node_modules/react-test-renderer/cjs/react-test-renderer.development.js:11351:16)
    at performUnitOfWork (/Users/shawn/dev/Resgrid/Unit/node_modules/react-test-renderer/cjs/react-test-renderer.development.js:15847:12)
    at workLoopSync (/Users/shawn/dev/Resgrid/Unit/node_modules/react-test-renderer/cjs/react-test-renderer.development.js:15784:5)
    at renderRootSync (/Users/shawn/dev/Resgrid/Unit/node_modules/react-test-renderer/cjs/react-test-renderer.development.js:15756:7)
    at performSyncWorkOnRoot (/Users/shawn/dev/Resgrid/Unit/node_modules/react-test-renderer/cjs/react-test-renderer.development.js:15461:20)
    at flushSyncCallbacks (/Users/shawn/dev/Resgrid/Unit/node_modules/react-test-renderer/cjs/react-test-renderer.development.js:2597:22)
    at flushActQueue (/Users/shawn/dev/Resgrid/Unit/node_modules/react/cjs/react.development.js:2667:24)
    at act (/Users/shawn/dev/Resgrid/Unit/node_modules/react/cjs/react.development.js:2521:11)
    at actImplementation (/Users/shawn/dev/Resgrid/Unit/node_modules/@testing-library/react-native/src/act.ts:30:25)
    at renderWithAct (/Users/shawn/dev/Resgrid/Unit/node_modules/@testing-library/react-native/src/render-act.ts:12:11)
    at renderInternal (/Users/shawn/dev/Resgrid/Unit/node_modules/@testing-library/react-native/src/render.tsx:81:33)
    at renderInternal (/Users/shawn/dev/Resgrid/Unit/node_modules/@testing-library/react-native/src/render.tsx:44:10)
    at Object.&lt;anonymous&gt; (/Users/shawn/dev/Resgrid/Unit/src/app/(app)/__tests__/protocols.test.tsx:276:11)
    at Generator.next (&lt;anonymous&gt;)
    at asyncGeneratorStep (/Users/shawn/dev/Resgrid/Unit/node_modules/@babel/runtime/helpers/asyncToGenerator.js:3:17)
    at _next (/Users/shawn/dev/Resgrid/Unit/node_modules/@babel/runtime/helpers/asyncToGenerator.js:17:9)
    at /Users/shawn/dev/Resgrid/Unit/node_modules/@babel/runtime/helpers/asyncToGenerator.js:22:7
    at new Promise (&lt;anonymous&gt;)
    at Object.&lt;anonymous&gt; (/Users/shawn/dev/Resgrid/Unit/node_modules/@babel/runtime/helpers/asyncToGenerator.js:14:12)
    at Promise.then.completed (/Users/shawn/dev/Resgrid/Unit/node_modules/jest-circus/build/utils.js:298:28)
    at new Promise (&lt;anonymous&gt;)
    at callAsyncCircusFn (/Users/shawn/dev/Resgrid/Unit/node_modules/jest-circus/build/utils.js:231:10)
    at _callCircusTest (/Users/shawn/dev/Resgrid/Unit/node_modules/jest-circus/build/run.js:316:40)
    at _runTest (/Users/shawn/dev/Resgrid/Unit/node_modules/jest-circus/build/run.js:252:3)
    at _runTestsForDescribeBlock (/Users/shawn/dev/Resgrid/Unit/node_modules/jest-circus/build/run.js:126:9)
    at _runTestsForDescribeBlock (/Users/shawn/dev/Resgrid/Unit/node_modules/jest-circus/build/run.js:121:9)
    at run (/Users/shawn/dev/Resgrid/Unit/node_modules/jest-circus/build/run.js:71:3)
    at runAndTransformResultsToJestFormat (/Users/shawn/dev/Resgrid/Unit/node_modules/jest-circus/build/legacy-code-todo-rewrite/jestAdapterInit.js:122:21)
    at jestAdapter (/Users/shawn/dev/Resgrid/Unit/node_modules/jest-circus/build/legacy-code-todo-rewrite/jestAdapter.js:79:19)
    at runTestInternal (/Users/shawn/dev/Resgrid/Unit/node_modules/jest-runner/build/runTest.js:367:16)
    at runTest (/Users/shawn/dev/Resgrid/Unit/node_modules/jest-runner/build/runTest.js:444:34)
    at Object.worker (/Users/shawn/dev/Resgrid/Unit/node_modules/jest-runner/build/testWorker.js:106:12)</failure>
    </testcase>
    <testcase classname="Protocols Page should clear search query when X button is pressed" name="Protocols Page should clear search query when X button is pressed" time="0.003">
      <failure>Error: Couldn&apos;t find a navigation object. Is your component inside NavigationContainer?
    at useNavigation (/Users/shawn/dev/Resgrid/Unit/node_modules/@react-navigation/core/src/useNavigation.tsx:22:11)
    at useIsFocused (/Users/shawn/dev/Resgrid/Unit/node_modules/@react-navigation/core/src/useIsFocused.tsx:10:35)
    at FocusAwareStatusBar (/Users/shawn/dev/Resgrid/Unit/src/components/ui/focus-aware-status-bar.tsx:9:33)
    at renderWithHooks (/Users/shawn/dev/Resgrid/Unit/node_modules/react-test-renderer/cjs/react-test-renderer.development.js:5608:18)
    at mountIndeterminateComponent (/Users/shawn/dev/Resgrid/Unit/node_modules/react-test-renderer/cjs/react-test-renderer.development.js:9884:13)
    at beginWork (/Users/shawn/dev/Resgrid/Unit/node_modules/react-test-renderer/cjs/react-test-renderer.development.js:11351:16)
    at performUnitOfWork (/Users/shawn/dev/Resgrid/Unit/node_modules/react-test-renderer/cjs/react-test-renderer.development.js:15847:12)
    at workLoopSync (/Users/shawn/dev/Resgrid/Unit/node_modules/react-test-renderer/cjs/react-test-renderer.development.js:15784:5)
    at renderRootSync (/Users/shawn/dev/Resgrid/Unit/node_modules/react-test-renderer/cjs/react-test-renderer.development.js:15756:7)
    at performSyncWorkOnRoot (/Users/shawn/dev/Resgrid/Unit/node_modules/react-test-renderer/cjs/react-test-renderer.development.js:15461:20)
    at flushSyncCallbacks (/Users/shawn/dev/Resgrid/Unit/node_modules/react-test-renderer/cjs/react-test-renderer.development.js:2597:22)
    at flushActQueue (/Users/shawn/dev/Resgrid/Unit/node_modules/react/cjs/react.development.js:2667:24)
    at act (/Users/shawn/dev/Resgrid/Unit/node_modules/react/cjs/react.development.js:2521:11)
    at actImplementation (/Users/shawn/dev/Resgrid/Unit/node_modules/@testing-library/react-native/src/act.ts:30:25)
    at renderWithAct (/Users/shawn/dev/Resgrid/Unit/node_modules/@testing-library/react-native/src/render-act.ts:12:11)
    at renderInternal (/Users/shawn/dev/Resgrid/Unit/node_modules/@testing-library/react-native/src/render.tsx:81:33)
    at renderInternal (/Users/shawn/dev/Resgrid/Unit/node_modules/@testing-library/react-native/src/render.tsx:44:10)
    at Object.&lt;anonymous&gt; (/Users/shawn/dev/Resgrid/Unit/src/app/(app)/__tests__/protocols.test.tsx:291:11)
    at Generator.next (&lt;anonymous&gt;)
    at asyncGeneratorStep (/Users/shawn/dev/Resgrid/Unit/node_modules/@babel/runtime/helpers/asyncToGenerator.js:3:17)
    at _next (/Users/shawn/dev/Resgrid/Unit/node_modules/@babel/runtime/helpers/asyncToGenerator.js:17:9)
    at /Users/shawn/dev/Resgrid/Unit/node_modules/@babel/runtime/helpers/asyncToGenerator.js:22:7
    at new Promise (&lt;anonymous&gt;)
    at Object.&lt;anonymous&gt; (/Users/shawn/dev/Resgrid/Unit/node_modules/@babel/runtime/helpers/asyncToGenerator.js:14:12)
    at Promise.then.completed (/Users/shawn/dev/Resgrid/Unit/node_modules/jest-circus/build/utils.js:298:28)
    at new Promise (&lt;anonymous&gt;)
    at callAsyncCircusFn (/Users/shawn/dev/Resgrid/Unit/node_modules/jest-circus/build/utils.js:231:10)
    at _callCircusTest (/Users/shawn/dev/Resgrid/Unit/node_modules/jest-circus/build/run.js:316:40)
    at _runTest (/Users/shawn/dev/Resgrid/Unit/node_modules/jest-circus/build/run.js:252:3)
    at _runTestsForDescribeBlock (/Users/shawn/dev/Resgrid/Unit/node_modules/jest-circus/build/run.js:126:9)
    at _runTestsForDescribeBlock (/Users/shawn/dev/Resgrid/Unit/node_modules/jest-circus/build/run.js:121:9)
    at run (/Users/shawn/dev/Resgrid/Unit/node_modules/jest-circus/build/run.js:71:3)
    at runAndTransformResultsToJestFormat (/Users/shawn/dev/Resgrid/Unit/node_modules/jest-circus/build/legacy-code-todo-rewrite/jestAdapterInit.js:122:21)
    at jestAdapter (/Users/shawn/dev/Resgrid/Unit/node_modules/jest-circus/build/legacy-code-todo-rewrite/jestAdapter.js:79:19)
    at runTestInternal (/Users/shawn/dev/Resgrid/Unit/node_modules/jest-runner/build/runTest.js:367:16)
    at runTest (/Users/shawn/dev/Resgrid/Unit/node_modules/jest-runner/build/runTest.js:444:34)
    at Object.worker (/Users/shawn/dev/Resgrid/Unit/node_modules/jest-runner/build/testWorker.js:106:12)</failure>
    </testcase>
    <testcase classname="Protocols Page should handle protocol selection" name="Protocols Page should handle protocol selection" time="0.006">
      <failure>Error: Couldn&apos;t find a navigation object. Is your component inside NavigationContainer?
    at useNavigation (/Users/shawn/dev/Resgrid/Unit/node_modules/@react-navigation/core/src/useNavigation.tsx:22:11)
    at useIsFocused (/Users/shawn/dev/Resgrid/Unit/node_modules/@react-navigation/core/src/useIsFocused.tsx:10:35)
    at FocusAwareStatusBar (/Users/shawn/dev/Resgrid/Unit/src/components/ui/focus-aware-status-bar.tsx:9:33)
    at renderWithHooks (/Users/shawn/dev/Resgrid/Unit/node_modules/react-test-renderer/cjs/react-test-renderer.development.js:5608:18)
    at mountIndeterminateComponent (/Users/shawn/dev/Resgrid/Unit/node_modules/react-test-renderer/cjs/react-test-renderer.development.js:9884:13)
    at beginWork (/Users/shawn/dev/Resgrid/Unit/node_modules/react-test-renderer/cjs/react-test-renderer.development.js:11351:16)
    at performUnitOfWork (/Users/shawn/dev/Resgrid/Unit/node_modules/react-test-renderer/cjs/react-test-renderer.development.js:15847:12)
    at workLoopSync (/Users/shawn/dev/Resgrid/Unit/node_modules/react-test-renderer/cjs/react-test-renderer.development.js:15784:5)
    at renderRootSync (/Users/shawn/dev/Resgrid/Unit/node_modules/react-test-renderer/cjs/react-test-renderer.development.js:15756:7)
    at performSyncWorkOnRoot (/Users/shawn/dev/Resgrid/Unit/node_modules/react-test-renderer/cjs/react-test-renderer.development.js:15461:20)
    at flushSyncCallbacks (/Users/shawn/dev/Resgrid/Unit/node_modules/react-test-renderer/cjs/react-test-renderer.development.js:2597:22)
    at flushActQueue (/Users/shawn/dev/Resgrid/Unit/node_modules/react/cjs/react.development.js:2667:24)
    at act (/Users/shawn/dev/Resgrid/Unit/node_modules/react/cjs/react.development.js:2521:11)
    at actImplementation (/Users/shawn/dev/Resgrid/Unit/node_modules/@testing-library/react-native/src/act.ts:30:25)
    at renderWithAct (/Users/shawn/dev/Resgrid/Unit/node_modules/@testing-library/react-native/src/render-act.ts:12:11)
    at renderInternal (/Users/shawn/dev/Resgrid/Unit/node_modules/@testing-library/react-native/src/render.tsx:81:33)
    at renderInternal (/Users/shawn/dev/Resgrid/Unit/node_modules/@testing-library/react-native/src/render.tsx:44:10)
    at Object.&lt;anonymous&gt; (/Users/shawn/dev/Resgrid/Unit/src/app/(app)/__tests__/protocols.test.tsx:308:11)
    at Generator.next (&lt;anonymous&gt;)
    at asyncGeneratorStep (/Users/shawn/dev/Resgrid/Unit/node_modules/@babel/runtime/helpers/asyncToGenerator.js:3:17)
    at _next (/Users/shawn/dev/Resgrid/Unit/node_modules/@babel/runtime/helpers/asyncToGenerator.js:17:9)
    at /Users/shawn/dev/Resgrid/Unit/node_modules/@babel/runtime/helpers/asyncToGenerator.js:22:7
    at new Promise (&lt;anonymous&gt;)
    at Object.&lt;anonymous&gt; (/Users/shawn/dev/Resgrid/Unit/node_modules/@babel/runtime/helpers/asyncToGenerator.js:14:12)
    at Promise.then.completed (/Users/shawn/dev/Resgrid/Unit/node_modules/jest-circus/build/utils.js:298:28)
    at new Promise (&lt;anonymous&gt;)
    at callAsyncCircusFn (/Users/shawn/dev/Resgrid/Unit/node_modules/jest-circus/build/utils.js:231:10)
    at _callCircusTest (/Users/shawn/dev/Resgrid/Unit/node_modules/jest-circus/build/run.js:316:40)
    at _runTest (/Users/shawn/dev/Resgrid/Unit/node_modules/jest-circus/build/run.js:252:3)
    at _runTestsForDescribeBlock (/Users/shawn/dev/Resgrid/Unit/node_modules/jest-circus/build/run.js:126:9)
    at _runTestsForDescribeBlock (/Users/shawn/dev/Resgrid/Unit/node_modules/jest-circus/build/run.js:121:9)
    at run (/Users/shawn/dev/Resgrid/Unit/node_modules/jest-circus/build/run.js:71:3)
    at runAndTransformResultsToJestFormat (/Users/shawn/dev/Resgrid/Unit/node_modules/jest-circus/build/legacy-code-todo-rewrite/jestAdapterInit.js:122:21)
    at jestAdapter (/Users/shawn/dev/Resgrid/Unit/node_modules/jest-circus/build/legacy-code-todo-rewrite/jestAdapter.js:79:19)
    at runTestInternal (/Users/shawn/dev/Resgrid/Unit/node_modules/jest-runner/build/runTest.js:367:16)
    at runTest (/Users/shawn/dev/Resgrid/Unit/node_modules/jest-runner/build/runTest.js:444:34)
    at Object.worker (/Users/shawn/dev/Resgrid/Unit/node_modules/jest-runner/build/testWorker.js:106:12)</failure>
    </testcase>
    <testcase classname="Protocols Page should handle pull-to-refresh" name="Protocols Page should handle pull-to-refresh" time="0.005">
      <failure>Error: Couldn&apos;t find a navigation object. Is your component inside NavigationContainer?
    at useNavigation (/Users/shawn/dev/Resgrid/Unit/node_modules/@react-navigation/core/src/useNavigation.tsx:22:11)
    at useIsFocused (/Users/shawn/dev/Resgrid/Unit/node_modules/@react-navigation/core/src/useIsFocused.tsx:10:35)
    at FocusAwareStatusBar (/Users/shawn/dev/Resgrid/Unit/src/components/ui/focus-aware-status-bar.tsx:9:33)
    at renderWithHooks (/Users/shawn/dev/Resgrid/Unit/node_modules/react-test-renderer/cjs/react-test-renderer.development.js:5608:18)
    at mountIndeterminateComponent (/Users/shawn/dev/Resgrid/Unit/node_modules/react-test-renderer/cjs/react-test-renderer.development.js:9884:13)
    at beginWork (/Users/shawn/dev/Resgrid/Unit/node_modules/react-test-renderer/cjs/react-test-renderer.development.js:11351:16)
    at performUnitOfWork (/Users/shawn/dev/Resgrid/Unit/node_modules/react-test-renderer/cjs/react-test-renderer.development.js:15847:12)
    at workLoopSync (/Users/shawn/dev/Resgrid/Unit/node_modules/react-test-renderer/cjs/react-test-renderer.development.js:15784:5)
    at renderRootSync (/Users/shawn/dev/Resgrid/Unit/node_modules/react-test-renderer/cjs/react-test-renderer.development.js:15756:7)
    at performSyncWorkOnRoot (/Users/shawn/dev/Resgrid/Unit/node_modules/react-test-renderer/cjs/react-test-renderer.development.js:15461:20)
    at flushSyncCallbacks (/Users/shawn/dev/Resgrid/Unit/node_modules/react-test-renderer/cjs/react-test-renderer.development.js:2597:22)
    at flushActQueue (/Users/shawn/dev/Resgrid/Unit/node_modules/react/cjs/react.development.js:2667:24)
    at act (/Users/shawn/dev/Resgrid/Unit/node_modules/react/cjs/react.development.js:2521:11)
    at actImplementation (/Users/shawn/dev/Resgrid/Unit/node_modules/@testing-library/react-native/src/act.ts:30:25)
    at renderWithAct (/Users/shawn/dev/Resgrid/Unit/node_modules/@testing-library/react-native/src/render-act.ts:12:11)
    at renderInternal (/Users/shawn/dev/Resgrid/Unit/node_modules/@testing-library/react-native/src/render.tsx:81:33)
    at renderInternal (/Users/shawn/dev/Resgrid/Unit/node_modules/@testing-library/react-native/src/render.tsx:44:10)
    at Object.&lt;anonymous&gt; (/Users/shawn/dev/Resgrid/Unit/src/app/(app)/__tests__/protocols.test.tsx:322:11)
    at Generator.next (&lt;anonymous&gt;)
    at asyncGeneratorStep (/Users/shawn/dev/Resgrid/Unit/node_modules/@babel/runtime/helpers/asyncToGenerator.js:3:17)
    at _next (/Users/shawn/dev/Resgrid/Unit/node_modules/@babel/runtime/helpers/asyncToGenerator.js:17:9)
    at /Users/shawn/dev/Resgrid/Unit/node_modules/@babel/runtime/helpers/asyncToGenerator.js:22:7
    at new Promise (&lt;anonymous&gt;)
    at Object.&lt;anonymous&gt; (/Users/shawn/dev/Resgrid/Unit/node_modules/@babel/runtime/helpers/asyncToGenerator.js:14:12)
    at Promise.then.completed (/Users/shawn/dev/Resgrid/Unit/node_modules/jest-circus/build/utils.js:298:28)
    at new Promise (&lt;anonymous&gt;)
    at callAsyncCircusFn (/Users/shawn/dev/Resgrid/Unit/node_modules/jest-circus/build/utils.js:231:10)
    at _callCircusTest (/Users/shawn/dev/Resgrid/Unit/node_modules/jest-circus/build/run.js:316:40)
    at _runTest (/Users/shawn/dev/Resgrid/Unit/node_modules/jest-circus/build/run.js:252:3)
    at _runTestsForDescribeBlock (/Users/shawn/dev/Resgrid/Unit/node_modules/jest-circus/build/run.js:126:9)
    at _runTestsForDescribeBlock (/Users/shawn/dev/Resgrid/Unit/node_modules/jest-circus/build/run.js:121:9)
    at run (/Users/shawn/dev/Resgrid/Unit/node_modules/jest-circus/build/run.js:71:3)
    at runAndTransformResultsToJestFormat (/Users/shawn/dev/Resgrid/Unit/node_modules/jest-circus/build/legacy-code-todo-rewrite/jestAdapterInit.js:122:21)
    at jestAdapter (/Users/shawn/dev/Resgrid/Unit/node_modules/jest-circus/build/legacy-code-todo-rewrite/jestAdapter.js:79:19)
    at runTestInternal (/Users/shawn/dev/Resgrid/Unit/node_modules/jest-runner/build/runTest.js:367:16)
    at runTest (/Users/shawn/dev/Resgrid/Unit/node_modules/jest-runner/build/runTest.js:444:34)
    at Object.worker (/Users/shawn/dev/Resgrid/Unit/node_modules/jest-runner/build/testWorker.js:106:12)</failure>
    </testcase>
    <testcase classname="Protocols Page should render protocol details sheet" name="Protocols Page should render protocol details sheet" time="0.003">
      <failure>Error: Couldn&apos;t find a navigation object. Is your component inside NavigationContainer?
    at useNavigation (/Users/shawn/dev/Resgrid/Unit/node_modules/@react-navigation/core/src/useNavigation.tsx:22:11)
    at useIsFocused (/Users/shawn/dev/Resgrid/Unit/node_modules/@react-navigation/core/src/useIsFocused.tsx:10:35)
    at FocusAwareStatusBar (/Users/shawn/dev/Resgrid/Unit/src/components/ui/focus-aware-status-bar.tsx:9:33)
    at renderWithHooks (/Users/shawn/dev/Resgrid/Unit/node_modules/react-test-renderer/cjs/react-test-renderer.development.js:5608:18)
    at mountIndeterminateComponent (/Users/shawn/dev/Resgrid/Unit/node_modules/react-test-renderer/cjs/react-test-renderer.development.js:9884:13)
    at beginWork (/Users/shawn/dev/Resgrid/Unit/node_modules/react-test-renderer/cjs/react-test-renderer.development.js:11351:16)
    at performUnitOfWork (/Users/shawn/dev/Resgrid/Unit/node_modules/react-test-renderer/cjs/react-test-renderer.development.js:15847:12)
    at workLoopSync (/Users/shawn/dev/Resgrid/Unit/node_modules/react-test-renderer/cjs/react-test-renderer.development.js:15784:5)
    at renderRootSync (/Users/shawn/dev/Resgrid/Unit/node_modules/react-test-renderer/cjs/react-test-renderer.development.js:15756:7)
    at performSyncWorkOnRoot (/Users/shawn/dev/Resgrid/Unit/node_modules/react-test-renderer/cjs/react-test-renderer.development.js:15461:20)
    at flushSyncCallbacks (/Users/shawn/dev/Resgrid/Unit/node_modules/react-test-renderer/cjs/react-test-renderer.development.js:2597:22)
    at flushActQueue (/Users/shawn/dev/Resgrid/Unit/node_modules/react/cjs/react.development.js:2667:24)
    at act (/Users/shawn/dev/Resgrid/Unit/node_modules/react/cjs/react.development.js:2521:11)
    at actImplementation (/Users/shawn/dev/Resgrid/Unit/node_modules/@testing-library/react-native/src/act.ts:30:25)
    at renderWithAct (/Users/shawn/dev/Resgrid/Unit/node_modules/@testing-library/react-native/src/render-act.ts:12:11)
    at renderInternal (/Users/shawn/dev/Resgrid/Unit/node_modules/@testing-library/react-native/src/render.tsx:81:33)
    at renderInternal (/Users/shawn/dev/Resgrid/Unit/node_modules/@testing-library/react-native/src/render.tsx:44:10)
    at Object.&lt;anonymous&gt; (/Users/shawn/dev/Resgrid/Unit/src/app/(app)/__tests__/protocols.test.tsx:338:11)
    at Promise.then.completed (/Users/shawn/dev/Resgrid/Unit/node_modules/jest-circus/build/utils.js:298:28)
    at new Promise (&lt;anonymous&gt;)
    at callAsyncCircusFn (/Users/shawn/dev/Resgrid/Unit/node_modules/jest-circus/build/utils.js:231:10)
    at _callCircusTest (/Users/shawn/dev/Resgrid/Unit/node_modules/jest-circus/build/run.js:316:40)
    at _runTest (/Users/shawn/dev/Resgrid/Unit/node_modules/jest-circus/build/run.js:252:3)
    at _runTestsForDescribeBlock (/Users/shawn/dev/Resgrid/Unit/node_modules/jest-circus/build/run.js:126:9)
    at _runTestsForDescribeBlock (/Users/shawn/dev/Resgrid/Unit/node_modules/jest-circus/build/run.js:121:9)
    at run (/Users/shawn/dev/Resgrid/Unit/node_modules/jest-circus/build/run.js:71:3)
    at runAndTransformResultsToJestFormat (/Users/shawn/dev/Resgrid/Unit/node_modules/jest-circus/build/legacy-code-todo-rewrite/jestAdapterInit.js:122:21)
    at jestAdapter (/Users/shawn/dev/Resgrid/Unit/node_modules/jest-circus/build/legacy-code-todo-rewrite/jestAdapter.js:79:19)
    at runTestInternal (/Users/shawn/dev/Resgrid/Unit/node_modules/jest-runner/build/runTest.js:367:16)
    at runTest (/Users/shawn/dev/Resgrid/Unit/node_modules/jest-runner/build/runTest.js:444:34)
    at Object.worker (/Users/shawn/dev/Resgrid/Unit/node_modules/jest-runner/build/testWorker.js:106:12)</failure>
    </testcase>
    <testcase classname="Protocols Page should handle case-insensitive search" name="Protocols Page should handle case-insensitive search" time="0.006">
      <failure>Error: Couldn&apos;t find a navigation object. Is your component inside NavigationContainer?
    at useNavigation (/Users/shawn/dev/Resgrid/Unit/node_modules/@react-navigation/core/src/useNavigation.tsx:22:11)
    at useIsFocused (/Users/shawn/dev/Resgrid/Unit/node_modules/@react-navigation/core/src/useIsFocused.tsx:10:35)
    at FocusAwareStatusBar (/Users/shawn/dev/Resgrid/Unit/src/components/ui/focus-aware-status-bar.tsx:9:33)
    at renderWithHooks (/Users/shawn/dev/Resgrid/Unit/node_modules/react-test-renderer/cjs/react-test-renderer.development.js:5608:18)
    at mountIndeterminateComponent (/Users/shawn/dev/Resgrid/Unit/node_modules/react-test-renderer/cjs/react-test-renderer.development.js:9884:13)
    at beginWork (/Users/shawn/dev/Resgrid/Unit/node_modules/react-test-renderer/cjs/react-test-renderer.development.js:11351:16)
    at performUnitOfWork (/Users/shawn/dev/Resgrid/Unit/node_modules/react-test-renderer/cjs/react-test-renderer.development.js:15847:12)
    at workLoopSync (/Users/shawn/dev/Resgrid/Unit/node_modules/react-test-renderer/cjs/react-test-renderer.development.js:15784:5)
    at renderRootSync (/Users/shawn/dev/Resgrid/Unit/node_modules/react-test-renderer/cjs/react-test-renderer.development.js:15756:7)
    at performSyncWorkOnRoot (/Users/shawn/dev/Resgrid/Unit/node_modules/react-test-renderer/cjs/react-test-renderer.development.js:15461:20)
    at flushSyncCallbacks (/Users/shawn/dev/Resgrid/Unit/node_modules/react-test-renderer/cjs/react-test-renderer.development.js:2597:22)
    at flushActQueue (/Users/shawn/dev/Resgrid/Unit/node_modules/react/cjs/react.development.js:2667:24)
    at act (/Users/shawn/dev/Resgrid/Unit/node_modules/react/cjs/react.development.js:2521:11)
    at actImplementation (/Users/shawn/dev/Resgrid/Unit/node_modules/@testing-library/react-native/src/act.ts:30:25)
    at renderWithAct (/Users/shawn/dev/Resgrid/Unit/node_modules/@testing-library/react-native/src/render-act.ts:12:11)
    at renderInternal (/Users/shawn/dev/Resgrid/Unit/node_modules/@testing-library/react-native/src/render.tsx:81:33)
    at renderInternal (/Users/shawn/dev/Resgrid/Unit/node_modules/@testing-library/react-native/src/render.tsx:44:10)
    at Object.&lt;anonymous&gt; (/Users/shawn/dev/Resgrid/Unit/src/app/(app)/__tests__/protocols.test.tsx:350:11)
    at Generator.next (&lt;anonymous&gt;)
    at asyncGeneratorStep (/Users/shawn/dev/Resgrid/Unit/node_modules/@babel/runtime/helpers/asyncToGenerator.js:3:17)
    at _next (/Users/shawn/dev/Resgrid/Unit/node_modules/@babel/runtime/helpers/asyncToGenerator.js:17:9)
    at /Users/shawn/dev/Resgrid/Unit/node_modules/@babel/runtime/helpers/asyncToGenerator.js:22:7
    at new Promise (&lt;anonymous&gt;)
    at Object.&lt;anonymous&gt; (/Users/shawn/dev/Resgrid/Unit/node_modules/@babel/runtime/helpers/asyncToGenerator.js:14:12)
    at Promise.then.completed (/Users/shawn/dev/Resgrid/Unit/node_modules/jest-circus/build/utils.js:298:28)
    at new Promise (&lt;anonymous&gt;)
    at callAsyncCircusFn (/Users/shawn/dev/Resgrid/Unit/node_modules/jest-circus/build/utils.js:231:10)
    at _callCircusTest (/Users/shawn/dev/Resgrid/Unit/node_modules/jest-circus/build/run.js:316:40)
    at _runTest (/Users/shawn/dev/Resgrid/Unit/node_modules/jest-circus/build/run.js:252:3)
    at _runTestsForDescribeBlock (/Users/shawn/dev/Resgrid/Unit/node_modules/jest-circus/build/run.js:126:9)
    at _runTestsForDescribeBlock (/Users/shawn/dev/Resgrid/Unit/node_modules/jest-circus/build/run.js:121:9)
    at run (/Users/shawn/dev/Resgrid/Unit/node_modules/jest-circus/build/run.js:71:3)
    at runAndTransformResultsToJestFormat (/Users/shawn/dev/Resgrid/Unit/node_modules/jest-circus/build/legacy-code-todo-rewrite/jestAdapterInit.js:122:21)
    at jestAdapter (/Users/shawn/dev/Resgrid/Unit/node_modules/jest-circus/build/legacy-code-todo-rewrite/jestAdapter.js:79:19)
    at runTestInternal (/Users/shawn/dev/Resgrid/Unit/node_modules/jest-runner/build/runTest.js:367:16)
    at runTest (/Users/shawn/dev/Resgrid/Unit/node_modules/jest-runner/build/runTest.js:444:34)
    at Object.worker (/Users/shawn/dev/Resgrid/Unit/node_modules/jest-runner/build/testWorker.js:106:12)</failure>
    </testcase>
    <testcase classname="Protocols Page should handle empty search query by showing all protocols" name="Protocols Page should handle empty search query by showing all protocols" time="0.008">
      <failure>Error: Couldn&apos;t find a navigation object. Is your component inside NavigationContainer?
    at useNavigation (/Users/shawn/dev/Resgrid/Unit/node_modules/@react-navigation/core/src/useNavigation.tsx:22:11)
    at useIsFocused (/Users/shawn/dev/Resgrid/Unit/node_modules/@react-navigation/core/src/useIsFocused.tsx:10:35)
    at FocusAwareStatusBar (/Users/shawn/dev/Resgrid/Unit/src/components/ui/focus-aware-status-bar.tsx:9:33)
    at renderWithHooks (/Users/shawn/dev/Resgrid/Unit/node_modules/react-test-renderer/cjs/react-test-renderer.development.js:5608:18)
    at mountIndeterminateComponent (/Users/shawn/dev/Resgrid/Unit/node_modules/react-test-renderer/cjs/react-test-renderer.development.js:9884:13)
    at beginWork (/Users/shawn/dev/Resgrid/Unit/node_modules/react-test-renderer/cjs/react-test-renderer.development.js:11351:16)
    at performUnitOfWork (/Users/shawn/dev/Resgrid/Unit/node_modules/react-test-renderer/cjs/react-test-renderer.development.js:15847:12)
    at workLoopSync (/Users/shawn/dev/Resgrid/Unit/node_modules/react-test-renderer/cjs/react-test-renderer.development.js:15784:5)
    at renderRootSync (/Users/shawn/dev/Resgrid/Unit/node_modules/react-test-renderer/cjs/react-test-renderer.development.js:15756:7)
    at performSyncWorkOnRoot (/Users/shawn/dev/Resgrid/Unit/node_modules/react-test-renderer/cjs/react-test-renderer.development.js:15461:20)
    at flushSyncCallbacks (/Users/shawn/dev/Resgrid/Unit/node_modules/react-test-renderer/cjs/react-test-renderer.development.js:2597:22)
    at flushActQueue (/Users/shawn/dev/Resgrid/Unit/node_modules/react/cjs/react.development.js:2667:24)
    at act (/Users/shawn/dev/Resgrid/Unit/node_modules/react/cjs/react.development.js:2521:11)
    at actImplementation (/Users/shawn/dev/Resgrid/Unit/node_modules/@testing-library/react-native/src/act.ts:30:25)
    at renderWithAct (/Users/shawn/dev/Resgrid/Unit/node_modules/@testing-library/react-native/src/render-act.ts:12:11)
    at renderInternal (/Users/shawn/dev/Resgrid/Unit/node_modules/@testing-library/react-native/src/render.tsx:81:33)
    at renderInternal (/Users/shawn/dev/Resgrid/Unit/node_modules/@testing-library/react-native/src/render.tsx:44:10)
    at Object.&lt;anonymous&gt; (/Users/shawn/dev/Resgrid/Unit/src/app/(app)/__tests__/protocols.test.tsx:365:11)
    at Generator.next (&lt;anonymous&gt;)
    at asyncGeneratorStep (/Users/shawn/dev/Resgrid/Unit/node_modules/@babel/runtime/helpers/asyncToGenerator.js:3:17)
    at _next (/Users/shawn/dev/Resgrid/Unit/node_modules/@babel/runtime/helpers/asyncToGenerator.js:17:9)
    at /Users/shawn/dev/Resgrid/Unit/node_modules/@babel/runtime/helpers/asyncToGenerator.js:22:7
    at new Promise (&lt;anonymous&gt;)
    at Object.&lt;anonymous&gt; (/Users/shawn/dev/Resgrid/Unit/node_modules/@babel/runtime/helpers/asyncToGenerator.js:14:12)
    at Promise.then.completed (/Users/shawn/dev/Resgrid/Unit/node_modules/jest-circus/build/utils.js:298:28)
    at new Promise (&lt;anonymous&gt;)
    at callAsyncCircusFn (/Users/shawn/dev/Resgrid/Unit/node_modules/jest-circus/build/utils.js:231:10)
    at _callCircusTest (/Users/shawn/dev/Resgrid/Unit/node_modules/jest-circus/build/run.js:316:40)
    at _runTest (/Users/shawn/dev/Resgrid/Unit/node_modules/jest-circus/build/run.js:252:3)
    at _runTestsForDescribeBlock (/Users/shawn/dev/Resgrid/Unit/node_modules/jest-circus/build/run.js:126:9)
    at _runTestsForDescribeBlock (/Users/shawn/dev/Resgrid/Unit/node_modules/jest-circus/build/run.js:121:9)
    at run (/Users/shawn/dev/Resgrid/Unit/node_modules/jest-circus/build/run.js:71:3)
    at runAndTransformResultsToJestFormat (/Users/shawn/dev/Resgrid/Unit/node_modules/jest-circus/build/legacy-code-todo-rewrite/jestAdapterInit.js:122:21)
    at jestAdapter (/Users/shawn/dev/Resgrid/Unit/node_modules/jest-circus/build/legacy-code-todo-rewrite/jestAdapter.js:79:19)
    at runTestInternal (/Users/shawn/dev/Resgrid/Unit/node_modules/jest-runner/build/runTest.js:367:16)
    at runTest (/Users/shawn/dev/Resgrid/Unit/node_modules/jest-runner/build/runTest.js:444:34)
    at Object.worker (/Users/shawn/dev/Resgrid/Unit/node_modules/jest-runner/build/testWorker.js:106:12)</failure>
    </testcase>
    <testcase classname="Protocols Page should handle whitespace-only search query by showing all protocols" name="Protocols Page should handle whitespace-only search query by showing all protocols" time="0.015">
      <failure>Error: Couldn&apos;t find a navigation object. Is your component inside NavigationContainer?
    at useNavigation (/Users/shawn/dev/Resgrid/Unit/node_modules/@react-navigation/core/src/useNavigation.tsx:22:11)
    at useIsFocused (/Users/shawn/dev/Resgrid/Unit/node_modules/@react-navigation/core/src/useIsFocused.tsx:10:35)
    at FocusAwareStatusBar (/Users/shawn/dev/Resgrid/Unit/src/components/ui/focus-aware-status-bar.tsx:9:33)
    at renderWithHooks (/Users/shawn/dev/Resgrid/Unit/node_modules/react-test-renderer/cjs/react-test-renderer.development.js:5608:18)
    at mountIndeterminateComponent (/Users/shawn/dev/Resgrid/Unit/node_modules/react-test-renderer/cjs/react-test-renderer.development.js:9884:13)
    at beginWork (/Users/shawn/dev/Resgrid/Unit/node_modules/react-test-renderer/cjs/react-test-renderer.development.js:11351:16)
    at performUnitOfWork (/Users/shawn/dev/Resgrid/Unit/node_modules/react-test-renderer/cjs/react-test-renderer.development.js:15847:12)
    at workLoopSync (/Users/shawn/dev/Resgrid/Unit/node_modules/react-test-renderer/cjs/react-test-renderer.development.js:15784:5)
    at renderRootSync (/Users/shawn/dev/Resgrid/Unit/node_modules/react-test-renderer/cjs/react-test-renderer.development.js:15756:7)
    at performSyncWorkOnRoot (/Users/shawn/dev/Resgrid/Unit/node_modules/react-test-renderer/cjs/react-test-renderer.development.js:15461:20)
    at flushSyncCallbacks (/Users/shawn/dev/Resgrid/Unit/node_modules/react-test-renderer/cjs/react-test-renderer.development.js:2597:22)
    at flushActQueue (/Users/shawn/dev/Resgrid/Unit/node_modules/react/cjs/react.development.js:2667:24)
    at act (/Users/shawn/dev/Resgrid/Unit/node_modules/react/cjs/react.development.js:2521:11)
    at actImplementation (/Users/shawn/dev/Resgrid/Unit/node_modules/@testing-library/react-native/src/act.ts:30:25)
    at renderWithAct (/Users/shawn/dev/Resgrid/Unit/node_modules/@testing-library/react-native/src/render-act.ts:12:11)
    at renderInternal (/Users/shawn/dev/Resgrid/Unit/node_modules/@testing-library/react-native/src/render.tsx:81:33)
    at renderInternal (/Users/shawn/dev/Resgrid/Unit/node_modules/@testing-library/react-native/src/render.tsx:44:10)
    at Object.&lt;anonymous&gt; (/Users/shawn/dev/Resgrid/Unit/src/app/(app)/__tests__/protocols.test.tsx:381:11)
    at Generator.next (&lt;anonymous&gt;)
    at asyncGeneratorStep (/Users/shawn/dev/Resgrid/Unit/node_modules/@babel/runtime/helpers/asyncToGenerator.js:3:17)
    at _next (/Users/shawn/dev/Resgrid/Unit/node_modules/@babel/runtime/helpers/asyncToGenerator.js:17:9)
    at /Users/shawn/dev/Resgrid/Unit/node_modules/@babel/runtime/helpers/asyncToGenerator.js:22:7
    at new Promise (&lt;anonymous&gt;)
    at Object.&lt;anonymous&gt; (/Users/shawn/dev/Resgrid/Unit/node_modules/@babel/runtime/helpers/asyncToGenerator.js:14:12)
    at Promise.then.completed (/Users/shawn/dev/Resgrid/Unit/node_modules/jest-circus/build/utils.js:298:28)
    at new Promise (&lt;anonymous&gt;)
    at callAsyncCircusFn (/Users/shawn/dev/Resgrid/Unit/node_modules/jest-circus/build/utils.js:231:10)
    at _callCircusTest (/Users/shawn/dev/Resgrid/Unit/node_modules/jest-circus/build/run.js:316:40)
    at _runTest (/Users/shawn/dev/Resgrid/Unit/node_modules/jest-circus/build/run.js:252:3)
    at _runTestsForDescribeBlock (/Users/shawn/dev/Resgrid/Unit/node_modules/jest-circus/build/run.js:126:9)
    at _runTestsForDescribeBlock (/Users/shawn/dev/Resgrid/Unit/node_modules/jest-circus/build/run.js:121:9)
    at run (/Users/shawn/dev/Resgrid/Unit/node_modules/jest-circus/build/run.js:71:3)
    at runAndTransformResultsToJestFormat (/Users/shawn/dev/Resgrid/Unit/node_modules/jest-circus/build/legacy-code-todo-rewrite/jestAdapterInit.js:122:21)
    at jestAdapter (/Users/shawn/dev/Resgrid/Unit/node_modules/jest-circus/build/legacy-code-todo-rewrite/jestAdapter.js:79:19)
    at runTestInternal (/Users/shawn/dev/Resgrid/Unit/node_modules/jest-runner/build/runTest.js:367:16)
    at runTest (/Users/shawn/dev/Resgrid/Unit/node_modules/jest-runner/build/runTest.js:444:34)
    at Object.worker (/Users/shawn/dev/Resgrid/Unit/node_modules/jest-runner/build/testWorker.js:106:12)</failure>
    </testcase>
  </testsuite>
  <testsuite name="Contacts Page" errors="0" failures="9" skipped="0" timestamp="2025-07-16T04:47:01" time="2.448" tests="10">
    <testcase classname="Contacts Page should render loading state during initial fetch" name="Contacts Page should render loading state during initial fetch" time="0.309">
    </testcase>
    <testcase classname="Contacts Page should render contacts list when data is loaded" name="Contacts Page should render contacts list when data is loaded" time="0.052">
      <failure>Error: Couldn&apos;t find a navigation object. Is your component inside NavigationContainer?
    at useNavigation (/Users/shawn/dev/Resgrid/Unit/node_modules/@react-navigation/core/src/useNavigation.tsx:22:11)
    at useIsFocused (/Users/shawn/dev/Resgrid/Unit/node_modules/@react-navigation/core/src/useIsFocused.tsx:10:35)
    at FocusAwareStatusBar (/Users/shawn/dev/Resgrid/Unit/src/components/ui/focus-aware-status-bar.tsx:9:33)
    at renderWithHooks (/Users/shawn/dev/Resgrid/Unit/node_modules/react-test-renderer/cjs/react-test-renderer.development.js:5608:18)
    at mountIndeterminateComponent (/Users/shawn/dev/Resgrid/Unit/node_modules/react-test-renderer/cjs/react-test-renderer.development.js:9884:13)
    at beginWork (/Users/shawn/dev/Resgrid/Unit/node_modules/react-test-renderer/cjs/react-test-renderer.development.js:11351:16)
    at performUnitOfWork (/Users/shawn/dev/Resgrid/Unit/node_modules/react-test-renderer/cjs/react-test-renderer.development.js:15847:12)
    at workLoopSync (/Users/shawn/dev/Resgrid/Unit/node_modules/react-test-renderer/cjs/react-test-renderer.development.js:15784:5)
    at renderRootSync (/Users/shawn/dev/Resgrid/Unit/node_modules/react-test-renderer/cjs/react-test-renderer.development.js:15756:7)
    at performSyncWorkOnRoot (/Users/shawn/dev/Resgrid/Unit/node_modules/react-test-renderer/cjs/react-test-renderer.development.js:15461:20)
    at flushSyncCallbacks (/Users/shawn/dev/Resgrid/Unit/node_modules/react-test-renderer/cjs/react-test-renderer.development.js:2597:22)
    at flushActQueue (/Users/shawn/dev/Resgrid/Unit/node_modules/react/cjs/react.development.js:2667:24)
    at act (/Users/shawn/dev/Resgrid/Unit/node_modules/react/cjs/react.development.js:2521:11)
    at actImplementation (/Users/shawn/dev/Resgrid/Unit/node_modules/@testing-library/react-native/src/act.ts:30:25)
    at renderWithAct (/Users/shawn/dev/Resgrid/Unit/node_modules/@testing-library/react-native/src/render-act.ts:12:11)
    at renderInternal (/Users/shawn/dev/Resgrid/Unit/node_modules/@testing-library/react-native/src/render.tsx:81:33)
    at renderInternal (/Users/shawn/dev/Resgrid/Unit/node_modules/@testing-library/react-native/src/render.tsx:44:10)
    at Object.&lt;anonymous&gt; (/Users/shawn/dev/Resgrid/Unit/src/app/(app)/__tests__/contacts.test.tsx:139:11)
    at Generator.next (&lt;anonymous&gt;)
    at asyncGeneratorStep (/Users/shawn/dev/Resgrid/Unit/node_modules/@babel/runtime/helpers/asyncToGenerator.js:3:17)
    at _next (/Users/shawn/dev/Resgrid/Unit/node_modules/@babel/runtime/helpers/asyncToGenerator.js:17:9)
    at /Users/shawn/dev/Resgrid/Unit/node_modules/@babel/runtime/helpers/asyncToGenerator.js:22:7
    at new Promise (&lt;anonymous&gt;)
    at Object.&lt;anonymous&gt; (/Users/shawn/dev/Resgrid/Unit/node_modules/@babel/runtime/helpers/asyncToGenerator.js:14:12)
    at Promise.then.completed (/Users/shawn/dev/Resgrid/Unit/node_modules/jest-circus/build/utils.js:298:28)
    at new Promise (&lt;anonymous&gt;)
    at callAsyncCircusFn (/Users/shawn/dev/Resgrid/Unit/node_modules/jest-circus/build/utils.js:231:10)
    at _callCircusTest (/Users/shawn/dev/Resgrid/Unit/node_modules/jest-circus/build/run.js:316:40)
    at _runTest (/Users/shawn/dev/Resgrid/Unit/node_modules/jest-circus/build/run.js:252:3)
    at _runTestsForDescribeBlock (/Users/shawn/dev/Resgrid/Unit/node_modules/jest-circus/build/run.js:126:9)
    at _runTestsForDescribeBlock (/Users/shawn/dev/Resgrid/Unit/node_modules/jest-circus/build/run.js:121:9)
    at run (/Users/shawn/dev/Resgrid/Unit/node_modules/jest-circus/build/run.js:71:3)
    at runAndTransformResultsToJestFormat (/Users/shawn/dev/Resgrid/Unit/node_modules/jest-circus/build/legacy-code-todo-rewrite/jestAdapterInit.js:122:21)
    at jestAdapter (/Users/shawn/dev/Resgrid/Unit/node_modules/jest-circus/build/legacy-code-todo-rewrite/jestAdapter.js:79:19)
    at runTestInternal (/Users/shawn/dev/Resgrid/Unit/node_modules/jest-runner/build/runTest.js:367:16)
    at runTest (/Users/shawn/dev/Resgrid/Unit/node_modules/jest-runner/build/runTest.js:444:34)
    at Object.worker (/Users/shawn/dev/Resgrid/Unit/node_modules/jest-runner/build/testWorker.js:106:12)</failure>
    </testcase>
    <testcase classname="Contacts Page should render zero state when no contacts are available" name="Contacts Page should render zero state when no contacts are available" time="0.007">
      <failure>Error: Couldn&apos;t find a navigation object. Is your component inside NavigationContainer?
    at useNavigation (/Users/shawn/dev/Resgrid/Unit/node_modules/@react-navigation/core/src/useNavigation.tsx:22:11)
    at useIsFocused (/Users/shawn/dev/Resgrid/Unit/node_modules/@react-navigation/core/src/useIsFocused.tsx:10:35)
    at FocusAwareStatusBar (/Users/shawn/dev/Resgrid/Unit/src/components/ui/focus-aware-status-bar.tsx:9:33)
    at renderWithHooks (/Users/shawn/dev/Resgrid/Unit/node_modules/react-test-renderer/cjs/react-test-renderer.development.js:5608:18)
    at mountIndeterminateComponent (/Users/shawn/dev/Resgrid/Unit/node_modules/react-test-renderer/cjs/react-test-renderer.development.js:9884:13)
    at beginWork (/Users/shawn/dev/Resgrid/Unit/node_modules/react-test-renderer/cjs/react-test-renderer.development.js:11351:16)
    at performUnitOfWork (/Users/shawn/dev/Resgrid/Unit/node_modules/react-test-renderer/cjs/react-test-renderer.development.js:15847:12)
    at workLoopSync (/Users/shawn/dev/Resgrid/Unit/node_modules/react-test-renderer/cjs/react-test-renderer.development.js:15784:5)
    at renderRootSync (/Users/shawn/dev/Resgrid/Unit/node_modules/react-test-renderer/cjs/react-test-renderer.development.js:15756:7)
    at performSyncWorkOnRoot (/Users/shawn/dev/Resgrid/Unit/node_modules/react-test-renderer/cjs/react-test-renderer.development.js:15461:20)
    at flushSyncCallbacks (/Users/shawn/dev/Resgrid/Unit/node_modules/react-test-renderer/cjs/react-test-renderer.development.js:2597:22)
    at flushActQueue (/Users/shawn/dev/Resgrid/Unit/node_modules/react/cjs/react.development.js:2667:24)
    at act (/Users/shawn/dev/Resgrid/Unit/node_modules/react/cjs/react.development.js:2521:11)
    at actImplementation (/Users/shawn/dev/Resgrid/Unit/node_modules/@testing-library/react-native/src/act.ts:30:25)
    at renderWithAct (/Users/shawn/dev/Resgrid/Unit/node_modules/@testing-library/react-native/src/render-act.ts:12:11)
    at renderInternal (/Users/shawn/dev/Resgrid/Unit/node_modules/@testing-library/react-native/src/render.tsx:81:33)
    at renderInternal (/Users/shawn/dev/Resgrid/Unit/node_modules/@testing-library/react-native/src/render.tsx:44:10)
    at Object.&lt;anonymous&gt; (/Users/shawn/dev/Resgrid/Unit/src/app/(app)/__tests__/contacts.test.tsx:160:11)
    at Promise.then.completed (/Users/shawn/dev/Resgrid/Unit/node_modules/jest-circus/build/utils.js:298:28)
    at new Promise (&lt;anonymous&gt;)
    at callAsyncCircusFn (/Users/shawn/dev/Resgrid/Unit/node_modules/jest-circus/build/utils.js:231:10)
    at _callCircusTest (/Users/shawn/dev/Resgrid/Unit/node_modules/jest-circus/build/run.js:316:40)
    at _runTest (/Users/shawn/dev/Resgrid/Unit/node_modules/jest-circus/build/run.js:252:3)
    at _runTestsForDescribeBlock (/Users/shawn/dev/Resgrid/Unit/node_modules/jest-circus/build/run.js:126:9)
    at _runTestsForDescribeBlock (/Users/shawn/dev/Resgrid/Unit/node_modules/jest-circus/build/run.js:121:9)
    at run (/Users/shawn/dev/Resgrid/Unit/node_modules/jest-circus/build/run.js:71:3)
    at runAndTransformResultsToJestFormat (/Users/shawn/dev/Resgrid/Unit/node_modules/jest-circus/build/legacy-code-todo-rewrite/jestAdapterInit.js:122:21)
    at jestAdapter (/Users/shawn/dev/Resgrid/Unit/node_modules/jest-circus/build/legacy-code-todo-rewrite/jestAdapter.js:79:19)
    at runTestInternal (/Users/shawn/dev/Resgrid/Unit/node_modules/jest-runner/build/runTest.js:367:16)
    at runTest (/Users/shawn/dev/Resgrid/Unit/node_modules/jest-runner/build/runTest.js:444:34)
    at Object.worker (/Users/shawn/dev/Resgrid/Unit/node_modules/jest-runner/build/testWorker.js:106:12)</failure>
    </testcase>
    <testcase classname="Contacts Page should filter contacts based on search query" name="Contacts Page should filter contacts based on search query" time="0.036">
      <failure>Error: Couldn&apos;t find a navigation object. Is your component inside NavigationContainer?
    at useNavigation (/Users/shawn/dev/Resgrid/Unit/node_modules/@react-navigation/core/src/useNavigation.tsx:22:11)
    at useIsFocused (/Users/shawn/dev/Resgrid/Unit/node_modules/@react-navigation/core/src/useIsFocused.tsx:10:35)
    at FocusAwareStatusBar (/Users/shawn/dev/Resgrid/Unit/src/components/ui/focus-aware-status-bar.tsx:9:33)
    at renderWithHooks (/Users/shawn/dev/Resgrid/Unit/node_modules/react-test-renderer/cjs/react-test-renderer.development.js:5608:18)
    at mountIndeterminateComponent (/Users/shawn/dev/Resgrid/Unit/node_modules/react-test-renderer/cjs/react-test-renderer.development.js:9884:13)
    at beginWork (/Users/shawn/dev/Resgrid/Unit/node_modules/react-test-renderer/cjs/react-test-renderer.development.js:11351:16)
    at performUnitOfWork (/Users/shawn/dev/Resgrid/Unit/node_modules/react-test-renderer/cjs/react-test-renderer.development.js:15847:12)
    at workLoopSync (/Users/shawn/dev/Resgrid/Unit/node_modules/react-test-renderer/cjs/react-test-renderer.development.js:15784:5)
    at renderRootSync (/Users/shawn/dev/Resgrid/Unit/node_modules/react-test-renderer/cjs/react-test-renderer.development.js:15756:7)
    at performSyncWorkOnRoot (/Users/shawn/dev/Resgrid/Unit/node_modules/react-test-renderer/cjs/react-test-renderer.development.js:15461:20)
    at flushSyncCallbacks (/Users/shawn/dev/Resgrid/Unit/node_modules/react-test-renderer/cjs/react-test-renderer.development.js:2597:22)
    at flushActQueue (/Users/shawn/dev/Resgrid/Unit/node_modules/react/cjs/react.development.js:2667:24)
    at act (/Users/shawn/dev/Resgrid/Unit/node_modules/react/cjs/react.development.js:2521:11)
    at actImplementation (/Users/shawn/dev/Resgrid/Unit/node_modules/@testing-library/react-native/src/act.ts:30:25)
    at renderWithAct (/Users/shawn/dev/Resgrid/Unit/node_modules/@testing-library/react-native/src/render-act.ts:12:11)
    at renderInternal (/Users/shawn/dev/Resgrid/Unit/node_modules/@testing-library/react-native/src/render.tsx:81:33)
    at renderInternal (/Users/shawn/dev/Resgrid/Unit/node_modules/@testing-library/react-native/src/render.tsx:44:10)
    at Object.&lt;anonymous&gt; (/Users/shawn/dev/Resgrid/Unit/src/app/(app)/__tests__/contacts.test.tsx:177:11)
    at Generator.next (&lt;anonymous&gt;)
    at asyncGeneratorStep (/Users/shawn/dev/Resgrid/Unit/node_modules/@babel/runtime/helpers/asyncToGenerator.js:3:17)
    at _next (/Users/shawn/dev/Resgrid/Unit/node_modules/@babel/runtime/helpers/asyncToGenerator.js:17:9)
    at /Users/shawn/dev/Resgrid/Unit/node_modules/@babel/runtime/helpers/asyncToGenerator.js:22:7
    at new Promise (&lt;anonymous&gt;)
    at Object.&lt;anonymous&gt; (/Users/shawn/dev/Resgrid/Unit/node_modules/@babel/runtime/helpers/asyncToGenerator.js:14:12)
    at Promise.then.completed (/Users/shawn/dev/Resgrid/Unit/node_modules/jest-circus/build/utils.js:298:28)
    at new Promise (&lt;anonymous&gt;)
    at callAsyncCircusFn (/Users/shawn/dev/Resgrid/Unit/node_modules/jest-circus/build/utils.js:231:10)
    at _callCircusTest (/Users/shawn/dev/Resgrid/Unit/node_modules/jest-circus/build/run.js:316:40)
    at _runTest (/Users/shawn/dev/Resgrid/Unit/node_modules/jest-circus/build/run.js:252:3)
    at _runTestsForDescribeBlock (/Users/shawn/dev/Resgrid/Unit/node_modules/jest-circus/build/run.js:126:9)
    at _runTestsForDescribeBlock (/Users/shawn/dev/Resgrid/Unit/node_modules/jest-circus/build/run.js:121:9)
    at run (/Users/shawn/dev/Resgrid/Unit/node_modules/jest-circus/build/run.js:71:3)
    at runAndTransformResultsToJestFormat (/Users/shawn/dev/Resgrid/Unit/node_modules/jest-circus/build/legacy-code-todo-rewrite/jestAdapterInit.js:122:21)
    at jestAdapter (/Users/shawn/dev/Resgrid/Unit/node_modules/jest-circus/build/legacy-code-todo-rewrite/jestAdapter.js:79:19)
    at runTestInternal (/Users/shawn/dev/Resgrid/Unit/node_modules/jest-runner/build/runTest.js:367:16)
    at runTest (/Users/shawn/dev/Resgrid/Unit/node_modules/jest-runner/build/runTest.js:444:34)
    at Object.worker (/Users/shawn/dev/Resgrid/Unit/node_modules/jest-runner/build/testWorker.js:106:12)</failure>
    </testcase>
    <testcase classname="Contacts Page should show zero state when search returns no results" name="Contacts Page should show zero state when search returns no results" time="0.003">
      <failure>Error: Couldn&apos;t find a navigation object. Is your component inside NavigationContainer?
    at useNavigation (/Users/shawn/dev/Resgrid/Unit/node_modules/@react-navigation/core/src/useNavigation.tsx:22:11)
    at useIsFocused (/Users/shawn/dev/Resgrid/Unit/node_modules/@react-navigation/core/src/useIsFocused.tsx:10:35)
    at FocusAwareStatusBar (/Users/shawn/dev/Resgrid/Unit/src/components/ui/focus-aware-status-bar.tsx:9:33)
    at renderWithHooks (/Users/shawn/dev/Resgrid/Unit/node_modules/react-test-renderer/cjs/react-test-renderer.development.js:5608:18)
    at mountIndeterminateComponent (/Users/shawn/dev/Resgrid/Unit/node_modules/react-test-renderer/cjs/react-test-renderer.development.js:9884:13)
    at beginWork (/Users/shawn/dev/Resgrid/Unit/node_modules/react-test-renderer/cjs/react-test-renderer.development.js:11351:16)
    at performUnitOfWork (/Users/shawn/dev/Resgrid/Unit/node_modules/react-test-renderer/cjs/react-test-renderer.development.js:15847:12)
    at workLoopSync (/Users/shawn/dev/Resgrid/Unit/node_modules/react-test-renderer/cjs/react-test-renderer.development.js:15784:5)
    at renderRootSync (/Users/shawn/dev/Resgrid/Unit/node_modules/react-test-renderer/cjs/react-test-renderer.development.js:15756:7)
    at performSyncWorkOnRoot (/Users/shawn/dev/Resgrid/Unit/node_modules/react-test-renderer/cjs/react-test-renderer.development.js:15461:20)
    at flushSyncCallbacks (/Users/shawn/dev/Resgrid/Unit/node_modules/react-test-renderer/cjs/react-test-renderer.development.js:2597:22)
    at flushActQueue (/Users/shawn/dev/Resgrid/Unit/node_modules/react/cjs/react.development.js:2667:24)
    at act (/Users/shawn/dev/Resgrid/Unit/node_modules/react/cjs/react.development.js:2521:11)
    at actImplementation (/Users/shawn/dev/Resgrid/Unit/node_modules/@testing-library/react-native/src/act.ts:30:25)
    at renderWithAct (/Users/shawn/dev/Resgrid/Unit/node_modules/@testing-library/react-native/src/render-act.ts:12:11)
    at renderInternal (/Users/shawn/dev/Resgrid/Unit/node_modules/@testing-library/react-native/src/render.tsx:81:33)
    at renderInternal (/Users/shawn/dev/Resgrid/Unit/node_modules/@testing-library/react-native/src/render.tsx:44:10)
    at Object.&lt;anonymous&gt; (/Users/shawn/dev/Resgrid/Unit/src/app/(app)/__tests__/contacts.test.tsx:197:11)
    at Promise.then.completed (/Users/shawn/dev/Resgrid/Unit/node_modules/jest-circus/build/utils.js:298:28)
    at new Promise (&lt;anonymous&gt;)
    at callAsyncCircusFn (/Users/shawn/dev/Resgrid/Unit/node_modules/jest-circus/build/utils.js:231:10)
    at _callCircusTest (/Users/shawn/dev/Resgrid/Unit/node_modules/jest-circus/build/run.js:316:40)
    at _runTest (/Users/shawn/dev/Resgrid/Unit/node_modules/jest-circus/build/run.js:252:3)
    at _runTestsForDescribeBlock (/Users/shawn/dev/Resgrid/Unit/node_modules/jest-circus/build/run.js:126:9)
    at _runTestsForDescribeBlock (/Users/shawn/dev/Resgrid/Unit/node_modules/jest-circus/build/run.js:121:9)
    at run (/Users/shawn/dev/Resgrid/Unit/node_modules/jest-circus/build/run.js:71:3)
    at runAndTransformResultsToJestFormat (/Users/shawn/dev/Resgrid/Unit/node_modules/jest-circus/build/legacy-code-todo-rewrite/jestAdapterInit.js:122:21)
    at jestAdapter (/Users/shawn/dev/Resgrid/Unit/node_modules/jest-circus/build/legacy-code-todo-rewrite/jestAdapter.js:79:19)
    at runTestInternal (/Users/shawn/dev/Resgrid/Unit/node_modules/jest-runner/build/runTest.js:367:16)
    at runTest (/Users/shawn/dev/Resgrid/Unit/node_modules/jest-runner/build/runTest.js:444:34)
    at Object.worker (/Users/shawn/dev/Resgrid/Unit/node_modules/jest-runner/build/testWorker.js:106:12)</failure>
    </testcase>
    <testcase classname="Contacts Page should handle search input changes" name="Contacts Page should handle search input changes" time="0.003">
      <failure>Error: Couldn&apos;t find a navigation object. Is your component inside NavigationContainer?
    at useNavigation (/Users/shawn/dev/Resgrid/Unit/node_modules/@react-navigation/core/src/useNavigation.tsx:22:11)
    at useIsFocused (/Users/shawn/dev/Resgrid/Unit/node_modules/@react-navigation/core/src/useIsFocused.tsx:10:35)
    at FocusAwareStatusBar (/Users/shawn/dev/Resgrid/Unit/src/components/ui/focus-aware-status-bar.tsx:9:33)
    at renderWithHooks (/Users/shawn/dev/Resgrid/Unit/node_modules/react-test-renderer/cjs/react-test-renderer.development.js:5608:18)
    at mountIndeterminateComponent (/Users/shawn/dev/Resgrid/Unit/node_modules/react-test-renderer/cjs/react-test-renderer.development.js:9884:13)
    at beginWork (/Users/shawn/dev/Resgrid/Unit/node_modules/react-test-renderer/cjs/react-test-renderer.development.js:11351:16)
    at performUnitOfWork (/Users/shawn/dev/Resgrid/Unit/node_modules/react-test-renderer/cjs/react-test-renderer.development.js:15847:12)
    at workLoopSync (/Users/shawn/dev/Resgrid/Unit/node_modules/react-test-renderer/cjs/react-test-renderer.development.js:15784:5)
    at renderRootSync (/Users/shawn/dev/Resgrid/Unit/node_modules/react-test-renderer/cjs/react-test-renderer.development.js:15756:7)
    at performSyncWorkOnRoot (/Users/shawn/dev/Resgrid/Unit/node_modules/react-test-renderer/cjs/react-test-renderer.development.js:15461:20)
    at flushSyncCallbacks (/Users/shawn/dev/Resgrid/Unit/node_modules/react-test-renderer/cjs/react-test-renderer.development.js:2597:22)
    at flushActQueue (/Users/shawn/dev/Resgrid/Unit/node_modules/react/cjs/react.development.js:2667:24)
    at act (/Users/shawn/dev/Resgrid/Unit/node_modules/react/cjs/react.development.js:2521:11)
    at actImplementation (/Users/shawn/dev/Resgrid/Unit/node_modules/@testing-library/react-native/src/act.ts:30:25)
    at renderWithAct (/Users/shawn/dev/Resgrid/Unit/node_modules/@testing-library/react-native/src/render-act.ts:12:11)
    at renderInternal (/Users/shawn/dev/Resgrid/Unit/node_modules/@testing-library/react-native/src/render.tsx:81:33)
    at renderInternal (/Users/shawn/dev/Resgrid/Unit/node_modules/@testing-library/react-native/src/render.tsx:44:10)
    at Object.&lt;anonymous&gt; (/Users/shawn/dev/Resgrid/Unit/src/app/(app)/__tests__/contacts.test.tsx:214:11)
    at Generator.next (&lt;anonymous&gt;)
    at asyncGeneratorStep (/Users/shawn/dev/Resgrid/Unit/node_modules/@babel/runtime/helpers/asyncToGenerator.js:3:17)
    at _next (/Users/shawn/dev/Resgrid/Unit/node_modules/@babel/runtime/helpers/asyncToGenerator.js:17:9)
    at /Users/shawn/dev/Resgrid/Unit/node_modules/@babel/runtime/helpers/asyncToGenerator.js:22:7
    at new Promise (&lt;anonymous&gt;)
    at Object.&lt;anonymous&gt; (/Users/shawn/dev/Resgrid/Unit/node_modules/@babel/runtime/helpers/asyncToGenerator.js:14:12)
    at Promise.then.completed (/Users/shawn/dev/Resgrid/Unit/node_modules/jest-circus/build/utils.js:298:28)
    at new Promise (&lt;anonymous&gt;)
    at callAsyncCircusFn (/Users/shawn/dev/Resgrid/Unit/node_modules/jest-circus/build/utils.js:231:10)
    at _callCircusTest (/Users/shawn/dev/Resgrid/Unit/node_modules/jest-circus/build/run.js:316:40)
    at _runTest (/Users/shawn/dev/Resgrid/Unit/node_modules/jest-circus/build/run.js:252:3)
    at _runTestsForDescribeBlock (/Users/shawn/dev/Resgrid/Unit/node_modules/jest-circus/build/run.js:126:9)
    at _runTestsForDescribeBlock (/Users/shawn/dev/Resgrid/Unit/node_modules/jest-circus/build/run.js:121:9)
    at run (/Users/shawn/dev/Resgrid/Unit/node_modules/jest-circus/build/run.js:71:3)
    at runAndTransformResultsToJestFormat (/Users/shawn/dev/Resgrid/Unit/node_modules/jest-circus/build/legacy-code-todo-rewrite/jestAdapterInit.js:122:21)
    at jestAdapter (/Users/shawn/dev/Resgrid/Unit/node_modules/jest-circus/build/legacy-code-todo-rewrite/jestAdapter.js:79:19)
    at runTestInternal (/Users/shawn/dev/Resgrid/Unit/node_modules/jest-runner/build/runTest.js:367:16)
    at runTest (/Users/shawn/dev/Resgrid/Unit/node_modules/jest-runner/build/runTest.js:444:34)
    at Object.worker (/Users/shawn/dev/Resgrid/Unit/node_modules/jest-runner/build/testWorker.js:106:12)</failure>
    </testcase>
    <testcase classname="Contacts Page should clear search query when X button is pressed" name="Contacts Page should clear search query when X button is pressed" time="0.005">
      <failure>Error: Couldn&apos;t find a navigation object. Is your component inside NavigationContainer?
    at useNavigation (/Users/shawn/dev/Resgrid/Unit/node_modules/@react-navigation/core/src/useNavigation.tsx:22:11)
    at useIsFocused (/Users/shawn/dev/Resgrid/Unit/node_modules/@react-navigation/core/src/useIsFocused.tsx:10:35)
    at FocusAwareStatusBar (/Users/shawn/dev/Resgrid/Unit/src/components/ui/focus-aware-status-bar.tsx:9:33)
    at renderWithHooks (/Users/shawn/dev/Resgrid/Unit/node_modules/react-test-renderer/cjs/react-test-renderer.development.js:5608:18)
    at mountIndeterminateComponent (/Users/shawn/dev/Resgrid/Unit/node_modules/react-test-renderer/cjs/react-test-renderer.development.js:9884:13)
    at beginWork (/Users/shawn/dev/Resgrid/Unit/node_modules/react-test-renderer/cjs/react-test-renderer.development.js:11351:16)
    at performUnitOfWork (/Users/shawn/dev/Resgrid/Unit/node_modules/react-test-renderer/cjs/react-test-renderer.development.js:15847:12)
    at workLoopSync (/Users/shawn/dev/Resgrid/Unit/node_modules/react-test-renderer/cjs/react-test-renderer.development.js:15784:5)
    at renderRootSync (/Users/shawn/dev/Resgrid/Unit/node_modules/react-test-renderer/cjs/react-test-renderer.development.js:15756:7)
    at performSyncWorkOnRoot (/Users/shawn/dev/Resgrid/Unit/node_modules/react-test-renderer/cjs/react-test-renderer.development.js:15461:20)
    at flushSyncCallbacks (/Users/shawn/dev/Resgrid/Unit/node_modules/react-test-renderer/cjs/react-test-renderer.development.js:2597:22)
    at flushActQueue (/Users/shawn/dev/Resgrid/Unit/node_modules/react/cjs/react.development.js:2667:24)
    at act (/Users/shawn/dev/Resgrid/Unit/node_modules/react/cjs/react.development.js:2521:11)
    at actImplementation (/Users/shawn/dev/Resgrid/Unit/node_modules/@testing-library/react-native/src/act.ts:30:25)
    at renderWithAct (/Users/shawn/dev/Resgrid/Unit/node_modules/@testing-library/react-native/src/render-act.ts:12:11)
    at renderInternal (/Users/shawn/dev/Resgrid/Unit/node_modules/@testing-library/react-native/src/render.tsx:81:33)
    at renderInternal (/Users/shawn/dev/Resgrid/Unit/node_modules/@testing-library/react-native/src/render.tsx:44:10)
    at Object.&lt;anonymous&gt; (/Users/shawn/dev/Resgrid/Unit/src/app/(app)/__tests__/contacts.test.tsx:234:11)
    at Generator.next (&lt;anonymous&gt;)
    at asyncGeneratorStep (/Users/shawn/dev/Resgrid/Unit/node_modules/@babel/runtime/helpers/asyncToGenerator.js:3:17)
    at _next (/Users/shawn/dev/Resgrid/Unit/node_modules/@babel/runtime/helpers/asyncToGenerator.js:17:9)
    at /Users/shawn/dev/Resgrid/Unit/node_modules/@babel/runtime/helpers/asyncToGenerator.js:22:7
    at new Promise (&lt;anonymous&gt;)
    at Object.&lt;anonymous&gt; (/Users/shawn/dev/Resgrid/Unit/node_modules/@babel/runtime/helpers/asyncToGenerator.js:14:12)
    at Promise.then.completed (/Users/shawn/dev/Resgrid/Unit/node_modules/jest-circus/build/utils.js:298:28)
    at new Promise (&lt;anonymous&gt;)
    at callAsyncCircusFn (/Users/shawn/dev/Resgrid/Unit/node_modules/jest-circus/build/utils.js:231:10)
    at _callCircusTest (/Users/shawn/dev/Resgrid/Unit/node_modules/jest-circus/build/run.js:316:40)
    at _runTest (/Users/shawn/dev/Resgrid/Unit/node_modules/jest-circus/build/run.js:252:3)
    at _runTestsForDescribeBlock (/Users/shawn/dev/Resgrid/Unit/node_modules/jest-circus/build/run.js:126:9)
    at _runTestsForDescribeBlock (/Users/shawn/dev/Resgrid/Unit/node_modules/jest-circus/build/run.js:121:9)
    at run (/Users/shawn/dev/Resgrid/Unit/node_modules/jest-circus/build/run.js:71:3)
    at runAndTransformResultsToJestFormat (/Users/shawn/dev/Resgrid/Unit/node_modules/jest-circus/build/legacy-code-todo-rewrite/jestAdapterInit.js:122:21)
    at jestAdapter (/Users/shawn/dev/Resgrid/Unit/node_modules/jest-circus/build/legacy-code-todo-rewrite/jestAdapter.js:79:19)
    at runTestInternal (/Users/shawn/dev/Resgrid/Unit/node_modules/jest-runner/build/runTest.js:367:16)
    at runTest (/Users/shawn/dev/Resgrid/Unit/node_modules/jest-runner/build/runTest.js:444:34)
    at Object.worker (/Users/shawn/dev/Resgrid/Unit/node_modules/jest-runner/build/testWorker.js:106:12)</failure>
    </testcase>
    <testcase classname="Contacts Page should handle contact selection" name="Contacts Page should handle contact selection" time="0.009">
      <failure>Error: Couldn&apos;t find a navigation object. Is your component inside NavigationContainer?
    at useNavigation (/Users/shawn/dev/Resgrid/Unit/node_modules/@react-navigation/core/src/useNavigation.tsx:22:11)
    at useIsFocused (/Users/shawn/dev/Resgrid/Unit/node_modules/@react-navigation/core/src/useIsFocused.tsx:10:35)
    at FocusAwareStatusBar (/Users/shawn/dev/Resgrid/Unit/src/components/ui/focus-aware-status-bar.tsx:9:33)
    at renderWithHooks (/Users/shawn/dev/Resgrid/Unit/node_modules/react-test-renderer/cjs/react-test-renderer.development.js:5608:18)
    at mountIndeterminateComponent (/Users/shawn/dev/Resgrid/Unit/node_modules/react-test-renderer/cjs/react-test-renderer.development.js:9884:13)
    at beginWork (/Users/shawn/dev/Resgrid/Unit/node_modules/react-test-renderer/cjs/react-test-renderer.development.js:11351:16)
    at performUnitOfWork (/Users/shawn/dev/Resgrid/Unit/node_modules/react-test-renderer/cjs/react-test-renderer.development.js:15847:12)
    at workLoopSync (/Users/shawn/dev/Resgrid/Unit/node_modules/react-test-renderer/cjs/react-test-renderer.development.js:15784:5)
    at renderRootSync (/Users/shawn/dev/Resgrid/Unit/node_modules/react-test-renderer/cjs/react-test-renderer.development.js:15756:7)
    at performSyncWorkOnRoot (/Users/shawn/dev/Resgrid/Unit/node_modules/react-test-renderer/cjs/react-test-renderer.development.js:15461:20)
    at flushSyncCallbacks (/Users/shawn/dev/Resgrid/Unit/node_modules/react-test-renderer/cjs/react-test-renderer.development.js:2597:22)
    at flushActQueue (/Users/shawn/dev/Resgrid/Unit/node_modules/react/cjs/react.development.js:2667:24)
    at act (/Users/shawn/dev/Resgrid/Unit/node_modules/react/cjs/react.development.js:2521:11)
    at actImplementation (/Users/shawn/dev/Resgrid/Unit/node_modules/@testing-library/react-native/src/act.ts:30:25)
    at renderWithAct (/Users/shawn/dev/Resgrid/Unit/node_modules/@testing-library/react-native/src/render-act.ts:12:11)
    at renderInternal (/Users/shawn/dev/Resgrid/Unit/node_modules/@testing-library/react-native/src/render.tsx:81:33)
    at renderInternal (/Users/shawn/dev/Resgrid/Unit/node_modules/@testing-library/react-native/src/render.tsx:44:10)
    at Object.&lt;anonymous&gt; (/Users/shawn/dev/Resgrid/Unit/src/app/(app)/__tests__/contacts.test.tsx:258:11)
    at Generator.next (&lt;anonymous&gt;)
    at asyncGeneratorStep (/Users/shawn/dev/Resgrid/Unit/node_modules/@babel/runtime/helpers/asyncToGenerator.js:3:17)
    at _next (/Users/shawn/dev/Resgrid/Unit/node_modules/@babel/runtime/helpers/asyncToGenerator.js:17:9)
    at /Users/shawn/dev/Resgrid/Unit/node_modules/@babel/runtime/helpers/asyncToGenerator.js:22:7
    at new Promise (&lt;anonymous&gt;)
    at Object.&lt;anonymous&gt; (/Users/shawn/dev/Resgrid/Unit/node_modules/@babel/runtime/helpers/asyncToGenerator.js:14:12)
    at Promise.then.completed (/Users/shawn/dev/Resgrid/Unit/node_modules/jest-circus/build/utils.js:298:28)
    at new Promise (&lt;anonymous&gt;)
    at callAsyncCircusFn (/Users/shawn/dev/Resgrid/Unit/node_modules/jest-circus/build/utils.js:231:10)
    at _callCircusTest (/Users/shawn/dev/Resgrid/Unit/node_modules/jest-circus/build/run.js:316:40)
    at _runTest (/Users/shawn/dev/Resgrid/Unit/node_modules/jest-circus/build/run.js:252:3)
    at _runTestsForDescribeBlock (/Users/shawn/dev/Resgrid/Unit/node_modules/jest-circus/build/run.js:126:9)
    at _runTestsForDescribeBlock (/Users/shawn/dev/Resgrid/Unit/node_modules/jest-circus/build/run.js:121:9)
    at run (/Users/shawn/dev/Resgrid/Unit/node_modules/jest-circus/build/run.js:71:3)
    at runAndTransformResultsToJestFormat (/Users/shawn/dev/Resgrid/Unit/node_modules/jest-circus/build/legacy-code-todo-rewrite/jestAdapterInit.js:122:21)
    at jestAdapter (/Users/shawn/dev/Resgrid/Unit/node_modules/jest-circus/build/legacy-code-todo-rewrite/jestAdapter.js:79:19)
    at runTestInternal (/Users/shawn/dev/Resgrid/Unit/node_modules/jest-runner/build/runTest.js:367:16)
    at runTest (/Users/shawn/dev/Resgrid/Unit/node_modules/jest-runner/build/runTest.js:444:34)
    at Object.worker (/Users/shawn/dev/Resgrid/Unit/node_modules/jest-runner/build/testWorker.js:106:12)</failure>
    </testcase>
    <testcase classname="Contacts Page should handle refresh functionality" name="Contacts Page should handle refresh functionality" time="0.019">
      <failure>Error: Couldn&apos;t find a navigation object. Is your component inside NavigationContainer?
    at useNavigation (/Users/shawn/dev/Resgrid/Unit/node_modules/@react-navigation/core/src/useNavigation.tsx:22:11)
    at useIsFocused (/Users/shawn/dev/Resgrid/Unit/node_modules/@react-navigation/core/src/useIsFocused.tsx:10:35)
    at FocusAwareStatusBar (/Users/shawn/dev/Resgrid/Unit/src/components/ui/focus-aware-status-bar.tsx:9:33)
    at renderWithHooks (/Users/shawn/dev/Resgrid/Unit/node_modules/react-test-renderer/cjs/react-test-renderer.development.js:5608:18)
    at mountIndeterminateComponent (/Users/shawn/dev/Resgrid/Unit/node_modules/react-test-renderer/cjs/react-test-renderer.development.js:9884:13)
    at beginWork (/Users/shawn/dev/Resgrid/Unit/node_modules/react-test-renderer/cjs/react-test-renderer.development.js:11351:16)
    at performUnitOfWork (/Users/shawn/dev/Resgrid/Unit/node_modules/react-test-renderer/cjs/react-test-renderer.development.js:15847:12)
    at workLoopSync (/Users/shawn/dev/Resgrid/Unit/node_modules/react-test-renderer/cjs/react-test-renderer.development.js:15784:5)
    at renderRootSync (/Users/shawn/dev/Resgrid/Unit/node_modules/react-test-renderer/cjs/react-test-renderer.development.js:15756:7)
    at performSyncWorkOnRoot (/Users/shawn/dev/Resgrid/Unit/node_modules/react-test-renderer/cjs/react-test-renderer.development.js:15461:20)
    at flushSyncCallbacks (/Users/shawn/dev/Resgrid/Unit/node_modules/react-test-renderer/cjs/react-test-renderer.development.js:2597:22)
    at flushActQueue (/Users/shawn/dev/Resgrid/Unit/node_modules/react/cjs/react.development.js:2667:24)
    at act (/Users/shawn/dev/Resgrid/Unit/node_modules/react/cjs/react.development.js:2521:11)
    at actImplementation (/Users/shawn/dev/Resgrid/Unit/node_modules/@testing-library/react-native/src/act.ts:30:25)
    at renderWithAct (/Users/shawn/dev/Resgrid/Unit/node_modules/@testing-library/react-native/src/render-act.ts:12:11)
    at renderInternal (/Users/shawn/dev/Resgrid/Unit/node_modules/@testing-library/react-native/src/render.tsx:81:33)
    at renderInternal (/Users/shawn/dev/Resgrid/Unit/node_modules/@testing-library/react-native/src/render.tsx:44:10)
    at Object.&lt;anonymous&gt; (/Users/shawn/dev/Resgrid/Unit/src/app/(app)/__tests__/contacts.test.tsx:278:11)
    at Generator.next (&lt;anonymous&gt;)
    at asyncGeneratorStep (/Users/shawn/dev/Resgrid/Unit/node_modules/@babel/runtime/helpers/asyncToGenerator.js:3:17)
    at _next (/Users/shawn/dev/Resgrid/Unit/node_modules/@babel/runtime/helpers/asyncToGenerator.js:17:9)
    at /Users/shawn/dev/Resgrid/Unit/node_modules/@babel/runtime/helpers/asyncToGenerator.js:22:7
    at new Promise (&lt;anonymous&gt;)
    at Object.&lt;anonymous&gt; (/Users/shawn/dev/Resgrid/Unit/node_modules/@babel/runtime/helpers/asyncToGenerator.js:14:12)
    at Promise.then.completed (/Users/shawn/dev/Resgrid/Unit/node_modules/jest-circus/build/utils.js:298:28)
    at new Promise (&lt;anonymous&gt;)
    at callAsyncCircusFn (/Users/shawn/dev/Resgrid/Unit/node_modules/jest-circus/build/utils.js:231:10)
    at _callCircusTest (/Users/shawn/dev/Resgrid/Unit/node_modules/jest-circus/build/run.js:316:40)
    at _runTest (/Users/shawn/dev/Resgrid/Unit/node_modules/jest-circus/build/run.js:252:3)
    at _runTestsForDescribeBlock (/Users/shawn/dev/Resgrid/Unit/node_modules/jest-circus/build/run.js:126:9)
    at _runTestsForDescribeBlock (/Users/shawn/dev/Resgrid/Unit/node_modules/jest-circus/build/run.js:121:9)
    at run (/Users/shawn/dev/Resgrid/Unit/node_modules/jest-circus/build/run.js:71:3)
    at runAndTransformResultsToJestFormat (/Users/shawn/dev/Resgrid/Unit/node_modules/jest-circus/build/legacy-code-todo-rewrite/jestAdapterInit.js:122:21)
    at jestAdapter (/Users/shawn/dev/Resgrid/Unit/node_modules/jest-circus/build/legacy-code-todo-rewrite/jestAdapter.js:79:19)
    at runTestInternal (/Users/shawn/dev/Resgrid/Unit/node_modules/jest-runner/build/runTest.js:367:16)
    at runTest (/Users/shawn/dev/Resgrid/Unit/node_modules/jest-runner/build/runTest.js:444:34)
    at Object.worker (/Users/shawn/dev/Resgrid/Unit/node_modules/jest-runner/build/testWorker.js:106:12)</failure>
    </testcase>
    <testcase classname="Contacts Page should not show loading when contacts are already loaded during refresh" name="Contacts Page should not show loading when contacts are already loaded during refresh" time="0.006">
      <failure>Error: Couldn&apos;t find a navigation object. Is your component inside NavigationContainer?
    at useNavigation (/Users/shawn/dev/Resgrid/Unit/node_modules/@react-navigation/core/src/useNavigation.tsx:22:11)
    at useIsFocused (/Users/shawn/dev/Resgrid/Unit/node_modules/@react-navigation/core/src/useIsFocused.tsx:10:35)
    at FocusAwareStatusBar (/Users/shawn/dev/Resgrid/Unit/src/components/ui/focus-aware-status-bar.tsx:9:33)
    at renderWithHooks (/Users/shawn/dev/Resgrid/Unit/node_modules/react-test-renderer/cjs/react-test-renderer.development.js:5608:18)
    at mountIndeterminateComponent (/Users/shawn/dev/Resgrid/Unit/node_modules/react-test-renderer/cjs/react-test-renderer.development.js:9884:13)
    at beginWork (/Users/shawn/dev/Resgrid/Unit/node_modules/react-test-renderer/cjs/react-test-renderer.development.js:11351:16)
    at performUnitOfWork (/Users/shawn/dev/Resgrid/Unit/node_modules/react-test-renderer/cjs/react-test-renderer.development.js:15847:12)
    at workLoopSync (/Users/shawn/dev/Resgrid/Unit/node_modules/react-test-renderer/cjs/react-test-renderer.development.js:15784:5)
    at renderRootSync (/Users/shawn/dev/Resgrid/Unit/node_modules/react-test-renderer/cjs/react-test-renderer.development.js:15756:7)
    at performSyncWorkOnRoot (/Users/shawn/dev/Resgrid/Unit/node_modules/react-test-renderer/cjs/react-test-renderer.development.js:15461:20)
    at flushSyncCallbacks (/Users/shawn/dev/Resgrid/Unit/node_modules/react-test-renderer/cjs/react-test-renderer.development.js:2597:22)
    at flushActQueue (/Users/shawn/dev/Resgrid/Unit/node_modules/react/cjs/react.development.js:2667:24)
    at act (/Users/shawn/dev/Resgrid/Unit/node_modules/react/cjs/react.development.js:2521:11)
    at actImplementation (/Users/shawn/dev/Resgrid/Unit/node_modules/@testing-library/react-native/src/act.ts:30:25)
    at renderWithAct (/Users/shawn/dev/Resgrid/Unit/node_modules/@testing-library/react-native/src/render-act.ts:12:11)
    at renderInternal (/Users/shawn/dev/Resgrid/Unit/node_modules/@testing-library/react-native/src/render.tsx:81:33)
    at renderInternal (/Users/shawn/dev/Resgrid/Unit/node_modules/@testing-library/react-native/src/render.tsx:44:10)
    at Object.&lt;anonymous&gt; (/Users/shawn/dev/Resgrid/Unit/src/app/(app)/__tests__/contacts.test.tsx:299:11)
    at Promise.then.completed (/Users/shawn/dev/Resgrid/Unit/node_modules/jest-circus/build/utils.js:298:28)
    at new Promise (&lt;anonymous&gt;)
    at callAsyncCircusFn (/Users/shawn/dev/Resgrid/Unit/node_modules/jest-circus/build/utils.js:231:10)
    at _callCircusTest (/Users/shawn/dev/Resgrid/Unit/node_modules/jest-circus/build/run.js:316:40)
    at _runTest (/Users/shawn/dev/Resgrid/Unit/node_modules/jest-circus/build/run.js:252:3)
    at _runTestsForDescribeBlock (/Users/shawn/dev/Resgrid/Unit/node_modules/jest-circus/build/run.js:126:9)
    at _runTestsForDescribeBlock (/Users/shawn/dev/Resgrid/Unit/node_modules/jest-circus/build/run.js:121:9)
    at run (/Users/shawn/dev/Resgrid/Unit/node_modules/jest-circus/build/run.js:71:3)
    at runAndTransformResultsToJestFormat (/Users/shawn/dev/Resgrid/Unit/node_modules/jest-circus/build/legacy-code-todo-rewrite/jestAdapterInit.js:122:21)
    at jestAdapter (/Users/shawn/dev/Resgrid/Unit/node_modules/jest-circus/build/legacy-code-todo-rewrite/jestAdapter.js:79:19)
    at runTestInternal (/Users/shawn/dev/Resgrid/Unit/node_modules/jest-runner/build/runTest.js:367:16)
    at runTest (/Users/shawn/dev/Resgrid/Unit/node_modules/jest-runner/build/runTest.js:444:34)
    at Object.worker (/Users/shawn/dev/Resgrid/Unit/node_modules/jest-runner/build/testWorker.js:106:12)</failure>
    </testcase>
  </testsuite>
  <testsuite name="Map Component - App Lifecycle" errors="0" failures="6" skipped="0" timestamp="2025-07-16T04:47:01" time="2.434" tests="6">
    <testcase classname="Map Component - App Lifecycle should reset user moved state when app becomes active" name="Map Component - App Lifecycle should reset user moved state when app becomes active" time="0.132">
      <failure>Error: Couldn&apos;t find a navigation object. Is your component inside NavigationContainer?
    at useNavigation (/Users/shawn/dev/Resgrid/Unit/node_modules/@react-navigation/core/src/useNavigation.tsx:22:11)
    at useIsFocused (/Users/shawn/dev/Resgrid/Unit/node_modules/@react-navigation/core/src/useIsFocused.tsx:10:35)
    at FocusAwareStatusBar (/Users/shawn/dev/Resgrid/Unit/src/components/ui/focus-aware-status-bar.tsx:9:33)
    at renderWithHooks (/Users/shawn/dev/Resgrid/Unit/node_modules/react-test-renderer/cjs/react-test-renderer.development.js:5608:18)
    at mountIndeterminateComponent (/Users/shawn/dev/Resgrid/Unit/node_modules/react-test-renderer/cjs/react-test-renderer.development.js:9884:13)
    at beginWork (/Users/shawn/dev/Resgrid/Unit/node_modules/react-test-renderer/cjs/react-test-renderer.development.js:11351:16)
    at performUnitOfWork (/Users/shawn/dev/Resgrid/Unit/node_modules/react-test-renderer/cjs/react-test-renderer.development.js:15847:12)
    at workLoopSync (/Users/shawn/dev/Resgrid/Unit/node_modules/react-test-renderer/cjs/react-test-renderer.development.js:15784:5)
    at renderRootSync (/Users/shawn/dev/Resgrid/Unit/node_modules/react-test-renderer/cjs/react-test-renderer.development.js:15756:7)
    at performSyncWorkOnRoot (/Users/shawn/dev/Resgrid/Unit/node_modules/react-test-renderer/cjs/react-test-renderer.development.js:15461:20)
    at flushSyncCallbacks (/Users/shawn/dev/Resgrid/Unit/node_modules/react-test-renderer/cjs/react-test-renderer.development.js:2597:22)
    at flushActQueue (/Users/shawn/dev/Resgrid/Unit/node_modules/react/cjs/react.development.js:2667:24)
    at act (/Users/shawn/dev/Resgrid/Unit/node_modules/react/cjs/react.development.js:2521:11)
    at actImplementation (/Users/shawn/dev/Resgrid/Unit/node_modules/@testing-library/react-native/src/act.ts:30:25)
    at renderWithAct (/Users/shawn/dev/Resgrid/Unit/node_modules/@testing-library/react-native/src/render-act.ts:12:11)
    at renderInternal (/Users/shawn/dev/Resgrid/Unit/node_modules/@testing-library/react-native/src/render.tsx:81:33)
    at renderInternal (/Users/shawn/dev/Resgrid/Unit/node_modules/@testing-library/react-native/src/render.tsx:44:10)
    at Object.&lt;anonymous&gt; (/Users/shawn/dev/Resgrid/Unit/src/app/(app)/__tests__/index.test.tsx:106:32)
    at Generator.next (&lt;anonymous&gt;)
    at asyncGeneratorStep (/Users/shawn/dev/Resgrid/Unit/node_modules/@babel/runtime/helpers/asyncToGenerator.js:3:17)
    at _next (/Users/shawn/dev/Resgrid/Unit/node_modules/@babel/runtime/helpers/asyncToGenerator.js:17:9)
    at /Users/shawn/dev/Resgrid/Unit/node_modules/@babel/runtime/helpers/asyncToGenerator.js:22:7
    at new Promise (&lt;anonymous&gt;)
    at Object.&lt;anonymous&gt; (/Users/shawn/dev/Resgrid/Unit/node_modules/@babel/runtime/helpers/asyncToGenerator.js:14:12)
    at Promise.then.completed (/Users/shawn/dev/Resgrid/Unit/node_modules/jest-circus/build/utils.js:298:28)
    at new Promise (&lt;anonymous&gt;)
    at callAsyncCircusFn (/Users/shawn/dev/Resgrid/Unit/node_modules/jest-circus/build/utils.js:231:10)
    at _callCircusTest (/Users/shawn/dev/Resgrid/Unit/node_modules/jest-circus/build/run.js:316:40)
    at processTicksAndRejections (node:internal/process/task_queues:105:5)
    at _runTest (/Users/shawn/dev/Resgrid/Unit/node_modules/jest-circus/build/run.js:252:3)
    at _runTestsForDescribeBlock (/Users/shawn/dev/Resgrid/Unit/node_modules/jest-circus/build/run.js:126:9)
    at _runTestsForDescribeBlock (/Users/shawn/dev/Resgrid/Unit/node_modules/jest-circus/build/run.js:121:9)
    at run (/Users/shawn/dev/Resgrid/Unit/node_modules/jest-circus/build/run.js:71:3)
    at runAndTransformResultsToJestFormat (/Users/shawn/dev/Resgrid/Unit/node_modules/jest-circus/build/legacy-code-todo-rewrite/jestAdapterInit.js:122:21)
    at jestAdapter (/Users/shawn/dev/Resgrid/Unit/node_modules/jest-circus/build/legacy-code-todo-rewrite/jestAdapter.js:79:19)
    at runTestInternal (/Users/shawn/dev/Resgrid/Unit/node_modules/jest-runner/build/runTest.js:367:16)
    at runTest (/Users/shawn/dev/Resgrid/Unit/node_modules/jest-runner/build/runTest.js:444:34)
    at Object.worker (/Users/shawn/dev/Resgrid/Unit/node_modules/jest-runner/build/testWorker.js:106:12)</failure>
    </testcase>
    <testcase classname="Map Component - App Lifecycle should handle map centering when location updates and app is active" name="Map Component - App Lifecycle should handle map centering when location updates and app is active" time="0.016">
      <failure>Error: Couldn&apos;t find a navigation object. Is your component inside NavigationContainer?
    at useNavigation (/Users/shawn/dev/Resgrid/Unit/node_modules/@react-navigation/core/src/useNavigation.tsx:22:11)
    at useIsFocused (/Users/shawn/dev/Resgrid/Unit/node_modules/@react-navigation/core/src/useIsFocused.tsx:10:35)
    at FocusAwareStatusBar (/Users/shawn/dev/Resgrid/Unit/src/components/ui/focus-aware-status-bar.tsx:9:33)
    at renderWithHooks (/Users/shawn/dev/Resgrid/Unit/node_modules/react-test-renderer/cjs/react-test-renderer.development.js:5608:18)
    at mountIndeterminateComponent (/Users/shawn/dev/Resgrid/Unit/node_modules/react-test-renderer/cjs/react-test-renderer.development.js:9884:13)
    at beginWork (/Users/shawn/dev/Resgrid/Unit/node_modules/react-test-renderer/cjs/react-test-renderer.development.js:11351:16)
    at performUnitOfWork (/Users/shawn/dev/Resgrid/Unit/node_modules/react-test-renderer/cjs/react-test-renderer.development.js:15847:12)
    at workLoopSync (/Users/shawn/dev/Resgrid/Unit/node_modules/react-test-renderer/cjs/react-test-renderer.development.js:15784:5)
    at renderRootSync (/Users/shawn/dev/Resgrid/Unit/node_modules/react-test-renderer/cjs/react-test-renderer.development.js:15756:7)
    at performSyncWorkOnRoot (/Users/shawn/dev/Resgrid/Unit/node_modules/react-test-renderer/cjs/react-test-renderer.development.js:15461:20)
    at flushSyncCallbacks (/Users/shawn/dev/Resgrid/Unit/node_modules/react-test-renderer/cjs/react-test-renderer.development.js:2597:22)
    at flushActQueue (/Users/shawn/dev/Resgrid/Unit/node_modules/react/cjs/react.development.js:2667:24)
    at act (/Users/shawn/dev/Resgrid/Unit/node_modules/react/cjs/react.development.js:2521:11)
    at actImplementation (/Users/shawn/dev/Resgrid/Unit/node_modules/@testing-library/react-native/src/act.ts:30:25)
    at renderWithAct (/Users/shawn/dev/Resgrid/Unit/node_modules/@testing-library/react-native/src/render-act.ts:12:11)
    at renderInternal (/Users/shawn/dev/Resgrid/Unit/node_modules/@testing-library/react-native/src/render.tsx:81:33)
    at renderInternal (/Users/shawn/dev/Resgrid/Unit/node_modules/@testing-library/react-native/src/render.tsx:44:10)
    at Object.&lt;anonymous&gt; (/Users/shawn/dev/Resgrid/Unit/src/app/(app)/__tests__/index.test.tsx:133:11)
    at Generator.next (&lt;anonymous&gt;)
    at asyncGeneratorStep (/Users/shawn/dev/Resgrid/Unit/node_modules/@babel/runtime/helpers/asyncToGenerator.js:3:17)
    at _next (/Users/shawn/dev/Resgrid/Unit/node_modules/@babel/runtime/helpers/asyncToGenerator.js:17:9)
    at /Users/shawn/dev/Resgrid/Unit/node_modules/@babel/runtime/helpers/asyncToGenerator.js:22:7
    at new Promise (&lt;anonymous&gt;)
    at Object.&lt;anonymous&gt; (/Users/shawn/dev/Resgrid/Unit/node_modules/@babel/runtime/helpers/asyncToGenerator.js:14:12)
    at Promise.then.completed (/Users/shawn/dev/Resgrid/Unit/node_modules/jest-circus/build/utils.js:298:28)
    at new Promise (&lt;anonymous&gt;)
    at callAsyncCircusFn (/Users/shawn/dev/Resgrid/Unit/node_modules/jest-circus/build/utils.js:231:10)
    at _callCircusTest (/Users/shawn/dev/Resgrid/Unit/node_modules/jest-circus/build/run.js:316:40)
    at _runTest (/Users/shawn/dev/Resgrid/Unit/node_modules/jest-circus/build/run.js:252:3)
    at _runTestsForDescribeBlock (/Users/shawn/dev/Resgrid/Unit/node_modules/jest-circus/build/run.js:126:9)
    at _runTestsForDescribeBlock (/Users/shawn/dev/Resgrid/Unit/node_modules/jest-circus/build/run.js:121:9)
    at run (/Users/shawn/dev/Resgrid/Unit/node_modules/jest-circus/build/run.js:71:3)
    at runAndTransformResultsToJestFormat (/Users/shawn/dev/Resgrid/Unit/node_modules/jest-circus/build/legacy-code-todo-rewrite/jestAdapterInit.js:122:21)
    at jestAdapter (/Users/shawn/dev/Resgrid/Unit/node_modules/jest-circus/build/legacy-code-todo-rewrite/jestAdapter.js:79:19)
    at runTestInternal (/Users/shawn/dev/Resgrid/Unit/node_modules/jest-runner/build/runTest.js:367:16)
    at runTest (/Users/shawn/dev/Resgrid/Unit/node_modules/jest-runner/build/runTest.js:444:34)
    at Object.worker (/Users/shawn/dev/Resgrid/Unit/node_modules/jest-runner/build/testWorker.js:106:12)</failure>
    </testcase>
    <testcase classname="Map Component - App Lifecycle should reset hasUserMovedMap when map gets locked" name="Map Component - App Lifecycle should reset hasUserMovedMap when map gets locked" time="0.002">
      <failure>Error: Couldn&apos;t find a navigation object. Is your component inside NavigationContainer?
    at useNavigation (/Users/shawn/dev/Resgrid/Unit/node_modules/@react-navigation/core/src/useNavigation.tsx:22:11)
    at useIsFocused (/Users/shawn/dev/Resgrid/Unit/node_modules/@react-navigation/core/src/useIsFocused.tsx:10:35)
    at FocusAwareStatusBar (/Users/shawn/dev/Resgrid/Unit/src/components/ui/focus-aware-status-bar.tsx:9:33)
    at renderWithHooks (/Users/shawn/dev/Resgrid/Unit/node_modules/react-test-renderer/cjs/react-test-renderer.development.js:5608:18)
    at mountIndeterminateComponent (/Users/shawn/dev/Resgrid/Unit/node_modules/react-test-renderer/cjs/react-test-renderer.development.js:9884:13)
    at beginWork (/Users/shawn/dev/Resgrid/Unit/node_modules/react-test-renderer/cjs/react-test-renderer.development.js:11351:16)
    at performUnitOfWork (/Users/shawn/dev/Resgrid/Unit/node_modules/react-test-renderer/cjs/react-test-renderer.development.js:15847:12)
    at workLoopSync (/Users/shawn/dev/Resgrid/Unit/node_modules/react-test-renderer/cjs/react-test-renderer.development.js:15784:5)
    at renderRootSync (/Users/shawn/dev/Resgrid/Unit/node_modules/react-test-renderer/cjs/react-test-renderer.development.js:15756:7)
    at performSyncWorkOnRoot (/Users/shawn/dev/Resgrid/Unit/node_modules/react-test-renderer/cjs/react-test-renderer.development.js:15461:20)
    at flushSyncCallbacks (/Users/shawn/dev/Resgrid/Unit/node_modules/react-test-renderer/cjs/react-test-renderer.development.js:2597:22)
    at flushActQueue (/Users/shawn/dev/Resgrid/Unit/node_modules/react/cjs/react.development.js:2667:24)
    at act (/Users/shawn/dev/Resgrid/Unit/node_modules/react/cjs/react.development.js:2521:11)
    at actImplementation (/Users/shawn/dev/Resgrid/Unit/node_modules/@testing-library/react-native/src/act.ts:30:25)
    at renderWithAct (/Users/shawn/dev/Resgrid/Unit/node_modules/@testing-library/react-native/src/render-act.ts:12:11)
    at renderInternal (/Users/shawn/dev/Resgrid/Unit/node_modules/@testing-library/react-native/src/render.tsx:81:33)
    at renderInternal (/Users/shawn/dev/Resgrid/Unit/node_modules/@testing-library/react-native/src/render.tsx:44:10)
    at Object.&lt;anonymous&gt; (/Users/shawn/dev/Resgrid/Unit/src/app/(app)/__tests__/index.test.tsx:156:32)
    at Generator.next (&lt;anonymous&gt;)
    at asyncGeneratorStep (/Users/shawn/dev/Resgrid/Unit/node_modules/@babel/runtime/helpers/asyncToGenerator.js:3:17)
    at _next (/Users/shawn/dev/Resgrid/Unit/node_modules/@babel/runtime/helpers/asyncToGenerator.js:17:9)
    at /Users/shawn/dev/Resgrid/Unit/node_modules/@babel/runtime/helpers/asyncToGenerator.js:22:7
    at new Promise (&lt;anonymous&gt;)
    at Object.&lt;anonymous&gt; (/Users/shawn/dev/Resgrid/Unit/node_modules/@babel/runtime/helpers/asyncToGenerator.js:14:12)
    at Promise.then.completed (/Users/shawn/dev/Resgrid/Unit/node_modules/jest-circus/build/utils.js:298:28)
    at new Promise (&lt;anonymous&gt;)
    at callAsyncCircusFn (/Users/shawn/dev/Resgrid/Unit/node_modules/jest-circus/build/utils.js:231:10)
    at _callCircusTest (/Users/shawn/dev/Resgrid/Unit/node_modules/jest-circus/build/run.js:316:40)
    at _runTest (/Users/shawn/dev/Resgrid/Unit/node_modules/jest-circus/build/run.js:252:3)
    at _runTestsForDescribeBlock (/Users/shawn/dev/Resgrid/Unit/node_modules/jest-circus/build/run.js:126:9)
    at _runTestsForDescribeBlock (/Users/shawn/dev/Resgrid/Unit/node_modules/jest-circus/build/run.js:121:9)
    at run (/Users/shawn/dev/Resgrid/Unit/node_modules/jest-circus/build/run.js:71:3)
    at runAndTransformResultsToJestFormat (/Users/shawn/dev/Resgrid/Unit/node_modules/jest-circus/build/legacy-code-todo-rewrite/jestAdapterInit.js:122:21)
    at jestAdapter (/Users/shawn/dev/Resgrid/Unit/node_modules/jest-circus/build/legacy-code-todo-rewrite/jestAdapter.js:79:19)
    at runTestInternal (/Users/shawn/dev/Resgrid/Unit/node_modules/jest-runner/build/runTest.js:367:16)
    at runTest (/Users/shawn/dev/Resgrid/Unit/node_modules/jest-runner/build/runTest.js:444:34)
    at Object.worker (/Users/shawn/dev/Resgrid/Unit/node_modules/jest-runner/build/testWorker.js:106:12)</failure>
    </testcase>
    <testcase classname="Map Component - App Lifecycle should use navigation mode settings when map is locked" name="Map Component - App Lifecycle should use navigation mode settings when map is locked" time="0.002">
      <failure>Error: Couldn&apos;t find a navigation object. Is your component inside NavigationContainer?
    at useNavigation (/Users/shawn/dev/Resgrid/Unit/node_modules/@react-navigation/core/src/useNavigation.tsx:22:11)
    at useIsFocused (/Users/shawn/dev/Resgrid/Unit/node_modules/@react-navigation/core/src/useIsFocused.tsx:10:35)
    at FocusAwareStatusBar (/Users/shawn/dev/Resgrid/Unit/src/components/ui/focus-aware-status-bar.tsx:9:33)
    at renderWithHooks (/Users/shawn/dev/Resgrid/Unit/node_modules/react-test-renderer/cjs/react-test-renderer.development.js:5608:18)
    at mountIndeterminateComponent (/Users/shawn/dev/Resgrid/Unit/node_modules/react-test-renderer/cjs/react-test-renderer.development.js:9884:13)
    at beginWork (/Users/shawn/dev/Resgrid/Unit/node_modules/react-test-renderer/cjs/react-test-renderer.development.js:11351:16)
    at performUnitOfWork (/Users/shawn/dev/Resgrid/Unit/node_modules/react-test-renderer/cjs/react-test-renderer.development.js:15847:12)
    at workLoopSync (/Users/shawn/dev/Resgrid/Unit/node_modules/react-test-renderer/cjs/react-test-renderer.development.js:15784:5)
    at renderRootSync (/Users/shawn/dev/Resgrid/Unit/node_modules/react-test-renderer/cjs/react-test-renderer.development.js:15756:7)
    at performSyncWorkOnRoot (/Users/shawn/dev/Resgrid/Unit/node_modules/react-test-renderer/cjs/react-test-renderer.development.js:15461:20)
    at flushSyncCallbacks (/Users/shawn/dev/Resgrid/Unit/node_modules/react-test-renderer/cjs/react-test-renderer.development.js:2597:22)
    at flushActQueue (/Users/shawn/dev/Resgrid/Unit/node_modules/react/cjs/react.development.js:2667:24)
    at act (/Users/shawn/dev/Resgrid/Unit/node_modules/react/cjs/react.development.js:2521:11)
    at actImplementation (/Users/shawn/dev/Resgrid/Unit/node_modules/@testing-library/react-native/src/act.ts:30:25)
    at renderWithAct (/Users/shawn/dev/Resgrid/Unit/node_modules/@testing-library/react-native/src/render-act.ts:12:11)
    at renderInternal (/Users/shawn/dev/Resgrid/Unit/node_modules/@testing-library/react-native/src/render.tsx:81:33)
    at renderInternal (/Users/shawn/dev/Resgrid/Unit/node_modules/@testing-library/react-native/src/render.tsx:44:10)
    at Object.&lt;anonymous&gt; (/Users/shawn/dev/Resgrid/Unit/src/app/(app)/__tests__/index.test.tsx:189:11)
    at Generator.next (&lt;anonymous&gt;)
    at asyncGeneratorStep (/Users/shawn/dev/Resgrid/Unit/node_modules/@babel/runtime/helpers/asyncToGenerator.js:3:17)
    at _next (/Users/shawn/dev/Resgrid/Unit/node_modules/@babel/runtime/helpers/asyncToGenerator.js:17:9)
    at /Users/shawn/dev/Resgrid/Unit/node_modules/@babel/runtime/helpers/asyncToGenerator.js:22:7
    at new Promise (&lt;anonymous&gt;)
    at Object.&lt;anonymous&gt; (/Users/shawn/dev/Resgrid/Unit/node_modules/@babel/runtime/helpers/asyncToGenerator.js:14:12)
    at Promise.then.completed (/Users/shawn/dev/Resgrid/Unit/node_modules/jest-circus/build/utils.js:298:28)
    at new Promise (&lt;anonymous&gt;)
    at callAsyncCircusFn (/Users/shawn/dev/Resgrid/Unit/node_modules/jest-circus/build/utils.js:231:10)
    at _callCircusTest (/Users/shawn/dev/Resgrid/Unit/node_modules/jest-circus/build/run.js:316:40)
    at _runTest (/Users/shawn/dev/Resgrid/Unit/node_modules/jest-circus/build/run.js:252:3)
    at _runTestsForDescribeBlock (/Users/shawn/dev/Resgrid/Unit/node_modules/jest-circus/build/run.js:126:9)
    at _runTestsForDescribeBlock (/Users/shawn/dev/Resgrid/Unit/node_modules/jest-circus/build/run.js:121:9)
    at run (/Users/shawn/dev/Resgrid/Unit/node_modules/jest-circus/build/run.js:71:3)
    at runAndTransformResultsToJestFormat (/Users/shawn/dev/Resgrid/Unit/node_modules/jest-circus/build/legacy-code-todo-rewrite/jestAdapterInit.js:122:21)
    at jestAdapter (/Users/shawn/dev/Resgrid/Unit/node_modules/jest-circus/build/legacy-code-todo-rewrite/jestAdapter.js:79:19)
    at runTestInternal (/Users/shawn/dev/Resgrid/Unit/node_modules/jest-runner/build/runTest.js:367:16)
    at runTest (/Users/shawn/dev/Resgrid/Unit/node_modules/jest-runner/build/runTest.js:444:34)
    at Object.worker (/Users/shawn/dev/Resgrid/Unit/node_modules/jest-runner/build/testWorker.js:106:12)</failure>
    </testcase>
    <testcase classname="Map Component - App Lifecycle should use normal mode settings when map is unlocked" name="Map Component - App Lifecycle should use normal mode settings when map is unlocked" time="0.001">
      <failure>Error: Couldn&apos;t find a navigation object. Is your component inside NavigationContainer?
    at useNavigation (/Users/shawn/dev/Resgrid/Unit/node_modules/@react-navigation/core/src/useNavigation.tsx:22:11)
    at useIsFocused (/Users/shawn/dev/Resgrid/Unit/node_modules/@react-navigation/core/src/useIsFocused.tsx:10:35)
    at FocusAwareStatusBar (/Users/shawn/dev/Resgrid/Unit/src/components/ui/focus-aware-status-bar.tsx:9:33)
    at renderWithHooks (/Users/shawn/dev/Resgrid/Unit/node_modules/react-test-renderer/cjs/react-test-renderer.development.js:5608:18)
    at mountIndeterminateComponent (/Users/shawn/dev/Resgrid/Unit/node_modules/react-test-renderer/cjs/react-test-renderer.development.js:9884:13)
    at beginWork (/Users/shawn/dev/Resgrid/Unit/node_modules/react-test-renderer/cjs/react-test-renderer.development.js:11351:16)
    at performUnitOfWork (/Users/shawn/dev/Resgrid/Unit/node_modules/react-test-renderer/cjs/react-test-renderer.development.js:15847:12)
    at workLoopSync (/Users/shawn/dev/Resgrid/Unit/node_modules/react-test-renderer/cjs/react-test-renderer.development.js:15784:5)
    at renderRootSync (/Users/shawn/dev/Resgrid/Unit/node_modules/react-test-renderer/cjs/react-test-renderer.development.js:15756:7)
    at performSyncWorkOnRoot (/Users/shawn/dev/Resgrid/Unit/node_modules/react-test-renderer/cjs/react-test-renderer.development.js:15461:20)
    at flushSyncCallbacks (/Users/shawn/dev/Resgrid/Unit/node_modules/react-test-renderer/cjs/react-test-renderer.development.js:2597:22)
    at flushActQueue (/Users/shawn/dev/Resgrid/Unit/node_modules/react/cjs/react.development.js:2667:24)
    at act (/Users/shawn/dev/Resgrid/Unit/node_modules/react/cjs/react.development.js:2521:11)
    at actImplementation (/Users/shawn/dev/Resgrid/Unit/node_modules/@testing-library/react-native/src/act.ts:30:25)
    at renderWithAct (/Users/shawn/dev/Resgrid/Unit/node_modules/@testing-library/react-native/src/render-act.ts:12:11)
    at renderInternal (/Users/shawn/dev/Resgrid/Unit/node_modules/@testing-library/react-native/src/render.tsx:81:33)
    at renderInternal (/Users/shawn/dev/Resgrid/Unit/node_modules/@testing-library/react-native/src/render.tsx:44:10)
    at Object.&lt;anonymous&gt; (/Users/shawn/dev/Resgrid/Unit/src/app/(app)/__tests__/index.test.tsx:215:11)
    at Generator.next (&lt;anonymous&gt;)
    at asyncGeneratorStep (/Users/shawn/dev/Resgrid/Unit/node_modules/@babel/runtime/helpers/asyncToGenerator.js:3:17)
    at _next (/Users/shawn/dev/Resgrid/Unit/node_modules/@babel/runtime/helpers/asyncToGenerator.js:17:9)
    at /Users/shawn/dev/Resgrid/Unit/node_modules/@babel/runtime/helpers/asyncToGenerator.js:22:7
    at new Promise (&lt;anonymous&gt;)
    at Object.&lt;anonymous&gt; (/Users/shawn/dev/Resgrid/Unit/node_modules/@babel/runtime/helpers/asyncToGenerator.js:14:12)
    at Promise.then.completed (/Users/shawn/dev/Resgrid/Unit/node_modules/jest-circus/build/utils.js:298:28)
    at new Promise (&lt;anonymous&gt;)
    at callAsyncCircusFn (/Users/shawn/dev/Resgrid/Unit/node_modules/jest-circus/build/utils.js:231:10)
    at _callCircusTest (/Users/shawn/dev/Resgrid/Unit/node_modules/jest-circus/build/run.js:316:40)
    at _runTest (/Users/shawn/dev/Resgrid/Unit/node_modules/jest-circus/build/run.js:252:3)
    at _runTestsForDescribeBlock (/Users/shawn/dev/Resgrid/Unit/node_modules/jest-circus/build/run.js:126:9)
    at _runTestsForDescribeBlock (/Users/shawn/dev/Resgrid/Unit/node_modules/jest-circus/build/run.js:121:9)
    at run (/Users/shawn/dev/Resgrid/Unit/node_modules/jest-circus/build/run.js:71:3)
    at runAndTransformResultsToJestFormat (/Users/shawn/dev/Resgrid/Unit/node_modules/jest-circus/build/legacy-code-todo-rewrite/jestAdapterInit.js:122:21)
    at jestAdapter (/Users/shawn/dev/Resgrid/Unit/node_modules/jest-circus/build/legacy-code-todo-rewrite/jestAdapter.js:79:19)
    at runTestInternal (/Users/shawn/dev/Resgrid/Unit/node_modules/jest-runner/build/runTest.js:367:16)
    at runTest (/Users/shawn/dev/Resgrid/Unit/node_modules/jest-runner/build/runTest.js:444:34)
    at Object.worker (/Users/shawn/dev/Resgrid/Unit/node_modules/jest-runner/build/testWorker.js:106:12)</failure>
    </testcase>
    <testcase classname="Map Component - App Lifecycle should reset camera to normal view when exiting locked mode" name="Map Component - App Lifecycle should reset camera to normal view when exiting locked mode" time="0.001">
      <failure>Error: Couldn&apos;t find a navigation object. Is your component inside NavigationContainer?
    at useNavigation (/Users/shawn/dev/Resgrid/Unit/node_modules/@react-navigation/core/src/useNavigation.tsx:22:11)
    at useIsFocused (/Users/shawn/dev/Resgrid/Unit/node_modules/@react-navigation/core/src/useIsFocused.tsx:10:35)
    at FocusAwareStatusBar (/Users/shawn/dev/Resgrid/Unit/src/components/ui/focus-aware-status-bar.tsx:9:33)
    at renderWithHooks (/Users/shawn/dev/Resgrid/Unit/node_modules/react-test-renderer/cjs/react-test-renderer.development.js:5608:18)
    at mountIndeterminateComponent (/Users/shawn/dev/Resgrid/Unit/node_modules/react-test-renderer/cjs/react-test-renderer.development.js:9884:13)
    at beginWork (/Users/shawn/dev/Resgrid/Unit/node_modules/react-test-renderer/cjs/react-test-renderer.development.js:11351:16)
    at performUnitOfWork (/Users/shawn/dev/Resgrid/Unit/node_modules/react-test-renderer/cjs/react-test-renderer.development.js:15847:12)
    at workLoopSync (/Users/shawn/dev/Resgrid/Unit/node_modules/react-test-renderer/cjs/react-test-renderer.development.js:15784:5)
    at renderRootSync (/Users/shawn/dev/Resgrid/Unit/node_modules/react-test-renderer/cjs/react-test-renderer.development.js:15756:7)
    at performSyncWorkOnRoot (/Users/shawn/dev/Resgrid/Unit/node_modules/react-test-renderer/cjs/react-test-renderer.development.js:15461:20)
    at flushSyncCallbacks (/Users/shawn/dev/Resgrid/Unit/node_modules/react-test-renderer/cjs/react-test-renderer.development.js:2597:22)
    at flushActQueue (/Users/shawn/dev/Resgrid/Unit/node_modules/react/cjs/react.development.js:2667:24)
    at act (/Users/shawn/dev/Resgrid/Unit/node_modules/react/cjs/react.development.js:2521:11)
    at actImplementation (/Users/shawn/dev/Resgrid/Unit/node_modules/@testing-library/react-native/src/act.ts:30:25)
    at renderWithAct (/Users/shawn/dev/Resgrid/Unit/node_modules/@testing-library/react-native/src/render-act.ts:12:11)
    at renderInternal (/Users/shawn/dev/Resgrid/Unit/node_modules/@testing-library/react-native/src/render.tsx:81:33)
    at renderInternal (/Users/shawn/dev/Resgrid/Unit/node_modules/@testing-library/react-native/src/render.tsx:44:10)
    at Object.&lt;anonymous&gt; (/Users/shawn/dev/Resgrid/Unit/src/app/(app)/__tests__/index.test.tsx:252:32)
    at Generator.next (&lt;anonymous&gt;)
    at asyncGeneratorStep (/Users/shawn/dev/Resgrid/Unit/node_modules/@babel/runtime/helpers/asyncToGenerator.js:3:17)
    at _next (/Users/shawn/dev/Resgrid/Unit/node_modules/@babel/runtime/helpers/asyncToGenerator.js:17:9)
    at /Users/shawn/dev/Resgrid/Unit/node_modules/@babel/runtime/helpers/asyncToGenerator.js:22:7
    at new Promise (&lt;anonymous&gt;)
    at Object.&lt;anonymous&gt; (/Users/shawn/dev/Resgrid/Unit/node_modules/@babel/runtime/helpers/asyncToGenerator.js:14:12)
    at Promise.then.completed (/Users/shawn/dev/Resgrid/Unit/node_modules/jest-circus/build/utils.js:298:28)
    at new Promise (&lt;anonymous&gt;)
    at callAsyncCircusFn (/Users/shawn/dev/Resgrid/Unit/node_modules/jest-circus/build/utils.js:231:10)
    at _callCircusTest (/Users/shawn/dev/Resgrid/Unit/node_modules/jest-circus/build/run.js:316:40)
    at _runTest (/Users/shawn/dev/Resgrid/Unit/node_modules/jest-circus/build/run.js:252:3)
    at _runTestsForDescribeBlock (/Users/shawn/dev/Resgrid/Unit/node_modules/jest-circus/build/run.js:126:9)
    at _runTestsForDescribeBlock (/Users/shawn/dev/Resgrid/Unit/node_modules/jest-circus/build/run.js:121:9)
    at run (/Users/shawn/dev/Resgrid/Unit/node_modules/jest-circus/build/run.js:71:3)
    at runAndTransformResultsToJestFormat (/Users/shawn/dev/Resgrid/Unit/node_modules/jest-circus/build/legacy-code-todo-rewrite/jestAdapterInit.js:122:21)
    at jestAdapter (/Users/shawn/dev/Resgrid/Unit/node_modules/jest-circus/build/legacy-code-todo-rewrite/jestAdapter.js:79:19)
    at runTestInternal (/Users/shawn/dev/Resgrid/Unit/node_modules/jest-runner/build/runTest.js:367:16)
    at runTest (/Users/shawn/dev/Resgrid/Unit/node_modules/jest-runner/build/runTest.js:444:34)
    at Object.worker (/Users/shawn/dev/Resgrid/Unit/node_modules/jest-runner/build/testWorker.js:106:12)</failure>
    </testcase>
  </testsuite>
  <testsuite name="SidebarUnitCard" errors="0" failures="0" skipped="0" timestamp="2025-07-16T04:47:01" time="2.558" tests="13">
    <testcase classname="SidebarUnitCard renders unit information correctly" name="SidebarUnitCard renders unit information correctly" time="0.188">
    </testcase>
    <testcase classname="SidebarUnitCard renders with default props when no active unit" name="SidebarUnitCard renders with default props when no active unit" time="0.031">
    </testcase>
    <testcase classname="SidebarUnitCard Map Lock Button renders map lock button with unlock icon when map is not locked" name="SidebarUnitCard Map Lock Button renders map lock button with unlock icon when map is not locked" time="0.004">
    </testcase>
    <testcase classname="SidebarUnitCard Map Lock Button renders map lock button with lock icon when map is locked" name="SidebarUnitCard Map Lock Button renders map lock button with lock icon when map is locked" time="0.006">
    </testcase>
    <testcase classname="SidebarUnitCard Map Lock Button toggles map lock state when pressed" name="SidebarUnitCard Map Lock Button toggles map lock state when pressed" time="0.005">
    </testcase>
    <testcase classname="SidebarUnitCard Map Lock Button toggles map lock state from locked to unlocked when pressed" name="SidebarUnitCard Map Lock Button toggles map lock state from locked to unlocked when pressed" time="0.008">
    </testcase>
    <testcase classname="SidebarUnitCard Call Button renders call button with correct styling when not connected" name="SidebarUnitCard Call Button renders call button with correct styling when not connected" time="0.005">
    </testcase>
    <testcase classname="SidebarUnitCard Call Button renders call button with active styling when connected" name="SidebarUnitCard Call Button renders call button with active styling when connected" time="0.003">
    </testcase>
    <testcase classname="SidebarUnitCard Call Button opens LiveKit when call button is pressed" name="SidebarUnitCard Call Button opens LiveKit when call button is pressed" time="0.004">
    </testcase>
    <testcase classname="SidebarUnitCard Room Status Display shows room status when connected and has room info" name="SidebarUnitCard Room Status Display shows room status when connected and has room info" time="0.006">
    </testcase>
    <testcase classname="SidebarUnitCard Room Status Display shows microphone icon when talking" name="SidebarUnitCard Room Status Display shows microphone icon when talking" time="0.006">
    </testcase>
    <testcase classname="SidebarUnitCard Room Status Display does not show room status when not connected" name="SidebarUnitCard Room Status Display does not show room status when not connected" time="0.005">
    </testcase>
    <testcase classname="SidebarUnitCard Button Container Layout renders both buttons in the correct order" name="SidebarUnitCard Button Container Layout renders both buttons in the correct order" time="0.003">
    </testcase>
  </testsuite>
  <testsuite name="CallNotesModal" errors="0" failures="3" skipped="0" timestamp="2025-07-16T04:47:01" time="2.736" tests="3">
    <testcase classname="CallNotesModal renders correctly when open" name="CallNotesModal renders correctly when open" time="0.123">
      <failure>Error: Couldn&apos;t find a navigation object. Is your component inside NavigationContainer?
    at useNavigation (/Users/shawn/dev/Resgrid/Unit/node_modules/@react-navigation/core/src/useNavigation.tsx:22:11)
    at useIsFocused (/Users/shawn/dev/Resgrid/Unit/node_modules/@react-navigation/core/src/useIsFocused.tsx:10:35)
    at FocusAwareStatusBar (/Users/shawn/dev/Resgrid/Unit/src/components/ui/focus-aware-status-bar.tsx:9:33)
    at renderWithHooks (/Users/shawn/dev/Resgrid/Unit/node_modules/react-test-renderer/cjs/react-test-renderer.development.js:5608:18)
    at mountIndeterminateComponent (/Users/shawn/dev/Resgrid/Unit/node_modules/react-test-renderer/cjs/react-test-renderer.development.js:9884:13)
    at beginWork (/Users/shawn/dev/Resgrid/Unit/node_modules/react-test-renderer/cjs/react-test-renderer.development.js:11351:16)
    at performUnitOfWork (/Users/shawn/dev/Resgrid/Unit/node_modules/react-test-renderer/cjs/react-test-renderer.development.js:15847:12)
    at workLoopSync (/Users/shawn/dev/Resgrid/Unit/node_modules/react-test-renderer/cjs/react-test-renderer.development.js:15784:5)
    at renderRootSync (/Users/shawn/dev/Resgrid/Unit/node_modules/react-test-renderer/cjs/react-test-renderer.development.js:15756:7)
    at performSyncWorkOnRoot (/Users/shawn/dev/Resgrid/Unit/node_modules/react-test-renderer/cjs/react-test-renderer.development.js:15461:20)
    at flushSyncCallbacks (/Users/shawn/dev/Resgrid/Unit/node_modules/react-test-renderer/cjs/react-test-renderer.development.js:2597:22)
    at flushActQueue (/Users/shawn/dev/Resgrid/Unit/node_modules/react/cjs/react.development.js:2667:24)
    at act (/Users/shawn/dev/Resgrid/Unit/node_modules/react/cjs/react.development.js:2521:11)
    at actImplementation (/Users/shawn/dev/Resgrid/Unit/node_modules/@testing-library/react-native/src/act.ts:30:25)
    at renderWithAct (/Users/shawn/dev/Resgrid/Unit/node_modules/@testing-library/react-native/src/render-act.ts:12:11)
    at renderInternal (/Users/shawn/dev/Resgrid/Unit/node_modules/@testing-library/react-native/src/render.tsx:81:33)
    at renderInternal (/Users/shawn/dev/Resgrid/Unit/node_modules/@testing-library/react-native/src/render.tsx:44:10)
    at Object.&lt;anonymous&gt; (/Users/shawn/dev/Resgrid/Unit/src/components/calls/__tests__/call-notes-modal-new.test.tsx:95:46)
    at Promise.then.completed (/Users/shawn/dev/Resgrid/Unit/node_modules/jest-circus/build/utils.js:298:28)
    at new Promise (&lt;anonymous&gt;)
    at callAsyncCircusFn (/Users/shawn/dev/Resgrid/Unit/node_modules/jest-circus/build/utils.js:231:10)
    at _callCircusTest (/Users/shawn/dev/Resgrid/Unit/node_modules/jest-circus/build/run.js:316:40)
    at processTicksAndRejections (node:internal/process/task_queues:105:5)
    at _runTest (/Users/shawn/dev/Resgrid/Unit/node_modules/jest-circus/build/run.js:252:3)
    at _runTestsForDescribeBlock (/Users/shawn/dev/Resgrid/Unit/node_modules/jest-circus/build/run.js:126:9)
    at _runTestsForDescribeBlock (/Users/shawn/dev/Resgrid/Unit/node_modules/jest-circus/build/run.js:121:9)
    at run (/Users/shawn/dev/Resgrid/Unit/node_modules/jest-circus/build/run.js:71:3)
    at runAndTransformResultsToJestFormat (/Users/shawn/dev/Resgrid/Unit/node_modules/jest-circus/build/legacy-code-todo-rewrite/jestAdapterInit.js:122:21)
    at jestAdapter (/Users/shawn/dev/Resgrid/Unit/node_modules/jest-circus/build/legacy-code-todo-rewrite/jestAdapter.js:79:19)
    at runTestInternal (/Users/shawn/dev/Resgrid/Unit/node_modules/jest-runner/build/runTest.js:367:16)
    at runTest (/Users/shawn/dev/Resgrid/Unit/node_modules/jest-runner/build/runTest.js:444:34)
    at Object.worker (/Users/shawn/dev/Resgrid/Unit/node_modules/jest-runner/build/testWorker.js:106:12)</failure>
    </testcase>
    <testcase classname="CallNotesModal fetches call notes when opened" name="CallNotesModal fetches call notes when opened" time="0.037">
      <failure>Error: Couldn&apos;t find a navigation object. Is your component inside NavigationContainer?
    at useNavigation (/Users/shawn/dev/Resgrid/Unit/node_modules/@react-navigation/core/src/useNavigation.tsx:22:11)
    at useIsFocused (/Users/shawn/dev/Resgrid/Unit/node_modules/@react-navigation/core/src/useIsFocused.tsx:10:35)
    at FocusAwareStatusBar (/Users/shawn/dev/Resgrid/Unit/src/components/ui/focus-aware-status-bar.tsx:9:33)
    at renderWithHooks (/Users/shawn/dev/Resgrid/Unit/node_modules/react-test-renderer/cjs/react-test-renderer.development.js:5608:18)
    at mountIndeterminateComponent (/Users/shawn/dev/Resgrid/Unit/node_modules/react-test-renderer/cjs/react-test-renderer.development.js:9884:13)
    at beginWork (/Users/shawn/dev/Resgrid/Unit/node_modules/react-test-renderer/cjs/react-test-renderer.development.js:11351:16)
    at performUnitOfWork (/Users/shawn/dev/Resgrid/Unit/node_modules/react-test-renderer/cjs/react-test-renderer.development.js:15847:12)
    at workLoopSync (/Users/shawn/dev/Resgrid/Unit/node_modules/react-test-renderer/cjs/react-test-renderer.development.js:15784:5)
    at renderRootSync (/Users/shawn/dev/Resgrid/Unit/node_modules/react-test-renderer/cjs/react-test-renderer.development.js:15756:7)
    at performSyncWorkOnRoot (/Users/shawn/dev/Resgrid/Unit/node_modules/react-test-renderer/cjs/react-test-renderer.development.js:15461:20)
    at flushSyncCallbacks (/Users/shawn/dev/Resgrid/Unit/node_modules/react-test-renderer/cjs/react-test-renderer.development.js:2597:22)
    at flushActQueue (/Users/shawn/dev/Resgrid/Unit/node_modules/react/cjs/react.development.js:2667:24)
    at act (/Users/shawn/dev/Resgrid/Unit/node_modules/react/cjs/react.development.js:2521:11)
    at actImplementation (/Users/shawn/dev/Resgrid/Unit/node_modules/@testing-library/react-native/src/act.ts:30:25)
    at renderWithAct (/Users/shawn/dev/Resgrid/Unit/node_modules/@testing-library/react-native/src/render-act.ts:12:11)
    at renderInternal (/Users/shawn/dev/Resgrid/Unit/node_modules/@testing-library/react-native/src/render.tsx:81:33)
    at renderInternal (/Users/shawn/dev/Resgrid/Unit/node_modules/@testing-library/react-native/src/render.tsx:44:10)
    at Object.&lt;anonymous&gt; (/Users/shawn/dev/Resgrid/Unit/src/components/calls/__tests__/call-notes-modal-new.test.tsx:104:11)
    at Promise.then.completed (/Users/shawn/dev/Resgrid/Unit/node_modules/jest-circus/build/utils.js:298:28)
    at new Promise (&lt;anonymous&gt;)
    at callAsyncCircusFn (/Users/shawn/dev/Resgrid/Unit/node_modules/jest-circus/build/utils.js:231:10)
    at _callCircusTest (/Users/shawn/dev/Resgrid/Unit/node_modules/jest-circus/build/run.js:316:40)
    at _runTest (/Users/shawn/dev/Resgrid/Unit/node_modules/jest-circus/build/run.js:252:3)
    at _runTestsForDescribeBlock (/Users/shawn/dev/Resgrid/Unit/node_modules/jest-circus/build/run.js:126:9)
    at _runTestsForDescribeBlock (/Users/shawn/dev/Resgrid/Unit/node_modules/jest-circus/build/run.js:121:9)
    at run (/Users/shawn/dev/Resgrid/Unit/node_modules/jest-circus/build/run.js:71:3)
    at runAndTransformResultsToJestFormat (/Users/shawn/dev/Resgrid/Unit/node_modules/jest-circus/build/legacy-code-todo-rewrite/jestAdapterInit.js:122:21)
    at jestAdapter (/Users/shawn/dev/Resgrid/Unit/node_modules/jest-circus/build/legacy-code-todo-rewrite/jestAdapter.js:79:19)
    at runTestInternal (/Users/shawn/dev/Resgrid/Unit/node_modules/jest-runner/build/runTest.js:367:16)
    at runTest (/Users/shawn/dev/Resgrid/Unit/node_modules/jest-runner/build/runTest.js:444:34)
    at Object.worker (/Users/shawn/dev/Resgrid/Unit/node_modules/jest-runner/build/testWorker.js:106:12)</failure>
    </testcase>
    <testcase classname="CallNotesModal calls onClose when close button is pressed" name="CallNotesModal calls onClose when close button is pressed" time="0.004">
      <failure>Error: Couldn&apos;t find a navigation object. Is your component inside NavigationContainer?
    at useNavigation (/Users/shawn/dev/Resgrid/Unit/node_modules/@react-navigation/core/src/useNavigation.tsx:22:11)
    at useIsFocused (/Users/shawn/dev/Resgrid/Unit/node_modules/@react-navigation/core/src/useIsFocused.tsx:10:35)
    at FocusAwareStatusBar (/Users/shawn/dev/Resgrid/Unit/src/components/ui/focus-aware-status-bar.tsx:9:33)
    at renderWithHooks (/Users/shawn/dev/Resgrid/Unit/node_modules/react-test-renderer/cjs/react-test-renderer.development.js:5608:18)
    at mountIndeterminateComponent (/Users/shawn/dev/Resgrid/Unit/node_modules/react-test-renderer/cjs/react-test-renderer.development.js:9884:13)
    at beginWork (/Users/shawn/dev/Resgrid/Unit/node_modules/react-test-renderer/cjs/react-test-renderer.development.js:11351:16)
    at performUnitOfWork (/Users/shawn/dev/Resgrid/Unit/node_modules/react-test-renderer/cjs/react-test-renderer.development.js:15847:12)
    at workLoopSync (/Users/shawn/dev/Resgrid/Unit/node_modules/react-test-renderer/cjs/react-test-renderer.development.js:15784:5)
    at renderRootSync (/Users/shawn/dev/Resgrid/Unit/node_modules/react-test-renderer/cjs/react-test-renderer.development.js:15756:7)
    at performSyncWorkOnRoot (/Users/shawn/dev/Resgrid/Unit/node_modules/react-test-renderer/cjs/react-test-renderer.development.js:15461:20)
    at flushSyncCallbacks (/Users/shawn/dev/Resgrid/Unit/node_modules/react-test-renderer/cjs/react-test-renderer.development.js:2597:22)
    at flushActQueue (/Users/shawn/dev/Resgrid/Unit/node_modules/react/cjs/react.development.js:2667:24)
    at act (/Users/shawn/dev/Resgrid/Unit/node_modules/react/cjs/react.development.js:2521:11)
    at actImplementation (/Users/shawn/dev/Resgrid/Unit/node_modules/@testing-library/react-native/src/act.ts:30:25)
    at renderWithAct (/Users/shawn/dev/Resgrid/Unit/node_modules/@testing-library/react-native/src/render-act.ts:12:11)
    at renderInternal (/Users/shawn/dev/Resgrid/Unit/node_modules/@testing-library/react-native/src/render.tsx:81:33)
    at renderInternal (/Users/shawn/dev/Resgrid/Unit/node_modules/@testing-library/react-native/src/render.tsx:44:10)
    at Object.&lt;anonymous&gt; (/Users/shawn/dev/Resgrid/Unit/src/components/calls/__tests__/call-notes-modal-new.test.tsx:110:35)
    at Promise.then.completed (/Users/shawn/dev/Resgrid/Unit/node_modules/jest-circus/build/utils.js:298:28)
    at new Promise (&lt;anonymous&gt;)
    at callAsyncCircusFn (/Users/shawn/dev/Resgrid/Unit/node_modules/jest-circus/build/utils.js:231:10)
    at _callCircusTest (/Users/shawn/dev/Resgrid/Unit/node_modules/jest-circus/build/run.js:316:40)
    at _runTest (/Users/shawn/dev/Resgrid/Unit/node_modules/jest-circus/build/run.js:252:3)
    at _runTestsForDescribeBlock (/Users/shawn/dev/Resgrid/Unit/node_modules/jest-circus/build/run.js:126:9)
    at _runTestsForDescribeBlock (/Users/shawn/dev/Resgrid/Unit/node_modules/jest-circus/build/run.js:121:9)
    at run (/Users/shawn/dev/Resgrid/Unit/node_modules/jest-circus/build/run.js:71:3)
    at runAndTransformResultsToJestFormat (/Users/shawn/dev/Resgrid/Unit/node_modules/jest-circus/build/legacy-code-todo-rewrite/jestAdapterInit.js:122:21)
    at jestAdapter (/Users/shawn/dev/Resgrid/Unit/node_modules/jest-circus/build/legacy-code-todo-rewrite/jestAdapter.js:79:19)
    at runTestInternal (/Users/shawn/dev/Resgrid/Unit/node_modules/jest-runner/build/runTest.js:367:16)
    at runTest (/Users/shawn/dev/Resgrid/Unit/node_modules/jest-runner/build/runTest.js:444:34)
    at Object.worker (/Users/shawn/dev/Resgrid/Unit/node_modules/jest-runner/build/testWorker.js:106:12)</failure>
    </testcase>
  </testsuite>
  <testsuite name="CallNotesModal" errors="0" failures="0" skipped="0" timestamp="2025-07-16T04:47:04" time="0.255" tests="4">
    <testcase classname="CallNotesModal Basic Functionality should not render when closed" name="CallNotesModal Basic Functionality should not render when closed" time="0.021">
    </testcase>
    <testcase classname="CallNotesModal Basic Functionality should render when open" name="CallNotesModal Basic Functionality should render when open" time="0.008">
    </testcase>
    <testcase classname="CallNotesModal Basic Functionality should call onClose when close button is pressed" name="CallNotesModal Basic Functionality should call onClose when close button is pressed" time="0.001">
    </testcase>
    <testcase classname="CallNotesModal Search Functionality should enable add note button when input has content" name="CallNotesModal Search Functionality should enable add note button when input has content" time="0.002">
    </testcase>
  </testsuite>
  <testsuite name="RolesBottomSheet" errors="0" failures="0" skipped="0" timestamp="2025-07-16T04:47:03" time="0.507" tests="8">
    <testcase classname="RolesBottomSheet renders correctly when opened" name="RolesBottomSheet renders correctly when opened" time="0.059">
    </testcase>
    <testcase classname="RolesBottomSheet does not render when not opened" name="RolesBottomSheet does not render when not opened" time="0.002">
    </testcase>
    <testcase classname="RolesBottomSheet fetches roles and users when opened" name="RolesBottomSheet fetches roles and users when opened" time="0.007">
    </testcase>
    <testcase classname="RolesBottomSheet renders role assignment items" name="RolesBottomSheet renders role assignment items" time="0.008">
    </testcase>
    <testcase classname="RolesBottomSheet displays error state correctly" name="RolesBottomSheet displays error state correctly" time="0.002">
    </testcase>
    <testcase classname="RolesBottomSheet handles missing active unit gracefully" name="RolesBottomSheet handles missing active unit gracefully" time="0.005">
    </testcase>
    <testcase classname="RolesBottomSheet filters roles by active unit" name="RolesBottomSheet filters roles by active unit" time="0.005">
    </testcase>
    <testcase classname="RolesBottomSheet has functional buttons" name="RolesBottomSheet has functional buttons" time="0.005">
    </testcase>
  </testsuite>
  <testsuite name="DispatchSelectionModal" errors="0" failures="0" skipped="0" timestamp="2025-07-16T04:47:04" time="0.451" tests="4">
    <testcase classname="DispatchSelectionModal should render when visible" name="DispatchSelectionModal should render when visible" time="0.054">
    </testcase>
    <testcase classname="DispatchSelectionModal should not render when not visible" name="DispatchSelectionModal should not render when not visible" time="0.001">
    </testcase>
    <testcase classname="DispatchSelectionModal should render search input" name="DispatchSelectionModal should render search input" time="0.003">
    </testcase>
    <testcase classname="DispatchSelectionModal should render confirm and cancel buttons" name="DispatchSelectionModal should render confirm and cancel buttons" time="0.007">
    </testcase>
  </testsuite>
  <testsuite name="ContactCard" errors="0" failures="0" skipped="0" timestamp="2025-07-16T04:47:04" time="0.453" tests="15">
    <testcase classname="ContactCard Person Contact Display Name should display FirstName + LastName for Person type" name="ContactCard Person Contact Display Name should display FirstName + LastName for Person type" time="0.055">
    </testcase>
    <testcase classname="ContactCard Person Contact Display Name should handle missing FirstName for Person type" name="ContactCard Person Contact Display Name should handle missing FirstName for Person type" time="0.002">
    </testcase>
    <testcase classname="ContactCard Person Contact Display Name should handle missing LastName for Person type" name="ContactCard Person Contact Display Name should handle missing LastName for Person type" time="0.003">
    </testcase>
    <testcase classname="ContactCard Person Contact Display Name should fallback to Name field for Person type when FirstName and LastName are missing" name="ContactCard Person Contact Display Name should fallback to Name field for Person type when FirstName and LastName are missing" time="0.007">
    </testcase>
    <testcase classname="ContactCard Person Contact Display Name should show &quot;Unknown Person&quot; when all name fields are missing" name="ContactCard Person Contact Display Name should show &quot;Unknown Person&quot; when all name fields are missing" time="0.005">
    </testcase>
    <testcase classname="ContactCard Company Contact Display Name should display CompanyName for Company type" name="ContactCard Company Contact Display Name should display CompanyName for Company type" time="0.007">
    </testcase>
    <testcase classname="ContactCard Company Contact Display Name should fallback to Name field for Company type when CompanyName is missing" name="ContactCard Company Contact Display Name should fallback to Name field for Company type when CompanyName is missing" time="0.008">
    </testcase>
    <testcase classname="ContactCard Company Contact Display Name should show &quot;Unknown Company&quot; when all name fields are missing" name="ContactCard Company Contact Display Name should show &quot;Unknown Company&quot; when all name fields are missing" time="0.009">
    </testcase>
    <testcase classname="ContactCard Contact Card Interactions should call onPress with correct contactId when pressed" name="ContactCard Contact Card Interactions should call onPress with correct contactId when pressed" time="0.003">
    </testcase>
    <testcase classname="ContactCard Contact Card Interactions should display email when present" name="ContactCard Contact Card Interactions should display email when present" time="0.003">
    </testcase>
    <testcase classname="ContactCard Contact Card Interactions should display phone when present" name="ContactCard Contact Card Interactions should display phone when present" time="0.006">
    </testcase>
    <testcase classname="ContactCard Contact Card Interactions should show star icon for important contacts" name="ContactCard Contact Card Interactions should show star icon for important contacts" time="0.017">
    </testcase>
    <testcase classname="ContactCard Contact Card Interactions should not show star icon for non-important contacts" name="ContactCard Contact Card Interactions should not show star icon for non-important contacts" time="0.009">
    </testcase>
    <testcase classname="ContactCard Contact Card Icons should show user icon for Person type without image" name="ContactCard Contact Card Icons should show user icon for Person type without image" time="0.003">
    </testcase>
    <testcase classname="ContactCard Contact Card Icons should show building icon for Company type without image" name="ContactCard Contact Card Icons should show building icon for Company type without image" time="0.007">
    </testcase>
  </testsuite>
  <testsuite name="useContactsStore" errors="0" failures="0" skipped="0" timestamp="2025-07-16T04:47:04" time="0.414" tests="14">
    <testcase classname="useContactsStore initial state should have correct initial state" name="useContactsStore initial state should have correct initial state" time="0.003">
    </testcase>
    <testcase classname="useContactsStore fetchContacts should fetch contacts successfully" name="useContactsStore fetchContacts should fetch contacts successfully" time="0.004">
    </testcase>
    <testcase classname="useContactsStore fetchContacts should handle fetch contacts error" name="useContactsStore fetchContacts should handle fetch contacts error" time="0.002">
    </testcase>
    <testcase classname="useContactsStore fetchContacts should set loading state during fetch" name="useContactsStore fetchContacts should set loading state during fetch" time="0.154">
    </testcase>
    <testcase classname="useContactsStore fetchContactNotes should fetch contact notes successfully" name="useContactsStore fetchContactNotes should fetch contact notes successfully" time="0.001">
    </testcase>
    <testcase classname="useContactsStore fetchContactNotes should handle fetch contact notes error" name="useContactsStore fetchContactNotes should handle fetch contact notes error" time="0.002">
    </testcase>
    <testcase classname="useContactsStore fetchContactNotes should not fetch notes if already exists for contact" name="useContactsStore fetchContactNotes should not fetch notes if already exists for contact" time="0.002">
    </testcase>
    <testcase classname="useContactsStore fetchContactNotes should set loading state during fetch" name="useContactsStore fetchContactNotes should set loading state during fetch" time="0.104">
    </testcase>
    <testcase classname="useContactsStore fetchContactNotes should handle empty notes response" name="useContactsStore fetchContactNotes should handle empty notes response" time="0.006">
    </testcase>
    <testcase classname="useContactsStore setSearchQuery should update search query" name="useContactsStore setSearchQuery should update search query" time="0.003">
    </testcase>
    <testcase classname="useContactsStore selectContact should select contact and open details" name="useContactsStore selectContact should select contact and open details" time="0">
    </testcase>
    <testcase classname="useContactsStore closeDetails should close details modal" name="useContactsStore closeDetails should close details modal" time="0.001">
    </testcase>
    <testcase classname="useContactsStore integration scenarios should handle multiple contact notes for different contacts" name="useContactsStore integration scenarios should handle multiple contact notes for different contacts" time="0.002">
    </testcase>
    <testcase classname="useContactsStore integration scenarios should maintain existing notes when fetching new ones" name="useContactsStore integration scenarios should maintain existing notes when fetching new ones" time="0.004">
    </testcase>
  </testsuite>
  <testsuite name="Calls Store Integration - Call Types" errors="0" failures="0" skipped="0" timestamp="2025-07-16T04:47:04" time="0.142" tests="4">
    <testcase classname="Calls Store Integration - Call Types should integrate fetchCallTypes with the store correctly" name="Calls Store Integration - Call Types should integrate fetchCallTypes with the store correctly" time="0.002">
    </testcase>
    <testcase classname="Calls Store Integration - Call Types should not fetch call types if already populated" name="Calls Store Integration - Call Types should not fetch call types if already populated" time="0.001">
    </testcase>
    <testcase classname="Calls Store Integration - Call Types should handle call types with various names and IDs" name="Calls Store Integration - Call Types should handle call types with various names and IDs" time="0.001">
    </testcase>
    <testcase classname="Calls Store Integration - Call Types should maintain call types state across multiple hook renders" name="Calls Store Integration - Call Types should maintain call types state across multiple hook renders" time="0.001">
    </testcase>
  </testsuite>
  <testsuite name="LiveKitBottomSheet" errors="0" failures="0" skipped="0" timestamp="2025-07-16T04:47:03" time="0.903" tests="15">
    <testcase classname="LiveKitBottomSheet Component Rendering should render successfully when bottom sheet is not visible" name="LiveKitBottomSheet Component Rendering should render successfully when bottom sheet is not visible" time="0.016">
    </testcase>
    <testcase classname="LiveKitBottomSheet Component Rendering should render successfully when bottom sheet is visible" name="LiveKitBottomSheet Component Rendering should render successfully when bottom sheet is visible" time="0.035">
    </testcase>
    <testcase classname="LiveKitBottomSheet Component Rendering should render successfully when connecting" name="LiveKitBottomSheet Component Rendering should render successfully when connecting" time="0.003">
    </testcase>
    <testcase classname="LiveKitBottomSheet Component Rendering should render successfully when connected" name="LiveKitBottomSheet Component Rendering should render successfully when connected" time="0.006">
    </testcase>
    <testcase classname="LiveKitBottomSheet Store Interactions should call fetchVoiceSettings when opening room selection view" name="LiveKitBottomSheet Store Interactions should call fetchVoiceSettings when opening room selection view" time="0.003">
    </testcase>
    <testcase classname="LiveKitBottomSheet Store Interactions should handle empty rooms list" name="LiveKitBottomSheet Store Interactions should handle empty rooms list" time="0.001">
    </testcase>
    <testcase classname="LiveKitBottomSheet Store Interactions should handle connected state with room info" name="LiveKitBottomSheet Store Interactions should handle connected state with room info" time="0.001">
    </testcase>
    <testcase classname="LiveKitBottomSheet Store Interactions should handle talking state" name="LiveKitBottomSheet Store Interactions should handle talking state" time="0.002">
    </testcase>
    <testcase classname="LiveKitBottomSheet Audio Device State should handle missing microphone device" name="LiveKitBottomSheet Audio Device State should handle missing microphone device" time="0.001">
    </testcase>
    <testcase classname="LiveKitBottomSheet Audio Device State should handle missing speaker device" name="LiveKitBottomSheet Audio Device State should handle missing speaker device" time="0.002">
    </testcase>
    <testcase classname="LiveKitBottomSheet Edge Cases should handle missing currentRoom gracefully" name="LiveKitBottomSheet Edge Cases should handle missing currentRoom gracefully" time="0.005">
    </testcase>
    <testcase classname="LiveKitBottomSheet Edge Cases should handle missing localParticipant gracefully" name="LiveKitBottomSheet Edge Cases should handle missing localParticipant gracefully" time="0.002">
    </testcase>
    <testcase classname="LiveKitBottomSheet Edge Cases should handle empty room name gracefully" name="LiveKitBottomSheet Edge Cases should handle empty room name gracefully" time="0.002">
    </testcase>
    <testcase classname="LiveKitBottomSheet Component State Management should handle view transitions" name="LiveKitBottomSheet Component State Management should handle view transitions" time="0.005">
    </testcase>
    <testcase classname="LiveKitBottomSheet Component State Management should handle microphone state changes" name="LiveKitBottomSheet Component State Management should handle microphone state changes" time="0.004">
    </testcase>
  </testsuite>
  <testsuite name="ZeroState" errors="0" failures="0" skipped="0" timestamp="2025-07-16T04:47:04" time="0.3" tests="3">
    <testcase classname="ZeroState renders with default props" name="ZeroState renders with default props" time="0.03">
    </testcase>
    <testcase classname="ZeroState renders with custom props" name="ZeroState renders with custom props" time="0.024">
    </testcase>
    <testcase classname="ZeroState renders in error state" name="ZeroState renders in error state" time="0.002">
    </testcase>
  </testsuite>
  <testsuite name="useStatusSignalRUpdates" errors="0" failures="0" skipped="0" timestamp="2025-07-16T04:47:04" time="0.299" tests="12">
    <testcase classname="useStatusSignalRUpdates should not process updates when no active unit" name="useStatusSignalRUpdates should not process updates when no active unit" time="0.001">
    </testcase>
    <testcase classname="useStatusSignalRUpdates should not process updates when timestamp is 0" name="useStatusSignalRUpdates should not process updates when timestamp is 0" time="0">
    </testcase>
    <testcase classname="useStatusSignalRUpdates should not process updates when message is null" name="useStatusSignalRUpdates should not process updates when message is null" time="0">
    </testcase>
    <testcase classname="useStatusSignalRUpdates should process unit status update for active unit" name="useStatusSignalRUpdates should process unit status update for active unit" time="0.019">
    </testcase>
    <testcase classname="useStatusSignalRUpdates should not process updates for different unit" name="useStatusSignalRUpdates should not process updates for different unit" time="0.001">
    </testcase>
    <testcase classname="useStatusSignalRUpdates should handle invalid JSON message gracefully" name="useStatusSignalRUpdates should handle invalid JSON message gracefully" time="0.003">
    </testcase>
    <testcase classname="useStatusSignalRUpdates should not process the same timestamp twice" name="useStatusSignalRUpdates should not process the same timestamp twice" time="0.018">
    </testcase>
    <testcase classname="useStatusSignalRUpdates should process new timestamp after initial one" name="useStatusSignalRUpdates should process new timestamp after initial one" time="0.002">
    </testcase>
    <testcase classname="useStatusSignalRUpdates should handle API errors gracefully" name="useStatusSignalRUpdates should handle API errors gracefully" time="0.02">
    </testcase>
    <testcase classname="useStatusSignalRUpdates should handle activeUnitId changes" name="useStatusSignalRUpdates should handle activeUnitId changes" time="0.005">
    </testcase>
    <testcase classname="useStatusSignalRUpdates should handle message with no UnitId" name="useStatusSignalRUpdates should handle message with no UnitId" time="0">
    </testcase>
    <testcase classname="useStatusSignalRUpdates should handle empty message object" name="useStatusSignalRUpdates should handle empty message object" time="0">
    </testcase>
  </testsuite>
  <testsuite name="ProtocolCard" errors="0" failures="0" skipped="0" timestamp="2025-07-16T04:47:04" time="0.161" tests="21">
    <testcase classname="ProtocolCard Basic Rendering should render protocol card with all fields" name="ProtocolCard Basic Rendering should render protocol card with all fields" time="0.032">
    </testcase>
    <testcase classname="ProtocolCard Basic Rendering should render protocol card without optional fields" name="ProtocolCard Basic Rendering should render protocol card without optional fields" time="0.001">
    </testcase>
    <testcase classname="ProtocolCard Basic Rendering should handle protocol with HTML in description" name="ProtocolCard Basic Rendering should handle protocol with HTML in description" time="0.003">
    </testcase>
    <testcase classname="ProtocolCard Interactions should call onPress with protocol ID when card is pressed" name="ProtocolCard Interactions should call onPress with protocol ID when card is pressed" time="0.001">
    </testcase>
    <testcase classname="ProtocolCard Interactions should call onPress with correct ID for different protocols" name="ProtocolCard Interactions should call onPress with correct ID for different protocols" time="0.001">
    </testcase>
    <testcase classname="ProtocolCard Interactions should handle multiple press events" name="ProtocolCard Interactions should handle multiple press events" time="0.002">
    </testcase>
    <testcase classname="ProtocolCard Date Display should display UpdatedOn date when available" name="ProtocolCard Date Display should display UpdatedOn date when available" time="0.003">
    </testcase>
    <testcase classname="ProtocolCard Date Display should fall back to CreatedOn when UpdatedOn is not available" name="ProtocolCard Date Display should fall back to CreatedOn when UpdatedOn is not available" time="0.002">
    </testcase>
    <testcase classname="ProtocolCard Code Badge Display should display code badge when code is provided" name="ProtocolCard Code Badge Display should display code badge when code is provided" time="0.002">
    </testcase>
    <testcase classname="ProtocolCard Code Badge Display should not display code badge when code is empty" name="ProtocolCard Code Badge Display should not display code badge when code is empty" time="0.001">
    </testcase>
    <testcase classname="ProtocolCard Code Badge Display should not display code badge when code is null" name="ProtocolCard Code Badge Display should not display code badge when code is null" time="0.002">
    </testcase>
    <testcase classname="ProtocolCard Description Display should display description when provided" name="ProtocolCard Description Display should display description when provided" time="0.004">
    </testcase>
    <testcase classname="ProtocolCard Description Display should handle empty description" name="ProtocolCard Description Display should handle empty description" time="0.002">
    </testcase>
    <testcase classname="ProtocolCard Description Display should strip HTML tags from description" name="ProtocolCard Description Display should strip HTML tags from description" time="0.001">
    </testcase>
    <testcase classname="ProtocolCard Description Display should handle null description" name="ProtocolCard Description Display should handle null description" time="0.001">
    </testcase>
    <testcase classname="ProtocolCard Text Truncation should limit description to 2 lines" name="ProtocolCard Text Truncation should limit description to 2 lines" time="0.003">
    </testcase>
    <testcase classname="ProtocolCard Edge Cases should handle protocol with empty ID" name="ProtocolCard Edge Cases should handle protocol with empty ID" time="0.001">
    </testcase>
    <testcase classname="ProtocolCard Edge Cases should handle protocol with special characters in name" name="ProtocolCard Edge Cases should handle protocol with special characters in name" time="0.002">
    </testcase>
    <testcase classname="ProtocolCard Edge Cases should handle protocol with very long name" name="ProtocolCard Edge Cases should handle protocol with very long name" time="0">
    </testcase>
    <testcase classname="ProtocolCard Edge Cases should handle protocol with very long code" name="ProtocolCard Edge Cases should handle protocol with very long code" time="0.001">
    </testcase>
    <testcase classname="ProtocolCard Accessibility should be accessible for screen readers" name="ProtocolCard Accessibility should be accessible for screen readers" time="0.001">
    </testcase>
  </testsuite>
  <testsuite name="PinDetailModal" errors="0" failures="0" skipped="0" timestamp="2025-07-16T04:47:04" time="0.094" tests="4">
    <testcase classname="PinDetailModal should not render when isOpen is false" name="PinDetailModal should not render when isOpen is false" time="0.03">
    </testcase>
    <testcase classname="PinDetailModal should not render when pin is null" name="PinDetailModal should not render when pin is null" time="0.001">
    </testcase>
    <testcase classname="PinDetailModal should call onClose when close button is pressed" name="PinDetailModal should call onClose when close button is pressed" time="0.002">
    </testcase>
    <testcase classname="PinDetailModal should not show call-specific buttons for non-call pins" name="PinDetailModal should not show call-specific buttons for non-call pins" time="0.001">
    </testcase>
  </testsuite>
  <testsuite name="CloseCallBottomSheet" errors="0" failures="0" skipped="0" timestamp="2025-07-16T04:47:01" time="3.133" tests="16">
    <testcase classname="CloseCallBottomSheet should render the close call bottom sheet" name="CloseCallBottomSheet should render the close call bottom sheet" time="0.141">
    </testcase>
    <testcase classname="CloseCallBottomSheet should show error toast when no close type is selected" name="CloseCallBottomSheet should show error toast when no close type is selected" time="0.009">
    </testcase>
    <testcase classname="CloseCallBottomSheet should successfully close call with valid data" name="CloseCallBottomSheet should successfully close call with valid data" time="0.093">
    </testcase>
    <testcase classname="CloseCallBottomSheet should handle close call with empty note" name="CloseCallBottomSheet should handle close call with empty note" time="0.064">
    </testcase>
    <testcase classname="CloseCallBottomSheet should handle close call API error" name="CloseCallBottomSheet should handle close call API error" time="0.116">
    </testcase>
    <testcase classname="CloseCallBottomSheet should handle close call type 1" name="CloseCallBottomSheet should handle close call type 1" time="0.06">
    </testcase>
    <testcase classname="CloseCallBottomSheet should handle close call type 2" name="CloseCallBottomSheet should handle close call type 2" time="0.063">
    </testcase>
    <testcase classname="CloseCallBottomSheet should handle close call type 3" name="CloseCallBottomSheet should handle close call type 3" time="0.085">
    </testcase>
    <testcase classname="CloseCallBottomSheet should handle close call type 4" name="CloseCallBottomSheet should handle close call type 4" time="0.072">
    </testcase>
    <testcase classname="CloseCallBottomSheet should handle close call type 5" name="CloseCallBottomSheet should handle close call type 5" time="0.065">
    </testcase>
    <testcase classname="CloseCallBottomSheet should handle close call type 6" name="CloseCallBottomSheet should handle close call type 6" time="0.06">
    </testcase>
    <testcase classname="CloseCallBottomSheet should handle close call type 7" name="CloseCallBottomSheet should handle close call type 7" time="0.071">
    </testcase>
    <testcase classname="CloseCallBottomSheet should disable buttons when submitting" name="CloseCallBottomSheet should disable buttons when submitting" time="0.014">
    </testcase>
    <testcase classname="CloseCallBottomSheet should cancel and reset form" name="CloseCallBottomSheet should cancel and reset form" time="0.013">
    </testcase>
    <testcase classname="CloseCallBottomSheet should handle fetchCalls error gracefully" name="CloseCallBottomSheet should handle fetchCalls error gracefully" time="0.066">
    </testcase>
    <testcase classname="CloseCallBottomSheet should not render when isOpen is false" name="CloseCallBottomSheet should not render when isOpen is false" time="0.001">
    </testcase>
  </testsuite>
  <testsuite name="useSignalRLifecycle" errors="0" failures="0" skipped="0" timestamp="2025-07-16T04:47:03" time="0.805" tests="4">
    <testcase classname="useSignalRLifecycle should disconnect SignalR when app goes to background" name="useSignalRLifecycle should disconnect SignalR when app goes to background" time="0.064">
    </testcase>
    <testcase classname="useSignalRLifecycle should reconnect SignalR when app becomes active from background" name="useSignalRLifecycle should reconnect SignalR when app becomes active from background" time="0.513">
    </testcase>
    <testcase classname="useSignalRLifecycle should not manage SignalR when user is not signed in" name="useSignalRLifecycle should not manage SignalR when user is not signed in" time="0.001">
    </testcase>
    <testcase classname="useSignalRLifecycle should not manage SignalR when app is not initialized" name="useSignalRLifecycle should not manage SignalR when app is not initialized" time="0">
    </testcase>
  </testsuite>
  <testsuite name="ContactDetailsSheet" errors="0" failures="0" skipped="0" timestamp="2025-07-16T04:47:04" time="0.097" tests="10">
    <testcase classname="ContactDetailsSheet CSS Interop Fix - Basic Functionality should render without CSS interop errors" name="ContactDetailsSheet CSS Interop Fix - Basic Functionality should render without CSS interop errors" time="0.013">
    </testcase>
    <testcase classname="ContactDetailsSheet CSS Interop Fix - Basic Functionality should not render when closed" name="ContactDetailsSheet CSS Interop Fix - Basic Functionality should not render when closed" time="0.001">
    </testcase>
    <testcase classname="ContactDetailsSheet CSS Interop Fix - Basic Functionality should handle tab switching functionality" name="ContactDetailsSheet CSS Interop Fix - Basic Functionality should handle tab switching functionality" time="0.001">
    </testcase>
    <testcase classname="ContactDetailsSheet CSS Interop Fix - Basic Functionality should call onClose handler correctly" name="ContactDetailsSheet CSS Interop Fix - Basic Functionality should call onClose handler correctly" time="0.001">
    </testcase>
    <testcase classname="ContactDetailsSheet CSS Interop Fix - Basic Functionality should call onTabChange handler correctly" name="ContactDetailsSheet CSS Interop Fix - Basic Functionality should call onTabChange handler correctly" time="0.001">
    </testcase>
    <testcase classname="ContactDetailsSheet CSS Interop Fix - Basic Functionality should handle different contact types correctly" name="ContactDetailsSheet CSS Interop Fix - Basic Functionality should handle different contact types correctly" time="0.002">
    </testcase>
    <testcase classname="ContactDetailsSheet CSS Interop Fix - Basic Functionality should handle missing contact data gracefully" name="ContactDetailsSheet CSS Interop Fix - Basic Functionality should handle missing contact data gracefully" time="0.001">
    </testcase>
    <testcase classname="ContactDetailsSheet Component Behavior should render with contact information" name="ContactDetailsSheet Component Behavior should render with contact information" time="0.001">
    </testcase>
    <testcase classname="ContactDetailsSheet Component Behavior should validate contact types" name="ContactDetailsSheet Component Behavior should validate contact types" time="0">
    </testcase>
    <testcase classname="ContactDetailsSheet Component Behavior should verify component props are passed correctly" name="ContactDetailsSheet Component Behavior should verify component props are passed correctly" time="0.001">
    </testcase>
  </testsuite>
  <testsuite name="Core Store" errors="0" failures="0" skipped="0" timestamp="2025-07-16T04:47:04" time="0.11" tests="5">
    <testcase classname="Core Store Initialization should prevent multiple simultaneous initializations" name="Core Store Initialization should prevent multiple simultaneous initializations" time="0.02">
    </testcase>
    <testcase classname="Core Store Initialization should skip initialization if already initialized" name="Core Store Initialization should skip initialization if already initialized" time="0.001">
    </testcase>
    <testcase classname="Core Store Initialization should handle initialization with no active unit or call" name="Core Store Initialization should handle initialization with no active unit or call" time="0.001">
    </testcase>
    <testcase classname="Core Store Store State should have correct initial state" name="Core Store Store State should have correct initial state" time="0.003">
    </testcase>
    <testcase classname="Core Store Store State should have all required methods" name="Core Store Store State should have all required methods" time="0.001">
    </testcase>
  </testsuite>
  <testsuite name="useCallDetailStore - Notes" errors="0" failures="0" skipped="0" timestamp="2025-07-16T04:47:04" time="0.279" tests="26">
    <testcase classname="useCallDetailStore - Notes fetchCallNotes should fetch call notes successfully" name="useCallDetailStore - Notes fetchCallNotes should fetch call notes successfully" time="0.003">
    </testcase>
    <testcase classname="useCallDetailStore - Notes fetchCallNotes should handle loading state correctly" name="useCallDetailStore - Notes fetchCallNotes should handle loading state correctly" time="0">
    </testcase>
    <testcase classname="useCallDetailStore - Notes fetchCallNotes should handle fetch call notes error" name="useCallDetailStore - Notes fetchCallNotes should handle fetch call notes error" time="0.002">
    </testcase>
    <testcase classname="useCallDetailStore - Notes fetchCallNotes should handle API response with no data" name="useCallDetailStore - Notes fetchCallNotes should handle API response with no data" time="0.001">
    </testcase>
    <testcase classname="useCallDetailStore - Notes addNote should add note successfully and refetch notes" name="useCallDetailStore - Notes addNote should add note successfully and refetch notes" time="0.002">
    </testcase>
    <testcase classname="useCallDetailStore - Notes addNote should add note with location coordinates" name="useCallDetailStore - Notes addNote should add note with location coordinates" time="0">
    </testcase>
    <testcase classname="useCallDetailStore - Notes addNote should handle loading state during add note" name="useCallDetailStore - Notes addNote should handle loading state during add note" time="0.001">
    </testcase>
    <testcase classname="useCallDetailStore - Notes addNote should handle save note error" name="useCallDetailStore - Notes addNote should handle save note error" time="0.014">
    </testcase>
    <testcase classname="useCallDetailStore - Notes addNote should handle refetch error after successful save" name="useCallDetailStore - Notes addNote should handle refetch error after successful save" time="0.001">
    </testcase>
    <testcase classname="useCallDetailStore - Notes searchNotes should return all notes when query is empty" name="useCallDetailStore - Notes searchNotes should return all notes when query is empty" time="0.001">
    </testcase>
    <testcase classname="useCallDetailStore - Notes searchNotes should filter notes by note content" name="useCallDetailStore - Notes searchNotes should filter notes by note content" time="0">
    </testcase>
    <testcase classname="useCallDetailStore - Notes searchNotes should filter notes by author name" name="useCallDetailStore - Notes searchNotes should filter notes by author name" time="0">
    </testcase>
    <testcase classname="useCallDetailStore - Notes searchNotes should perform case-insensitive search" name="useCallDetailStore - Notes searchNotes should perform case-insensitive search" time="0">
    </testcase>
    <testcase classname="useCallDetailStore - Notes searchNotes should return multiple matches" name="useCallDetailStore - Notes searchNotes should return multiple matches" time="0.001">
    </testcase>
    <testcase classname="useCallDetailStore - Notes searchNotes should return empty array when no matches found" name="useCallDetailStore - Notes searchNotes should return empty array when no matches found" time="0.001">
    </testcase>
    <testcase classname="useCallDetailStore - Notes searchNotes should handle whitespace in search query" name="useCallDetailStore - Notes searchNotes should handle whitespace in search query" time="0">
    </testcase>
    <testcase classname="useCallDetailStore - Notes Integration should maintain state consistency during multiple operations" name="useCallDetailStore - Notes Integration should maintain state consistency during multiple operations" time="0.001">
    </testcase>
    <testcase classname="useCallDetailStore - Notes updateCall should update call successfully" name="useCallDetailStore - Notes updateCall should update call successfully" time="0.002">
    </testcase>
    <testcase classname="useCallDetailStore - Notes updateCall should handle update call error" name="useCallDetailStore - Notes updateCall should handle update call error" time="0.003">
    </testcase>
    <testcase classname="useCallDetailStore - Notes updateCall should handle partial update data" name="useCallDetailStore - Notes updateCall should handle partial update data" time="0.002">
    </testcase>
    <testcase classname="useCallDetailStore - Notes closeCall should close call successfully" name="useCallDetailStore - Notes closeCall should close call successfully" time="0.001">
    </testcase>
    <testcase classname="useCallDetailStore - Notes closeCall should handle close call error" name="useCallDetailStore - Notes closeCall should handle close call error" time="0.001">
    </testcase>
    <testcase classname="useCallDetailStore - Notes closeCall should handle close call with empty note" name="useCallDetailStore - Notes closeCall should handle close call with empty note" time="0.001">
    </testcase>
    <testcase classname="useCallDetailStore - Notes closeCall should handle different close call types" name="useCallDetailStore - Notes closeCall should handle different close call types" time="0.002">
    </testcase>
    <testcase classname="useCallDetailStore - Notes Integration - Update and Close Call should maintain state consistency during update and close operations" name="useCallDetailStore - Notes Integration - Update and Close Call should maintain state consistency during update and close operations" time="0.002">
    </testcase>
    <testcase classname="useCallDetailStore - Notes Integration - Update and Close Call should handle error during update followed by successful close" name="useCallDetailStore - Notes Integration - Update and Close Call should handle error during update followed by successful close" time="0.003">
    </testcase>
  </testsuite>
  <testsuite name="CallImagesModal" errors="0" failures="0" skipped="0" timestamp="2025-07-16T04:47:04" time="0.202" tests="15">
    <testcase classname="CallImagesModal CSS Interop Fix - Basic Functionality renders correctly when open" name="CallImagesModal CSS Interop Fix - Basic Functionality renders correctly when open" time="0.058">
    </testcase>
    <testcase classname="CallImagesModal CSS Interop Fix - Basic Functionality does not render when closed" name="CallImagesModal CSS Interop Fix - Basic Functionality does not render when closed" time="0.001">
    </testcase>
    <testcase classname="CallImagesModal CSS Interop Fix - Basic Functionality fetches images when opened" name="CallImagesModal CSS Interop Fix - Basic Functionality fetches images when opened" time="0.002">
    </testcase>
    <testcase classname="CallImagesModal CSS Interop Fix - Basic Functionality shows loading state" name="CallImagesModal CSS Interop Fix - Basic Functionality shows loading state" time="0">
    </testcase>
    <testcase classname="CallImagesModal CSS Interop Fix - Basic Functionality shows error state" name="CallImagesModal CSS Interop Fix - Basic Functionality shows error state" time="0.002">
    </testcase>
    <testcase classname="CallImagesModal CSS Interop Fix - Basic Functionality shows zero state when no images" name="CallImagesModal CSS Interop Fix - Basic Functionality shows zero state when no images" time="0.001">
    </testcase>
    <testcase classname="CallImagesModal CSS Interop Fix - Basic Functionality filters out invalid images from pagination" name="CallImagesModal CSS Interop Fix - Basic Functionality filters out invalid images from pagination" time="0.002">
    </testcase>
    <testcase classname="CallImagesModal Component Behavior handles pagination correctly" name="CallImagesModal Component Behavior handles pagination correctly" time="0.007">
    </testcase>
    <testcase classname="CallImagesModal Component Behavior handles image loading errors gracefully" name="CallImagesModal Component Behavior handles image loading errors gracefully" time="0.003">
    </testcase>
    <testcase classname="CallImagesModal Component Behavior calls onClose when close button clicked" name="CallImagesModal Component Behavior calls onClose when close button clicked" time="0.003">
    </testcase>
    <testcase classname="CallImagesModal Logic Tests should filter valid images correctly" name="CallImagesModal Logic Tests should filter valid images correctly" time="0.001">
    </testcase>
    <testcase classname="CallImagesModal Logic Tests should prefer Data over Url when both are available" name="CallImagesModal Logic Tests should prefer Data over Url when both are available" time="0.001">
    </testcase>
    <testcase classname="CallImagesModal Logic Tests should fall back to URL when Data is empty" name="CallImagesModal Logic Tests should fall back to URL when Data is empty" time="0">
    </testcase>
    <testcase classname="CallImagesModal Logic Tests should return null when both Data and Url are empty" name="CallImagesModal Logic Tests should return null when both Data and Url are empty" time="0">
    </testcase>
    <testcase classname="CallImagesModal Logic Tests should handle pagination bounds correctly" name="CallImagesModal Logic Tests should handle pagination bounds correctly" time="0.001">
    </testcase>
  </testsuite>
  <testsuite name="Pin Actions Integration Tests" errors="0" failures="0" skipped="0" timestamp="2025-07-16T04:47:04" time="0.375" tests="19">
    <testcase classname="Pin Actions Integration Tests Routing functionality should successfully route to call location" name="Pin Actions Integration Tests Routing functionality should successfully route to call location" time="0.043">
    </testcase>
    <testcase classname="Pin Actions Integration Tests Routing functionality should successfully route to unit location" name="Pin Actions Integration Tests Routing functionality should successfully route to unit location" time="0.006">
    </testcase>
    <testcase classname="Pin Actions Integration Tests Routing functionality should handle routing failure gracefully" name="Pin Actions Integration Tests Routing functionality should handle routing failure gracefully" time="0.063">
    </testcase>
    <testcase classname="Pin Actions Integration Tests Routing functionality should handle routing error gracefully" name="Pin Actions Integration Tests Routing functionality should handle routing error gracefully" time="0.062">
    </testcase>
    <testcase classname="Pin Actions Integration Tests Routing functionality should show error when pin has no location data" name="Pin Actions Integration Tests Routing functionality should show error when pin has no location data" time="0.016">
    </testcase>
    <testcase classname="Pin Actions Integration Tests Routing functionality should route without user location when unavailable" name="Pin Actions Integration Tests Routing functionality should route without user location when unavailable" time="0.009">
    </testcase>
    <testcase classname="Pin Actions Integration Tests Call detail navigation should navigate to call details for call pins" name="Pin Actions Integration Tests Call detail navigation should navigate to call details for call pins" time="0.006">
    </testcase>
    <testcase classname="Pin Actions Integration Tests Call detail navigation should not show call details button for non-call pins" name="Pin Actions Integration Tests Call detail navigation should not show call details button for non-call pins" time="0.008">
    </testcase>
    <testcase classname="Pin Actions Integration Tests Set as current call functionality should set call as current call for call pins" name="Pin Actions Integration Tests Set as current call functionality should set call as current call for call pins" time="0.008">
    </testcase>
    <testcase classname="Pin Actions Integration Tests Set as current call functionality should not show set as current call button for non-call pins" name="Pin Actions Integration Tests Set as current call functionality should not show set as current call button for non-call pins" time="0.001">
    </testcase>
    <testcase classname="Pin Actions Integration Tests Pin type detection should detect call pin by ImagePath" name="Pin Actions Integration Tests Pin type detection should detect call pin by ImagePath" time="0.006">
    </testcase>
    <testcase classname="Pin Actions Integration Tests Pin type detection should detect call pin by Type" name="Pin Actions Integration Tests Pin type detection should detect call pin by Type" time="0.03">
    </testcase>
    <testcase classname="Pin Actions Integration Tests Pin type detection should detect non-call pin correctly" name="Pin Actions Integration Tests Pin type detection should detect non-call pin correctly" time="0.007">
    </testcase>
    <testcase classname="Pin Actions Integration Tests Modal behavior should close modal when close button is pressed" name="Pin Actions Integration Tests Modal behavior should close modal when close button is pressed" time="0.011">
    </testcase>
    <testcase classname="Pin Actions Integration Tests Modal behavior should not render when closed" name="Pin Actions Integration Tests Modal behavior should not render when closed" time="0">
    </testcase>
    <testcase classname="Pin Actions Integration Tests Pin information display should display all pin information correctly" name="Pin Actions Integration Tests Pin information display should display all pin information correctly" time="0.014">
    </testcase>
    <testcase classname="Pin Actions Integration Tests Pin information display should handle missing pin information gracefully" name="Pin Actions Integration Tests Pin information display should handle missing pin information gracefully" time="0.008">
    </testcase>
    <testcase classname="Pin Actions Integration Tests Error handling should handle missing onSetAsCurrentCall prop gracefully" name="Pin Actions Integration Tests Error handling should handle missing onSetAsCurrentCall prop gracefully" time="0.009">
    </testcase>
    <testcase classname="Pin Actions Integration Tests Error handling should handle missing pin ID gracefully" name="Pin Actions Integration Tests Error handling should handle missing pin ID gracefully" time="0.002">
    </testcase>
  </testsuite>
  <testsuite name="CustomBottomSheet" errors="0" failures="0" skipped="0" timestamp="2025-07-16T04:47:04" time="0.261" tests="35">
    <testcase classname="CustomBottomSheet Basic Rendering should render successfully when open" name="CustomBottomSheet Basic Rendering should render successfully when open" time="0.037">
    </testcase>
    <testcase classname="CustomBottomSheet Basic Rendering should not render when closed" name="CustomBottomSheet Basic Rendering should not render when closed" time="0.002">
    </testcase>
    <testcase classname="CustomBottomSheet Basic Rendering should render with custom testID" name="CustomBottomSheet Basic Rendering should render with custom testID" time="0.007">
    </testcase>
    <testcase classname="CustomBottomSheet Props Handling should pass snapPoints correctly" name="CustomBottomSheet Props Handling should pass snapPoints correctly" time="0.003">
    </testcase>
    <testcase classname="CustomBottomSheet Props Handling should use default snapPoints when not provided" name="CustomBottomSheet Props Handling should use default snapPoints when not provided" time="0.011">
    </testcase>
    <testcase classname="CustomBottomSheet Props Handling should apply custom minHeight" name="CustomBottomSheet Props Handling should apply custom minHeight" time="0.001">
    </testcase>
    <testcase classname="CustomBottomSheet Props Handling should use default minHeight when not provided" name="CustomBottomSheet Props Handling should use default minHeight when not provided" time="0.003">
    </testcase>
    <testcase classname="CustomBottomSheet Props Handling should handle onClose callback" name="CustomBottomSheet Props Handling should handle onClose callback" time="0.002">
    </testcase>
    <testcase classname="CustomBottomSheet Loading State should show loading spinner when isLoading is true" name="CustomBottomSheet Loading State should show loading spinner when isLoading is true" time="0.002">
    </testcase>
    <testcase classname="CustomBottomSheet Loading State should show loading text when provided" name="CustomBottomSheet Loading State should show loading text when provided" time="0.003">
    </testcase>
    <testcase classname="CustomBottomSheet Loading State should not show loading text when not provided" name="CustomBottomSheet Loading State should not show loading text when not provided" time="0.002">
    </testcase>
    <testcase classname="CustomBottomSheet Loading State should show children when not loading" name="CustomBottomSheet Loading State should show children when not loading" time="0.002">
    </testcase>
    <testcase classname="CustomBottomSheet Loading State should default to not loading when isLoading is not provided" name="CustomBottomSheet Loading State should default to not loading when isLoading is not provided" time="0.001">
    </testcase>
    <testcase classname="CustomBottomSheet Color Scheme should apply light theme styles" name="CustomBottomSheet Color Scheme should apply light theme styles" time="0.004">
    </testcase>
    <testcase classname="CustomBottomSheet Color Scheme should apply dark theme styles" name="CustomBottomSheet Color Scheme should apply dark theme styles" time="0.004">
    </testcase>
    <testcase classname="CustomBottomSheet Color Scheme should handle color scheme changes" name="CustomBottomSheet Color Scheme should handle color scheme changes" time="0.005">
    </testcase>
    <testcase classname="CustomBottomSheet Children Rendering should render simple text children" name="CustomBottomSheet Children Rendering should render simple text children" time="0.001">
    </testcase>
    <testcase classname="CustomBottomSheet Children Rendering should render complex children" name="CustomBottomSheet Children Rendering should render complex children" time="0.002">
    </testcase>
    <testcase classname="CustomBottomSheet Children Rendering should render multiple children" name="CustomBottomSheet Children Rendering should render multiple children" time="0.002">
    </testcase>
    <testcase classname="CustomBottomSheet Children Rendering should handle null children" name="CustomBottomSheet Children Rendering should handle null children" time="0.005">
    </testcase>
    <testcase classname="CustomBottomSheet Children Rendering should handle undefined children" name="CustomBottomSheet Children Rendering should handle undefined children" time="0.027">
    </testcase>
    <testcase classname="CustomBottomSheet CSS Classes should apply correct base classes" name="CustomBottomSheet CSS Classes should apply correct base classes" time="0.002">
    </testcase>
    <testcase classname="CustomBottomSheet CSS Classes should apply correct VStack classes" name="CustomBottomSheet CSS Classes should apply correct VStack classes" time="0">
    </testcase>
    <testcase classname="CustomBottomSheet CSS Classes should apply correct loading Center classes" name="CustomBottomSheet CSS Classes should apply correct loading Center classes" time="0.001">
    </testcase>
    <testcase classname="CustomBottomSheet CSS Classes should apply correct loading text classes" name="CustomBottomSheet CSS Classes should apply correct loading text classes" time="0.002">
    </testcase>
    <testcase classname="CustomBottomSheet State Management should handle isOpen state changes" name="CustomBottomSheet State Management should handle isOpen state changes" time="0.015">
    </testcase>
    <testcase classname="CustomBottomSheet State Management should handle isLoading state changes" name="CustomBottomSheet State Management should handle isLoading state changes" time="0.003">
    </testcase>
    <testcase classname="CustomBottomSheet State Management should handle loadingText changes" name="CustomBottomSheet State Management should handle loadingText changes" time="0.015">
    </testcase>
    <testcase classname="CustomBottomSheet Edge Cases should handle empty snapPoints array" name="CustomBottomSheet Edge Cases should handle empty snapPoints array" time="0.011">
    </testcase>
    <testcase classname="CustomBottomSheet Edge Cases should handle single snapPoint" name="CustomBottomSheet Edge Cases should handle single snapPoint" time="0.001">
    </testcase>
    <testcase classname="CustomBottomSheet Edge Cases should handle empty string minHeight" name="CustomBottomSheet Edge Cases should handle empty string minHeight" time="0.001">
    </testcase>
    <testcase classname="CustomBottomSheet Edge Cases should handle empty string loadingText" name="CustomBottomSheet Edge Cases should handle empty string loadingText" time="0.003">
    </testcase>
    <testcase classname="CustomBottomSheet Edge Cases should handle multiple onClose calls" name="CustomBottomSheet Edge Cases should handle multiple onClose calls" time="0.008">
    </testcase>
    <testcase classname="CustomBottomSheet Component Structure should maintain correct component hierarchy" name="CustomBottomSheet Component Structure should maintain correct component hierarchy" time="0.003">
    </testcase>
    <testcase classname="CustomBottomSheet Component Structure should have correct loading state structure" name="CustomBottomSheet Component Structure should have correct loading state structure" time="0.002">
    </testcase>
  </testsuite>
  <testsuite name="useCallsStore" errors="0" failures="0" skipped="0" timestamp="2025-07-16T04:47:04" time="0.241" tests="6">
    <testcase classname="useCallsStore fetchCallTypes should fetch call types when store is empty" name="useCallsStore fetchCallTypes should fetch call types when store is empty" time="0.057">
    </testcase>
    <testcase classname="useCallsStore fetchCallTypes should not fetch call types when store already has data" name="useCallsStore fetchCallTypes should not fetch call types when store already has data" time="0.002">
    </testcase>
    <testcase classname="useCallsStore fetchCallTypes should handle fetch call types error" name="useCallsStore fetchCallTypes should handle fetch call types error" time="0.002">
    </testcase>
    <testcase classname="useCallsStore fetchCallPriorities should fetch call priorities successfully" name="useCallsStore fetchCallPriorities should fetch call priorities successfully" time="0.004">
    </testcase>
    <testcase classname="useCallsStore fetchCallPriorities should handle fetch call priorities error" name="useCallsStore fetchCallPriorities should handle fetch call priorities error" time="0.002">
    </testcase>
    <testcase classname="useCallsStore init should initialize all data successfully" name="useCallsStore init should initialize all data successfully" time="0.003">
    </testcase>
  </testsuite>
  <testsuite name="Plus Code Search Logic" errors="0" failures="0" skipped="0" timestamp="2025-07-16T04:47:04" time="0.047" tests="25">
    <testcase classname="Plus Code Search Logic Input Validation should reject empty plus code string" name="Plus Code Search Logic Input Validation should reject empty plus code string" time="0">
    </testcase>
    <testcase classname="Plus Code Search Logic Input Validation should reject whitespace-only plus code string" name="Plus Code Search Logic Input Validation should reject whitespace-only plus code string" time="0">
    </testcase>
    <testcase classname="Plus Code Search Logic API Configuration should handle missing API key gracefully" name="Plus Code Search Logic API Configuration should handle missing API key gracefully" time="0">
    </testcase>
    <testcase classname="Plus Code Search Logic API Configuration should use correct API endpoint and parameters" name="Plus Code Search Logic API Configuration should use correct API endpoint and parameters" time="0">
    </testcase>
    <testcase classname="Plus Code Search Logic Plus Code Formats should handle full plus code with area code" name="Plus Code Search Logic Plus Code Formats should handle full plus code with area code" time="0">
    </testcase>
    <testcase classname="Plus Code Search Logic Plus Code Formats should handle short plus code (without area code)" name="Plus Code Search Logic Plus Code Formats should handle short plus code (without area code)" time="0">
    </testcase>
    <testcase classname="Plus Code Search Logic Plus Code Formats should handle plus code with city context" name="Plus Code Search Logic Plus Code Formats should handle plus code with city context" time="0">
    </testcase>
    <testcase classname="Plus Code Search Logic Plus Code Formats should handle plus code with special characters" name="Plus Code Search Logic Plus Code Formats should handle plus code with special characters" time="0">
    </testcase>
    <testcase classname="Plus Code Search Logic Geocoding Results should handle successful geocoding result" name="Plus Code Search Logic Geocoding Results should handle successful geocoding result" time="0">
    </testcase>
    <testcase classname="Plus Code Search Logic Geocoding Results should handle no results from geocoding API" name="Plus Code Search Logic Geocoding Results should handle no results from geocoding API" time="0">
    </testcase>
    <testcase classname="Plus Code Search Logic Geocoding Results should handle invalid status from geocoding API" name="Plus Code Search Logic Geocoding Results should handle invalid status from geocoding API" time="0">
    </testcase>
    <testcase classname="Plus Code Search Logic Geocoding Results should handle REQUEST_DENIED status" name="Plus Code Search Logic Geocoding Results should handle REQUEST_DENIED status" time="0">
    </testcase>
    <testcase classname="Plus Code Search Logic Geocoding Results should handle OVER_QUERY_LIMIT status" name="Plus Code Search Logic Geocoding Results should handle OVER_QUERY_LIMIT status" time="0">
    </testcase>
    <testcase classname="Plus Code Search Logic Error Handling should handle network errors gracefully" name="Plus Code Search Logic Error Handling should handle network errors gracefully" time="0.001">
    </testcase>
    <testcase classname="Plus Code Search Logic Error Handling should handle API timeout errors" name="Plus Code Search Logic Error Handling should handle API timeout errors" time="0">
    </testcase>
    <testcase classname="Plus Code Search Logic Error Handling should handle null config" name="Plus Code Search Logic Error Handling should handle null config" time="0">
    </testcase>
    <testcase classname="Plus Code Search Logic Plus Code Encoding should properly encode plus sign in plus codes" name="Plus Code Search Logic Plus Code Encoding should properly encode plus sign in plus codes" time="0">
    </testcase>
    <testcase classname="Plus Code Search Logic Plus Code Encoding should handle plus codes with spaces" name="Plus Code Search Logic Plus Code Encoding should handle plus codes with spaces" time="0">
    </testcase>
    <testcase classname="Plus Code Search Logic Plus Code Encoding should handle plus codes with unicode characters" name="Plus Code Search Logic Plus Code Encoding should handle plus codes with unicode characters" time="0">
    </testcase>
    <testcase classname="Plus Code Search Logic Data Structure Validation should validate geocoding result structure" name="Plus Code Search Logic Data Structure Validation should validate geocoding result structure" time="0">
    </testcase>
    <testcase classname="Plus Code Search Logic Integration Flow should complete entire plus code geocoding flow successfully" name="Plus Code Search Logic Integration Flow should complete entire plus code geocoding flow successfully" time="0">
    </testcase>
    <testcase classname="Plus Code Search Logic Performance Tests should handle multiple concurrent plus code searches" name="Plus Code Search Logic Performance Tests should handle multiple concurrent plus code searches" time="0.001">
    </testcase>
    <testcase classname="Plus Code Search Logic Real-world Plus Code Examples should handle Mountain View, CA plus code" name="Plus Code Search Logic Real-world Plus Code Examples should handle Mountain View, CA plus code" time="0">
    </testcase>
    <testcase classname="Plus Code Search Logic Real-world Plus Code Examples should handle New York City plus code" name="Plus Code Search Logic Real-world Plus Code Examples should handle New York City plus code" time="0">
    </testcase>
    <testcase classname="Plus Code Search Logic Real-world Plus Code Examples should handle London, UK plus code" name="Plus Code Search Logic Real-world Plus Code Examples should handle London, UK plus code" time="0">
    </testcase>
  </testsuite>
  <testsuite name="SignalR Lifecycle Management" errors="0" failures="0" skipped="0" timestamp="2025-07-16T04:47:04" time="0.073" tests="4">
    <testcase classname="SignalR Lifecycle Management should disconnect SignalR when app goes to background" name="SignalR Lifecycle Management should disconnect SignalR when app goes to background" time="0.001">
    </testcase>
    <testcase classname="SignalR Lifecycle Management should reconnect SignalR when app becomes active again" name="SignalR Lifecycle Management should reconnect SignalR when app becomes active again" time="0.001">
    </testcase>
    <testcase classname="SignalR Lifecycle Management should not manage SignalR connections when user is not signed in" name="SignalR Lifecycle Management should not manage SignalR connections when user is not signed in" time="0">
    </testcase>
    <testcase classname="SignalR Lifecycle Management should not manage SignalR connections when app is not initialized" name="SignalR Lifecycle Management should not manage SignalR connections when app is not initialized" time="0.001">
    </testcase>
  </testsuite>
  <testsuite name="useProtocolsStore" errors="0" failures="0" skipped="0" timestamp="2025-07-16T04:47:04" time="0.066" tests="19">
    <testcase classname="useProtocolsStore Initial State should have correct initial state" name="useProtocolsStore Initial State should have correct initial state" time="0.002">
    </testcase>
    <testcase classname="useProtocolsStore fetchProtocols should fetch protocols successfully" name="useProtocolsStore fetchProtocols should fetch protocols successfully" time="0.002">
    </testcase>
    <testcase classname="useProtocolsStore fetchProtocols should set loading state during fetch" name="useProtocolsStore fetchProtocols should set loading state during fetch" time="0.001">
    </testcase>
    <testcase classname="useProtocolsStore fetchProtocols should handle fetch error" name="useProtocolsStore fetchProtocols should handle fetch error" time="0.001">
    </testcase>
    <testcase classname="useProtocolsStore fetchProtocols should handle fetch error with unknown error type" name="useProtocolsStore fetchProtocols should handle fetch error with unknown error type" time="0.001">
    </testcase>
    <testcase classname="useProtocolsStore fetchProtocols should clear previous error on successful fetch" name="useProtocolsStore fetchProtocols should clear previous error on successful fetch" time="0.001">
    </testcase>
    <testcase classname="useProtocolsStore setSearchQuery should set search query" name="useProtocolsStore setSearchQuery should set search query" time="0">
    </testcase>
    <testcase classname="useProtocolsStore setSearchQuery should update search query multiple times" name="useProtocolsStore setSearchQuery should update search query multiple times" time="0.001">
    </testcase>
    <testcase classname="useProtocolsStore setSearchQuery should handle empty search query" name="useProtocolsStore setSearchQuery should handle empty search query" time="0.001">
    </testcase>
    <testcase classname="useProtocolsStore selectProtocol should select protocol and open details" name="useProtocolsStore selectProtocol should select protocol and open details" time="0.001">
    </testcase>
    <testcase classname="useProtocolsStore selectProtocol should select different protocols" name="useProtocolsStore selectProtocol should select different protocols" time="0.002">
    </testcase>
    <testcase classname="useProtocolsStore selectProtocol should handle empty protocol ID" name="useProtocolsStore selectProtocol should handle empty protocol ID" time="0.002">
    </testcase>
    <testcase classname="useProtocolsStore closeDetails should close details sheet" name="useProtocolsStore closeDetails should close details sheet" time="0.001">
    </testcase>
    <testcase classname="useProtocolsStore closeDetails should close details when already closed" name="useProtocolsStore closeDetails should close details when already closed" time="0.001">
    </testcase>
    <testcase classname="useProtocolsStore Store State Persistence should maintain state across multiple hook instances" name="useProtocolsStore Store State Persistence should maintain state across multiple hook instances" time="0.004">
    </testcase>
    <testcase classname="useProtocolsStore Complex State Interactions should handle multiple state changes in sequence" name="useProtocolsStore Complex State Interactions should handle multiple state changes in sequence" time="0.002">
    </testcase>
    <testcase classname="useProtocolsStore Complex State Interactions should handle concurrent fetchProtocols calls" name="useProtocolsStore Complex State Interactions should handle concurrent fetchProtocols calls" time="0.006">
    </testcase>
    <testcase classname="useProtocolsStore Edge Cases should handle empty protocols response" name="useProtocolsStore Edge Cases should handle empty protocols response" time="0.001">
    </testcase>
    <testcase classname="useProtocolsStore Edge Cases should handle null protocol ID selection" name="useProtocolsStore Edge Cases should handle null protocol ID selection" time="0">
    </testcase>
  </testsuite>
  <testsuite name="SidebarRolesCard" errors="0" failures="0" skipped="0" timestamp="2025-07-16T04:47:04" time="0.224" tests="10">
    <testcase classname="SidebarRolesCard renders correctly with active unit and role assignments" name="SidebarRolesCard renders correctly with active unit and role assignments" time="0.038">
    </testcase>
    <testcase classname="SidebarRolesCard displays zero counts when no active unit" name="SidebarRolesCard displays zero counts when no active unit" time="0.001">
    </testcase>
    <testcase classname="SidebarRolesCard displays zero counts when no role assignments" name="SidebarRolesCard displays zero counts when no role assignments" time="0">
    </testcase>
    <testcase classname="SidebarRolesCard filters role assignments by active unit" name="SidebarRolesCard filters role assignments by active unit" time="0.021">
    </testcase>
    <testcase classname="SidebarRolesCard counts active assignments correctly" name="SidebarRolesCard counts active assignments correctly" time="0.007">
    </testcase>
    <testcase classname="SidebarRolesCard handles empty unit role assignments gracefully" name="SidebarRolesCard handles empty unit role assignments gracefully" time="0.003">
    </testcase>
    <testcase classname="SidebarRolesCard handles assignments with undefined FullName" name="SidebarRolesCard handles assignments with undefined FullName" time="0.003">
    </testcase>
    <testcase classname="SidebarRolesCard memoizes counts correctly when props change" name="SidebarRolesCard memoizes counts correctly when props change" time="0.008">
    </testcase>
    <testcase classname="SidebarRolesCard handles unit change correctly" name="SidebarRolesCard handles unit change correctly" time="0.002">
    </testcase>
    <testcase classname="SidebarRolesCard renders the card component" name="SidebarRolesCard renders the card component" time="0.004">
    </testcase>
  </testsuite>
  <testsuite name="what3words API functionality" errors="0" failures="0" skipped="0" timestamp="2025-07-16T04:47:04" time="0.068" tests="14">
    <testcase classname="what3words API functionality what3words format validation should validate correct what3words format" name="what3words API functionality what3words format validation should validate correct what3words format" time="0.001">
    </testcase>
    <testcase classname="what3words API functionality what3words format validation should reject invalid what3words formats" name="what3words API functionality what3words format validation should reject invalid what3words formats" time="0">
    </testcase>
    <testcase classname="what3words API functionality what3words API integration should make correct API call with valid what3words" name="what3words API functionality what3words API integration should make correct API call with valid what3words" time="0">
    </testcase>
    <testcase classname="what3words API functionality what3words API integration should handle successful API response" name="what3words API functionality what3words API integration should handle successful API response" time="0.001">
    </testcase>
    <testcase classname="what3words API functionality what3words API integration should handle API errors" name="what3words API functionality what3words API integration should handle API errors" time="0.004">
    </testcase>
    <testcase classname="what3words API functionality what3words API integration should handle response with no coordinates" name="what3words API functionality what3words API integration should handle response with no coordinates" time="0">
    </testcase>
    <testcase classname="what3words API functionality URL encoding should properly encode what3words in URL" name="what3words API functionality URL encoding should properly encode what3words in URL" time="0">
    </testcase>
    <testcase classname="what3words API functionality URL encoding should handle special characters if present" name="what3words API functionality URL encoding should handle special characters if present" time="0">
    </testcase>
    <testcase classname="what3words API functionality coordinate conversion should convert coordinates to correct format" name="what3words API functionality coordinate conversion should convert coordinates to correct format" time="0.001">
    </testcase>
    <testcase classname="what3words API functionality coordinate conversion should handle negative coordinates" name="what3words API functionality coordinate conversion should handle negative coordinates" time="0">
    </testcase>
    <testcase classname="what3words API functionality API configuration should use configured API key" name="what3words API functionality API configuration should use configured API key" time="0">
    </testcase>
    <testcase classname="what3words API functionality API configuration should construct correct API URL" name="what3words API functionality API configuration should construct correct API URL" time="0">
    </testcase>
    <testcase classname="what3words API functionality location data handling should extract location data from API response" name="what3words API functionality location data handling should extract location data from API response" time="0">
    </testcase>
    <testcase classname="what3words API functionality location data handling should handle missing nearestPlace" name="what3words API functionality location data handling should handle missing nearestPlace" time="0">
    </testcase>
  </testsuite>
  <testsuite name="useDispatchStore" errors="0" failures="0" skipped="0" timestamp="2025-07-16T04:47:04" time="0.196" tests="2">
    <testcase classname="useDispatchStore should initialize without errors" name="useDispatchStore should initialize without errors" time="0.002">
    </testcase>
    <testcase classname="useDispatchStore should have basic properties" name="useDispatchStore should have basic properties" time="0">
    </testcase>
  </testsuite>
  <testsuite name="ContactNotesList" errors="0" failures="0" skipped="0" timestamp="2025-07-16T04:47:04" time="0.077" tests="1">
    <testcase classname="ContactNotesList should render without crashing" name="ContactNotesList should render without crashing" time="0.031">
    </testcase>
  </testsuite>
  <testsuite name="BluetoothAudioService" errors="0" failures="0" skipped="0" timestamp="2025-07-16T04:47:04" time="0.102" tests="13">
    <testcase classname="BluetoothAudioService initialization should initialize service successfully when Bluetooth is available" name="BluetoothAudioService initialization should initialize service successfully when Bluetooth is available" time="0.007">
    </testcase>
    <testcase classname="BluetoothAudioService initialization should handle initialization when Bluetooth is not available" name="BluetoothAudioService initialization should handle initialization when Bluetooth is not available" time="0">
    </testcase>
    <testcase classname="BluetoothAudioService initialization should handle initialization when permissions are not granted" name="BluetoothAudioService initialization should handle initialization when permissions are not granted" time="0">
    </testcase>
    <testcase classname="BluetoothAudioService initialization should handle multiple initialization calls gracefully" name="BluetoothAudioService initialization should handle multiple initialization calls gracefully" time="0">
    </testcase>
    <testcase classname="BluetoothAudioService button event handling should handle AINA button events correctly" name="BluetoothAudioService button event handling should handle AINA button events correctly" time="0">
    </testcase>
    <testcase classname="BluetoothAudioService button event handling should handle B01 Inrico button events correctly" name="BluetoothAudioService button event handling should handle B01 Inrico button events correctly" time="0">
    </testcase>
    <testcase classname="BluetoothAudioService button event handling should handle generic button events correctly" name="BluetoothAudioService button event handling should handle generic button events correctly" time="0.001">
    </testcase>
    <testcase classname="BluetoothAudioService button event handling should detect long press events" name="BluetoothAudioService button event handling should detect long press events" time="0">
    </testcase>
    <testcase classname="BluetoothAudioService button event handling should handle volume button events" name="BluetoothAudioService button event handling should handle volume button events" time="0.001">
    </testcase>
    <testcase classname="BluetoothAudioService device reconnection should attempt to reconnect when Bluetooth is turned back on" name="BluetoothAudioService device reconnection should attempt to reconnect when Bluetooth is turned back on" time="0">
    </testcase>
    <testcase classname="BluetoothAudioService device reconnection should start scanning if direct reconnection fails" name="BluetoothAudioService device reconnection should start scanning if direct reconnection fails" time="0.001">
    </testcase>
    <testcase classname="BluetoothAudioService error handling should handle button event parsing errors gracefully" name="BluetoothAudioService error handling should handle button event parsing errors gracefully" time="0">
    </testcase>
    <testcase classname="BluetoothAudioService error handling should handle initialization errors gracefully" name="BluetoothAudioService error handling should handle initialization errors gracefully" time="0">
    </testcase>
  </testsuite>
  <testsuite name="useLocationStore" errors="0" failures="0" skipped="0" timestamp="2025-07-16T04:47:04" time="0.071" tests="7">
    <testcase classname="useLocationStore should have initial state" name="useLocationStore should have initial state" time="0.003">
    </testcase>
    <testcase classname="useLocationStore should update location data" name="useLocationStore should update location data" time="0.001">
    </testcase>
    <testcase classname="useLocationStore should set background enabled" name="useLocationStore should set background enabled" time="0">
    </testcase>
    <testcase classname="useLocationStore Map Lock Functionality should set map locked state" name="useLocationStore Map Lock Functionality should set map locked state" time="0">
    </testcase>
    <testcase classname="useLocationStore Map Lock Functionality should toggle map lock state" name="useLocationStore Map Lock Functionality should toggle map lock state" time="0.001">
    </testcase>
    <testcase classname="useLocationStore Map Lock Functionality should persist map lock state" name="useLocationStore Map Lock Functionality should persist map lock state" time="0.001">
    </testcase>
    <testcase classname="useLocationStore should have all required methods" name="useLocationStore should have all required methods" time="0">
    </testcase>
  </testsuite>
  <testsuite name="Navigation Functions" errors="0" failures="0" skipped="0" timestamp="2025-07-16T04:47:04" time="0.05" tests="31">
    <testcase classname="Navigation Functions openMapsWithDirections iOS Platform should open Apple Maps with current location as origin" name="Navigation Functions openMapsWithDirections iOS Platform should open Apple Maps with current location as origin" time="0.001">
    </testcase>
    <testcase classname="Navigation Functions openMapsWithDirections iOS Platform should open Apple Maps with specific origin" name="Navigation Functions openMapsWithDirections iOS Platform should open Apple Maps with specific origin" time="0">
    </testcase>
    <testcase classname="Navigation Functions openMapsWithDirections iOS Platform should handle string coordinates" name="Navigation Functions openMapsWithDirections iOS Platform should handle string coordinates" time="0">
    </testcase>
    <testcase classname="Navigation Functions openMapsWithDirections Android Platform should open Google Maps with current location as origin" name="Navigation Functions openMapsWithDirections Android Platform should open Google Maps with current location as origin" time="0">
    </testcase>
    <testcase classname="Navigation Functions openMapsWithDirections Android Platform should open Google Maps with specific origin" name="Navigation Functions openMapsWithDirections Android Platform should open Google Maps with specific origin" time="0">
    </testcase>
    <testcase classname="Navigation Functions openMapsWithDirections Web Platform should open Google Maps web with current location as origin" name="Navigation Functions openMapsWithDirections Web Platform should open Google Maps web with current location as origin" time="0">
    </testcase>
    <testcase classname="Navigation Functions openMapsWithDirections Web Platform should open Google Maps web with specific origin" name="Navigation Functions openMapsWithDirections Web Platform should open Google Maps web with specific origin" time="0.001">
    </testcase>
    <testcase classname="Navigation Functions openMapsWithDirections Windows Platform should open Google Maps web for Windows" name="Navigation Functions openMapsWithDirections Windows Platform should open Google Maps web for Windows" time="0">
    </testcase>
    <testcase classname="Navigation Functions openMapsWithDirections macOS Platform should open Google Maps web for macOS" name="Navigation Functions openMapsWithDirections macOS Platform should open Google Maps web for macOS" time="0">
    </testcase>
    <testcase classname="Navigation Functions openMapsWithDirections Fallback Behavior should use web fallback when canOpenURL returns false" name="Navigation Functions openMapsWithDirections Fallback Behavior should use web fallback when canOpenURL returns false" time="0">
    </testcase>
    <testcase classname="Navigation Functions openMapsWithDirections Fallback Behavior should handle unknown platform" name="Navigation Functions openMapsWithDirections Fallback Behavior should handle unknown platform" time="0">
    </testcase>
    <testcase classname="Navigation Functions openMapsWithDirections Error Handling should handle Linking.openURL errors" name="Navigation Functions openMapsWithDirections Error Handling should handle Linking.openURL errors" time="0">
    </testcase>
    <testcase classname="Navigation Functions openMapsWithDirections Error Handling should handle Linking.canOpenURL errors" name="Navigation Functions openMapsWithDirections Error Handling should handle Linking.canOpenURL errors" time="0">
    </testcase>
    <testcase classname="Navigation Functions openMapsWithDirections Parameter Validation should handle undefined destination name" name="Navigation Functions openMapsWithDirections Parameter Validation should handle undefined destination name" time="0">
    </testcase>
    <testcase classname="Navigation Functions openMapsWithDirections Parameter Validation should handle zero coordinates" name="Navigation Functions openMapsWithDirections Parameter Validation should handle zero coordinates" time="0">
    </testcase>
    <testcase classname="Navigation Functions openMapsWithDirections Parameter Validation should handle negative coordinates" name="Navigation Functions openMapsWithDirections Parameter Validation should handle negative coordinates" time="0">
    </testcase>
    <testcase classname="Navigation Functions openMapsWithAddress iOS Platform should open Apple Maps with address" name="Navigation Functions openMapsWithAddress iOS Platform should open Apple Maps with address" time="0.001">
    </testcase>
    <testcase classname="Navigation Functions openMapsWithAddress iOS Platform should handle special characters in address" name="Navigation Functions openMapsWithAddress iOS Platform should handle special characters in address" time="0">
    </testcase>
    <testcase classname="Navigation Functions openMapsWithAddress Android Platform should open Google Maps with address" name="Navigation Functions openMapsWithAddress Android Platform should open Google Maps with address" time="0.001">
    </testcase>
    <testcase classname="Navigation Functions openMapsWithAddress Android Platform should handle special characters in address" name="Navigation Functions openMapsWithAddress Android Platform should handle special characters in address" time="0">
    </testcase>
    <testcase classname="Navigation Functions openMapsWithAddress Web Platform should open Google Maps web with address" name="Navigation Functions openMapsWithAddress Web Platform should open Google Maps web with address" time="0">
    </testcase>
    <testcase classname="Navigation Functions openMapsWithAddress Web Platform should handle special characters in address" name="Navigation Functions openMapsWithAddress Web Platform should handle special characters in address" time="0">
    </testcase>
    <testcase classname="Navigation Functions openMapsWithAddress Windows Platform should open Google Maps web for Windows" name="Navigation Functions openMapsWithAddress Windows Platform should open Google Maps web for Windows" time="0">
    </testcase>
    <testcase classname="Navigation Functions openMapsWithAddress macOS Platform should open Google Maps web for macOS" name="Navigation Functions openMapsWithAddress macOS Platform should open Google Maps web for macOS" time="0">
    </testcase>
    <testcase classname="Navigation Functions openMapsWithAddress Fallback Behavior should use web fallback when canOpenURL returns false" name="Navigation Functions openMapsWithAddress Fallback Behavior should use web fallback when canOpenURL returns false" time="0">
    </testcase>
    <testcase classname="Navigation Functions openMapsWithAddress Fallback Behavior should handle unknown platform" name="Navigation Functions openMapsWithAddress Fallback Behavior should handle unknown platform" time="0.001">
    </testcase>
    <testcase classname="Navigation Functions openMapsWithAddress Error Handling should handle Linking.openURL errors" name="Navigation Functions openMapsWithAddress Error Handling should handle Linking.openURL errors" time="0">
    </testcase>
    <testcase classname="Navigation Functions openMapsWithAddress Error Handling should handle Linking.canOpenURL errors" name="Navigation Functions openMapsWithAddress Error Handling should handle Linking.canOpenURL errors" time="0">
    </testcase>
    <testcase classname="Navigation Functions openMapsWithAddress Parameter Validation should handle empty address" name="Navigation Functions openMapsWithAddress Parameter Validation should handle empty address" time="0.001">
    </testcase>
    <testcase classname="Navigation Functions openMapsWithAddress Parameter Validation should handle address with only spaces" name="Navigation Functions openMapsWithAddress Parameter Validation should handle address with only spaces" time="0">
    </testcase>
    <testcase classname="Navigation Functions openMapsWithAddress Parameter Validation should handle very long address" name="Navigation Functions openMapsWithAddress Parameter Validation should handle very long address" time="0">
    </testcase>
  </testsuite>
  <testsuite name="LocationService" errors="0" failures="0" skipped="0" timestamp="2025-07-16T04:47:04" time="0.122" tests="28">
    <testcase classname="LocationService Singleton Pattern should return the same instance when called multiple times" name="LocationService Singleton Pattern should return the same instance when called multiple times" time="0.001">
    </testcase>
    <testcase classname="LocationService Permission Requests should request both foreground and background permissions" name="LocationService Permission Requests should request both foreground and background permissions" time="0">
    </testcase>
    <testcase classname="LocationService Permission Requests should return false if foreground permission is denied" name="LocationService Permission Requests should return false if foreground permission is denied" time="0">
    </testcase>
    <testcase classname="LocationService Permission Requests should return false if background permission is denied" name="LocationService Permission Requests should return false if background permission is denied" time="0">
    </testcase>
    <testcase classname="LocationService Permission Requests should log permission status" name="LocationService Permission Requests should log permission status" time="0">
    </testcase>
    <testcase classname="LocationService Location Updates should start foreground location updates successfully" name="LocationService Location Updates should start foreground location updates successfully" time="0.001">
    </testcase>
    <testcase classname="LocationService Location Updates should throw error if permissions are not granted" name="LocationService Location Updates should throw error if permissions are not granted" time="0.032">
    </testcase>
    <testcase classname="LocationService Location Updates should register background task if background geolocation is enabled" name="LocationService Location Updates should register background task if background geolocation is enabled" time="0">
    </testcase>
    <testcase classname="LocationService Location Updates should not register background task if already registered" name="LocationService Location Updates should not register background task if already registered" time="0">
    </testcase>
    <testcase classname="LocationService Location Updates should handle location updates and send to store and API" name="LocationService Location Updates should handle location updates and send to store and API" time="0.001">
    </testcase>
    <testcase classname="LocationService Background Location Updates should start background updates when not already active" name="LocationService Background Location Updates should start background updates when not already active" time="0.001">
    </testcase>
    <testcase classname="LocationService Background Location Updates should not start background updates if already active" name="LocationService Background Location Updates should not start background updates if already active" time="0">
    </testcase>
    <testcase classname="LocationService Background Location Updates should not start background updates if disabled" name="LocationService Background Location Updates should not start background updates if disabled" time="0">
    </testcase>
    <testcase classname="LocationService Background Location Updates should stop background updates correctly" name="LocationService Background Location Updates should stop background updates correctly" time="0">
    </testcase>
    <testcase classname="LocationService Background Location Updates should handle background location updates and send to API" name="LocationService Background Location Updates should handle background location updates and send to API" time="0.001">
    </testcase>
    <testcase classname="LocationService API Integration should send location data to API with correct format" name="LocationService API Integration should send location data to API with correct format" time="0.001">
    </testcase>
    <testcase classname="LocationService API Integration should handle null values in location data" name="LocationService API Integration should handle null values in location data" time="0.003">
    </testcase>
    <testcase classname="LocationService API Integration should skip API call if no active unit is selected" name="LocationService API Integration should skip API call if no active unit is selected" time="0">
    </testcase>
    <testcase classname="LocationService API Integration should handle API errors gracefully" name="LocationService API Integration should handle API errors gracefully" time="0">
    </testcase>
    <testcase classname="LocationService API Integration should log successful API calls" name="LocationService API Integration should log successful API calls" time="0.012">
    </testcase>
    <testcase classname="LocationService Background Geolocation Setting Updates should enable background tracking and register task" name="LocationService Background Geolocation Setting Updates should enable background tracking and register task" time="0.001">
    </testcase>
    <testcase classname="LocationService Background Geolocation Setting Updates should disable background tracking and unregister task" name="LocationService Background Geolocation Setting Updates should disable background tracking and unregister task" time="0.001">
    </testcase>
    <testcase classname="LocationService Background Geolocation Setting Updates should start background updates if app is backgrounded when enabled" name="LocationService Background Geolocation Setting Updates should start background updates if app is backgrounded when enabled" time="0">
    </testcase>
    <testcase classname="LocationService Cleanup should stop all location updates" name="LocationService Cleanup should stop all location updates" time="0">
    </testcase>
    <testcase classname="LocationService Cleanup should cleanup app state subscription" name="LocationService Cleanup should cleanup app state subscription" time="0">
    </testcase>
    <testcase classname="LocationService Cleanup should handle cleanup when no subscription exists" name="LocationService Cleanup should handle cleanup when no subscription exists" time="0.001">
    </testcase>
    <testcase classname="LocationService Error Handling should handle location subscription errors" name="LocationService Error Handling should handle location subscription errors" time="0.004">
    </testcase>
    <testcase classname="LocationService Error Handling should handle background task registration errors" name="LocationService Error Handling should handle background task registration errors" time="0.001">
    </testcase>
  </testsuite>
  <testsuite name="PostHogService" errors="0" failures="0" skipped="0" timestamp="2025-07-16T04:47:05" time="0.056" tests="1">
    <testcase classname="PostHogService basic functionality should exist" name="PostHogService basic functionality should exist" time="0.001">
    </testcase>
  </testsuite>
  <testsuite name="useBackgroundGeolocation" errors="0" failures="0" skipped="0" timestamp="2025-07-16T04:47:05" time="0.041" tests="1">
    <testcase classname="useBackgroundGeolocation should be importable" name="useBackgroundGeolocation should be importable" time="0">
    </testcase>
  </testsuite>
  <testsuite name="FullScreenLocationPicker" errors="0" failures="0" skipped="0" timestamp="2025-07-16T04:47:05" time="0.045" tests="1">
    <testcase classname="FullScreenLocationPicker should be importable" name="FullScreenLocationPicker should be importable" time="0.001">
    </testcase>
  </testsuite>
  <testsuite name="Address Search Logic" errors="0" failures="0" skipped="0" timestamp="2025-07-16T04:47:05" time="0.061" tests="15">
    <testcase classname="Address Search Logic Input Validation should reject empty address string" name="Address Search Logic Input Validation should reject empty address string" time="0.001">
    </testcase>
    <testcase classname="Address Search Logic Input Validation should reject whitespace-only address string" name="Address Search Logic Input Validation should reject whitespace-only address string" time="0">
    </testcase>
    <testcase classname="Address Search Logic API Configuration should handle missing API key gracefully" name="Address Search Logic API Configuration should handle missing API key gracefully" time="0">
    </testcase>
    <testcase classname="Address Search Logic API Configuration should use correct API endpoint and parameters" name="Address Search Logic API Configuration should use correct API endpoint and parameters" time="0.001">
    </testcase>
    <testcase classname="Address Search Logic Geocoding Results should handle single geocoding result" name="Address Search Logic Geocoding Results should handle single geocoding result" time="0">
    </testcase>
    <testcase classname="Address Search Logic Geocoding Results should handle multiple geocoding results" name="Address Search Logic Geocoding Results should handle multiple geocoding results" time="0">
    </testcase>
    <testcase classname="Address Search Logic Geocoding Results should handle no results from geocoding API" name="Address Search Logic Geocoding Results should handle no results from geocoding API" time="0">
    </testcase>
    <testcase classname="Address Search Logic Geocoding Results should handle invalid status from geocoding API" name="Address Search Logic Geocoding Results should handle invalid status from geocoding API" time="0">
    </testcase>
    <testcase classname="Address Search Logic Error Handling should handle network errors gracefully" name="Address Search Logic Error Handling should handle network errors gracefully" time="0.001">
    </testcase>
    <testcase classname="Address Search Logic Error Handling should handle API timeout errors" name="Address Search Logic Error Handling should handle API timeout errors" time="0">
    </testcase>
    <testcase classname="Address Search Logic Error Handling should handle null config" name="Address Search Logic Error Handling should handle null config" time="0">
    </testcase>
    <testcase classname="Address Search Logic Address Encoding should properly encode special characters in addresses" name="Address Search Logic Address Encoding should properly encode special characters in addresses" time="0">
    </testcase>
    <testcase classname="Address Search Logic Address Encoding should handle addresses with unicode characters" name="Address Search Logic Address Encoding should handle addresses with unicode characters" time="0">
    </testcase>
    <testcase classname="Address Search Logic Data Structure Validation should validate geocoding result structure" name="Address Search Logic Data Structure Validation should validate geocoding result structure" time="0">
    </testcase>
    <testcase classname="Address Search Logic Integration Flow should complete entire geocoding flow successfully" name="Address Search Logic Integration Flow should complete entire geocoding flow successfully" time="0">
    </testcase>
  </testsuite>
  <testsuite name="useCallDetailMenu" errors="0" failures="0" skipped="0" timestamp="2025-07-16T04:47:04" time="0.122" tests="5">
    <testcase classname="useCallDetailMenu renders the header menu button" name="useCallDetailMenu renders the header menu button" time="0.039">
    </testcase>
    <testcase classname="useCallDetailMenu opens the action sheet when menu button is pressed" name="useCallDetailMenu opens the action sheet when menu button is pressed" time="0.005">
    </testcase>
    <testcase classname="useCallDetailMenu calls onEditCall when edit option is pressed" name="useCallDetailMenu calls onEditCall when edit option is pressed" time="0.017">
    </testcase>
    <testcase classname="useCallDetailMenu calls onCloseCall when close option is pressed" name="useCallDetailMenu calls onCloseCall when close option is pressed" time="0.003">
    </testcase>
    <testcase classname="useCallDetailMenu closes the action sheet after selecting an option" name="useCallDetailMenu closes the action sheet after selecting an option" time="0.004">
    </testcase>
  </testsuite>
  <testsuite name="Coordinates Search Logic" errors="0" failures="0" skipped="0" timestamp="2025-07-16T04:47:05" time="0.068" tests="20">
    <testcase classname="Coordinates Search Logic Input Validation should reject empty coordinates string" name="Coordinates Search Logic Input Validation should reject empty coordinates string" time="0.001">
    </testcase>
    <testcase classname="Coordinates Search Logic Input Validation should reject whitespace-only coordinates string" name="Coordinates Search Logic Input Validation should reject whitespace-only coordinates string" time="0">
    </testcase>
    <testcase classname="Coordinates Search Logic Input Validation should reject invalid coordinate format" name="Coordinates Search Logic Input Validation should reject invalid coordinate format" time="0">
    </testcase>
    <testcase classname="Coordinates Search Logic Input Validation should reject coordinates out of range" name="Coordinates Search Logic Input Validation should reject coordinates out of range" time="0.001">
    </testcase>
    <testcase classname="Coordinates Search Logic Input Validation should accept valid coordinate formats" name="Coordinates Search Logic Input Validation should accept valid coordinate formats" time="0">
    </testcase>
    <testcase classname="Coordinates Search Logic Coordinate Parsing should parse coordinates with various decimal places" name="Coordinates Search Logic Coordinate Parsing should parse coordinates with various decimal places" time="0.001">
    </testcase>
    <testcase classname="Coordinates Search Logic Coordinate Parsing should handle negative coordinates correctly" name="Coordinates Search Logic Coordinate Parsing should handle negative coordinates correctly" time="0">
    </testcase>
    <testcase classname="Coordinates Search Logic Coordinate Parsing should handle boundary coordinate values" name="Coordinates Search Logic Coordinate Parsing should handle boundary coordinate values" time="0">
    </testcase>
    <testcase classname="Coordinates Search Logic API Configuration should handle missing API key gracefully" name="Coordinates Search Logic API Configuration should handle missing API key gracefully" time="0">
    </testcase>
    <testcase classname="Coordinates Search Logic API Configuration should handle null config gracefully" name="Coordinates Search Logic API Configuration should handle null config gracefully" time="0">
    </testcase>
    <testcase classname="Coordinates Search Logic API Configuration should use correct API endpoint and parameters" name="Coordinates Search Logic API Configuration should use correct API endpoint and parameters" time="0.001">
    </testcase>
    <testcase classname="Coordinates Search Logic Reverse Geocoding Results should handle successful reverse geocoding" name="Coordinates Search Logic Reverse Geocoding Results should handle successful reverse geocoding" time="0">
    </testcase>
    <testcase classname="Coordinates Search Logic Reverse Geocoding Results should handle no results from reverse geocoding API" name="Coordinates Search Logic Reverse Geocoding Results should handle no results from reverse geocoding API" time="0">
    </testcase>
    <testcase classname="Coordinates Search Logic Reverse Geocoding Results should handle invalid status from reverse geocoding API" name="Coordinates Search Logic Reverse Geocoding Results should handle invalid status from reverse geocoding API" time="0">
    </testcase>
    <testcase classname="Coordinates Search Logic Error Handling should handle network errors gracefully" name="Coordinates Search Logic Error Handling should handle network errors gracefully" time="0">
    </testcase>
    <testcase classname="Coordinates Search Logic Error Handling should handle API timeout errors" name="Coordinates Search Logic Error Handling should handle API timeout errors" time="0">
    </testcase>
    <testcase classname="Coordinates Search Logic Error Handling should handle API rate limit errors" name="Coordinates Search Logic Error Handling should handle API rate limit errors" time="0.001">
    </testcase>
    <testcase classname="Coordinates Search Logic Edge Cases should handle coordinates with extreme precision" name="Coordinates Search Logic Edge Cases should handle coordinates with extreme precision" time="0.001">
    </testcase>
    <testcase classname="Coordinates Search Logic Edge Cases should handle coordinates with no decimal places" name="Coordinates Search Logic Edge Cases should handle coordinates with no decimal places" time="0">
    </testcase>
    <testcase classname="Coordinates Search Logic Edge Cases should handle coordinates with mixed spacing" name="Coordinates Search Logic Edge Cases should handle coordinates with mixed spacing" time="0.001">
    </testcase>
  </testsuite>
  <testsuite name="SidebarStatusCard" errors="0" failures="0" skipped="0" timestamp="2025-07-16T04:47:04" time="0.349" tests="21">
    <testcase classname="SidebarStatusCard should render with unknown status when activeUnitStatus is null" name="SidebarStatusCard should render with unknown status when activeUnitStatus is null" time="0.072">
    </testcase>
    <testcase classname="SidebarStatusCard should render with unknown status when activeUnitStatus is undefined" name="SidebarStatusCard should render with unknown status when activeUnitStatus is undefined" time="0.026">
    </testcase>
    <testcase classname="SidebarStatusCard should render the correct status text" name="SidebarStatusCard should render the correct status text" time="0.01">
    </testcase>
    <testcase classname="SidebarStatusCard should render status with empty string when State is missing" name="SidebarStatusCard should render status with empty string when State is missing" time="0.01">
    </testcase>
    <testcase classname="SidebarStatusCard Color mapping should apply correct color for danger status" name="SidebarStatusCard Color mapping should apply correct color for danger status" time="0.006">
    </testcase>
    <testcase classname="SidebarStatusCard Color mapping should apply correct color for info status" name="SidebarStatusCard Color mapping should apply correct color for info status" time="0.004">
    </testcase>
    <testcase classname="SidebarStatusCard Color mapping should apply correct color for warning status" name="SidebarStatusCard Color mapping should apply correct color for warning status" time="0.002">
    </testcase>
    <testcase classname="SidebarStatusCard Color mapping should apply correct color for success status" name="SidebarStatusCard Color mapping should apply correct color for success status" time="0.002">
    </testcase>
    <testcase classname="SidebarStatusCard Color mapping should apply correct color for onscene status" name="SidebarStatusCard Color mapping should apply correct color for onscene status" time="0.002">
    </testcase>
    <testcase classname="SidebarStatusCard Color mapping should apply correct color for primary status" name="SidebarStatusCard Color mapping should apply correct color for primary status" time="0.002">
    </testcase>
    <testcase classname="SidebarStatusCard Color mapping should apply correct color for returning status" name="SidebarStatusCard Color mapping should apply correct color for returning status" time="0.006">
    </testcase>
    <testcase classname="SidebarStatusCard Color mapping should apply correct color for default status" name="SidebarStatusCard Color mapping should apply correct color for default status" time="0.002">
    </testcase>
    <testcase classname="SidebarStatusCard Color mapping should apply correct color for enroute status" name="SidebarStatusCard Color mapping should apply correct color for enroute status" time="0.002">
    </testcase>
    <testcase classname="SidebarStatusCard Color mapping should handle unknown status styles by keeping original value" name="SidebarStatusCard Color mapping should handle unknown status styles by keeping original value" time="0.004">
    </testcase>
    <testcase classname="SidebarStatusCard Color mapping should handle empty StateStyle by using empty string" name="SidebarStatusCard Color mapping should handle empty StateStyle by using empty string" time="0.016">
    </testcase>
    <testcase classname="SidebarStatusCard Status updates should re-render when activeUnitStatus changes" name="SidebarStatusCard Status updates should re-render when activeUnitStatus changes" time="0.009">
    </testcase>
    <testcase classname="SidebarStatusCard Status updates should handle transition from null to valid status" name="SidebarStatusCard Status updates should handle transition from null to valid status" time="0.002">
    </testcase>
    <testcase classname="SidebarStatusCard Status updates should handle transition from valid status to null" name="SidebarStatusCard Status updates should handle transition from valid status to null" time="0.001">
    </testcase>
    <testcase classname="SidebarStatusCard Edge cases should handle status with special characters" name="SidebarStatusCard Edge cases should handle status with special characters" time="0.001">
    </testcase>
    <testcase classname="SidebarStatusCard Edge cases should handle very long status text" name="SidebarStatusCard Edge cases should handle very long status text" time="0">
    </testcase>
    <testcase classname="SidebarStatusCard Edge cases should handle null StateStyle gracefully" name="SidebarStatusCard Edge cases should handle null StateStyle gracefully" time="0">
    </testcase>
  </testsuite>
  <testsuite name="PostHogProviderWrapper" errors="0" failures="0" skipped="0" timestamp="2025-07-16T04:47:04" time="0.102" tests="4">
    <testcase classname="PostHogProviderWrapper renders children correctly" name="PostHogProviderWrapper renders children correctly" time="0.019">
    </testcase>
    <testcase classname="PostHogProviderWrapper renders with navigation ref" name="PostHogProviderWrapper renders with navigation ref" time="0.001">
    </testcase>
    <testcase classname="PostHogProviderWrapper renders with different configuration" name="PostHogProviderWrapper renders with different configuration" time="0">
    </testcase>
    <testcase classname="PostHogProviderWrapper handles component unmounting" name="PostHogProviderWrapper handles component unmounting" time="0.001">
    </testcase>
  </testsuite>
  <testsuite name="AudioService" errors="0" failures="0" skipped="0" timestamp="2025-07-16T04:47:05" time="0.025" tests="3">
    <testcase classname="AudioService should play connection sound" name="AudioService should play connection sound" time="0.001">
    </testcase>
    <testcase classname="AudioService should play disconnection sound" name="AudioService should play disconnection sound" time="0">
    </testcase>
    <testcase classname="AudioService should handle cleanup without errors" name="AudioService should handle cleanup without errors" time="0">
    </testcase>
  </testsuite>
  <testsuite name="App Initialization Logic" errors="0" failures="0" skipped="0" timestamp="2025-07-16T04:47:04" time="0.103" tests="1">
    <testcase classname="App Initialization Logic Initialization Conditions should check initialization conditions correctly" name="App Initialization Logic Initialization Conditions should check initialization conditions correctly" time="0.001">
    </testcase>
  </testsuite>
</testsuites>